ARM GAS  C:\Users\ADMINI~1\AppData\Local\Temp\ccG8frn5.s 			page 1


   1              		.cpu cortex-m0
   2              		.fpu softvfp
   3              		.eabi_attribute 20, 1
   4              		.eabi_attribute 21, 1
   5              		.eabi_attribute 23, 3
   6              		.eabi_attribute 24, 1
   7              		.eabi_attribute 25, 1
   8              		.eabi_attribute 26, 1
   9              		.eabi_attribute 30, 1
  10              		.eabi_attribute 34, 0
  11              		.eabi_attribute 18, 4
  12              		.code	16
  13              		.file	"cyfitter_cfg.c"
  14              		.text
  15              	.Ltext0:
  16              		.cfi_sections	.debug_frame
  17              		.section	.text.AnalogSetDefault,"ax",%progbits
  18              		.align	2
  19              		.code	16
  20              		.thumb_func
  21              		.type	AnalogSetDefault, %function
  22              	AnalogSetDefault:
  23              	.LFB6:
  24              		.file 1 ".\\Generated_Source\\PSoC4\\cyfitter_cfg.c"
   1:.\Generated_Source\PSoC4/cyfitter_cfg.c **** /*******************************************************************************
   2:.\Generated_Source\PSoC4/cyfitter_cfg.c **** * File Name: cyfitter_cfg.c
   3:.\Generated_Source\PSoC4/cyfitter_cfg.c **** * 
   4:.\Generated_Source\PSoC4/cyfitter_cfg.c **** * PSoC Creator  3.3 SP1
   5:.\Generated_Source\PSoC4/cyfitter_cfg.c **** *
   6:.\Generated_Source\PSoC4/cyfitter_cfg.c **** * Description:
   7:.\Generated_Source\PSoC4/cyfitter_cfg.c **** * This file contains device initialization code.
   8:.\Generated_Source\PSoC4/cyfitter_cfg.c **** * Except for the user defined sections in CyClockStartupError(), this file should not be modified.
   9:.\Generated_Source\PSoC4/cyfitter_cfg.c **** * This file is automatically generated by PSoC Creator.
  10:.\Generated_Source\PSoC4/cyfitter_cfg.c **** *
  11:.\Generated_Source\PSoC4/cyfitter_cfg.c **** ********************************************************************************
  12:.\Generated_Source\PSoC4/cyfitter_cfg.c **** * Copyright (c) 2007-2015 Cypress Semiconductor.  All rights reserved.
  13:.\Generated_Source\PSoC4/cyfitter_cfg.c **** * You may use this file only in accordance with the license, terms, conditions, 
  14:.\Generated_Source\PSoC4/cyfitter_cfg.c **** * disclaimers, and limitations in the end user license agreement accompanying 
  15:.\Generated_Source\PSoC4/cyfitter_cfg.c **** * the software package with which this file was provided.
  16:.\Generated_Source\PSoC4/cyfitter_cfg.c **** ********************************************************************************/
  17:.\Generated_Source\PSoC4/cyfitter_cfg.c **** 
  18:.\Generated_Source\PSoC4/cyfitter_cfg.c **** #include <string.h>
  19:.\Generated_Source\PSoC4/cyfitter_cfg.c **** #include "cytypes.h"
  20:.\Generated_Source\PSoC4/cyfitter_cfg.c **** #include "cydevice_trm.h"
  21:.\Generated_Source\PSoC4/cyfitter_cfg.c **** #include "cyfitter.h"
  22:.\Generated_Source\PSoC4/cyfitter_cfg.c **** #include "CyLib.h"
  23:.\Generated_Source\PSoC4/cyfitter_cfg.c **** #include "cyfitter_cfg.h"
  24:.\Generated_Source\PSoC4/cyfitter_cfg.c **** 
  25:.\Generated_Source\PSoC4/cyfitter_cfg.c **** 
  26:.\Generated_Source\PSoC4/cyfitter_cfg.c **** #if defined(__GNUC__) || defined(__ARMCC_VERSION)
  27:.\Generated_Source\PSoC4/cyfitter_cfg.c ****     #define CYPACKED 
  28:.\Generated_Source\PSoC4/cyfitter_cfg.c ****     #define CYPACKED_ATTR __attribute__ ((packed))
  29:.\Generated_Source\PSoC4/cyfitter_cfg.c ****     #define CYALIGNED __attribute__ ((aligned))
  30:.\Generated_Source\PSoC4/cyfitter_cfg.c ****     #define CY_CFG_UNUSED __attribute__ ((unused))
  31:.\Generated_Source\PSoC4/cyfitter_cfg.c ****     #ifndef CY_CFG_SECTION
  32:.\Generated_Source\PSoC4/cyfitter_cfg.c ****         #define CY_CFG_SECTION __attribute__ ((section(".psocinit")))
  33:.\Generated_Source\PSoC4/cyfitter_cfg.c ****     #endif
ARM GAS  C:\Users\ADMINI~1\AppData\Local\Temp\ccG8frn5.s 			page 2


  34:.\Generated_Source\PSoC4/cyfitter_cfg.c ****     
  35:.\Generated_Source\PSoC4/cyfitter_cfg.c ****     #if defined(__ARMCC_VERSION)
  36:.\Generated_Source\PSoC4/cyfitter_cfg.c ****         #define CY_CFG_MEMORY_BARRIER() __memory_changed()
  37:.\Generated_Source\PSoC4/cyfitter_cfg.c ****     #else
  38:.\Generated_Source\PSoC4/cyfitter_cfg.c ****         #define CY_CFG_MEMORY_BARRIER() __sync_synchronize()
  39:.\Generated_Source\PSoC4/cyfitter_cfg.c ****     #endif
  40:.\Generated_Source\PSoC4/cyfitter_cfg.c ****     
  41:.\Generated_Source\PSoC4/cyfitter_cfg.c **** #elif defined(__ICCARM__)
  42:.\Generated_Source\PSoC4/cyfitter_cfg.c ****     #include <intrinsics.h>
  43:.\Generated_Source\PSoC4/cyfitter_cfg.c **** 
  44:.\Generated_Source\PSoC4/cyfitter_cfg.c ****     #define CYPACKED __packed
  45:.\Generated_Source\PSoC4/cyfitter_cfg.c ****     #define CYPACKED_ATTR 
  46:.\Generated_Source\PSoC4/cyfitter_cfg.c ****     #define CYALIGNED _Pragma("data_alignment=4")
  47:.\Generated_Source\PSoC4/cyfitter_cfg.c ****     #define CY_CFG_UNUSED _Pragma("diag_suppress=Pe177")
  48:.\Generated_Source\PSoC4/cyfitter_cfg.c ****     #define CY_CFG_SECTION _Pragma("location=\".psocinit\"")
  49:.\Generated_Source\PSoC4/cyfitter_cfg.c ****     
  50:.\Generated_Source\PSoC4/cyfitter_cfg.c ****     #define CY_CFG_MEMORY_BARRIER() __DMB()
  51:.\Generated_Source\PSoC4/cyfitter_cfg.c ****     
  52:.\Generated_Source\PSoC4/cyfitter_cfg.c **** #else
  53:.\Generated_Source\PSoC4/cyfitter_cfg.c ****     #error Unsupported toolchain
  54:.\Generated_Source\PSoC4/cyfitter_cfg.c **** #endif
  55:.\Generated_Source\PSoC4/cyfitter_cfg.c **** 
  56:.\Generated_Source\PSoC4/cyfitter_cfg.c **** 
  57:.\Generated_Source\PSoC4/cyfitter_cfg.c **** CY_CFG_UNUSED
  58:.\Generated_Source\PSoC4/cyfitter_cfg.c **** static void CYMEMZERO(void *s, size_t n);
  59:.\Generated_Source\PSoC4/cyfitter_cfg.c **** CY_CFG_UNUSED
  60:.\Generated_Source\PSoC4/cyfitter_cfg.c **** static void CYMEMZERO(void *s, size_t n)
  61:.\Generated_Source\PSoC4/cyfitter_cfg.c **** {
  62:.\Generated_Source\PSoC4/cyfitter_cfg.c **** 	(void)memset(s, 0, n);
  63:.\Generated_Source\PSoC4/cyfitter_cfg.c **** }
  64:.\Generated_Source\PSoC4/cyfitter_cfg.c **** CY_CFG_UNUSED
  65:.\Generated_Source\PSoC4/cyfitter_cfg.c **** static void CYCONFIGCPY(void *dest, const void *src, size_t n);
  66:.\Generated_Source\PSoC4/cyfitter_cfg.c **** CY_CFG_UNUSED
  67:.\Generated_Source\PSoC4/cyfitter_cfg.c **** static void CYCONFIGCPY(void *dest, const void *src, size_t n)
  68:.\Generated_Source\PSoC4/cyfitter_cfg.c **** {
  69:.\Generated_Source\PSoC4/cyfitter_cfg.c **** 	(void)memcpy(dest, src, n);
  70:.\Generated_Source\PSoC4/cyfitter_cfg.c **** }
  71:.\Generated_Source\PSoC4/cyfitter_cfg.c **** CY_CFG_UNUSED
  72:.\Generated_Source\PSoC4/cyfitter_cfg.c **** static void CYCONFIGCPYCODE(void *dest, const void *src, size_t n);
  73:.\Generated_Source\PSoC4/cyfitter_cfg.c **** CY_CFG_UNUSED
  74:.\Generated_Source\PSoC4/cyfitter_cfg.c **** static void CYCONFIGCPYCODE(void *dest, const void *src, size_t n)
  75:.\Generated_Source\PSoC4/cyfitter_cfg.c **** {
  76:.\Generated_Source\PSoC4/cyfitter_cfg.c **** 	(void)memcpy(dest, src, n);
  77:.\Generated_Source\PSoC4/cyfitter_cfg.c **** }
  78:.\Generated_Source\PSoC4/cyfitter_cfg.c **** 
  79:.\Generated_Source\PSoC4/cyfitter_cfg.c **** 
  80:.\Generated_Source\PSoC4/cyfitter_cfg.c **** 
  81:.\Generated_Source\PSoC4/cyfitter_cfg.c **** /* Clock startup error codes                                                   */
  82:.\Generated_Source\PSoC4/cyfitter_cfg.c **** #define CYCLOCKSTART_NO_ERROR    0u
  83:.\Generated_Source\PSoC4/cyfitter_cfg.c **** #define CYCLOCKSTART_XTAL_ERROR  1u
  84:.\Generated_Source\PSoC4/cyfitter_cfg.c **** #define CYCLOCKSTART_32KHZ_ERROR 2u
  85:.\Generated_Source\PSoC4/cyfitter_cfg.c **** #define CYCLOCKSTART_PLL_ERROR   3u
  86:.\Generated_Source\PSoC4/cyfitter_cfg.c **** 
  87:.\Generated_Source\PSoC4/cyfitter_cfg.c **** #ifdef CY_NEED_CYCLOCKSTARTUPERROR
  88:.\Generated_Source\PSoC4/cyfitter_cfg.c **** /*******************************************************************************
  89:.\Generated_Source\PSoC4/cyfitter_cfg.c **** * Function Name: CyClockStartupError
  90:.\Generated_Source\PSoC4/cyfitter_cfg.c **** ********************************************************************************
ARM GAS  C:\Users\ADMINI~1\AppData\Local\Temp\ccG8frn5.s 			page 3


  91:.\Generated_Source\PSoC4/cyfitter_cfg.c **** * Summary:
  92:.\Generated_Source\PSoC4/cyfitter_cfg.c **** *  If an error is encountered during clock configuration (crystal startup error,
  93:.\Generated_Source\PSoC4/cyfitter_cfg.c **** *  PLL lock error, etc.), the system will end up here.  Unless reimplemented by
  94:.\Generated_Source\PSoC4/cyfitter_cfg.c **** *  the customer, this function will stop in an infinite loop.
  95:.\Generated_Source\PSoC4/cyfitter_cfg.c **** *
  96:.\Generated_Source\PSoC4/cyfitter_cfg.c **** * Parameters:
  97:.\Generated_Source\PSoC4/cyfitter_cfg.c **** *   void
  98:.\Generated_Source\PSoC4/cyfitter_cfg.c **** *
  99:.\Generated_Source\PSoC4/cyfitter_cfg.c **** * Return:
 100:.\Generated_Source\PSoC4/cyfitter_cfg.c **** *   void
 101:.\Generated_Source\PSoC4/cyfitter_cfg.c **** *
 102:.\Generated_Source\PSoC4/cyfitter_cfg.c **** *******************************************************************************/
 103:.\Generated_Source\PSoC4/cyfitter_cfg.c **** CY_CFG_UNUSED
 104:.\Generated_Source\PSoC4/cyfitter_cfg.c **** static void CyClockStartupError(uint8 errorCode);
 105:.\Generated_Source\PSoC4/cyfitter_cfg.c **** CY_CFG_UNUSED
 106:.\Generated_Source\PSoC4/cyfitter_cfg.c **** static void CyClockStartupError(uint8 errorCode)
 107:.\Generated_Source\PSoC4/cyfitter_cfg.c **** {
 108:.\Generated_Source\PSoC4/cyfitter_cfg.c ****     /* To remove the compiler warning if errorCode not used.                */
 109:.\Generated_Source\PSoC4/cyfitter_cfg.c ****     errorCode = errorCode;
 110:.\Generated_Source\PSoC4/cyfitter_cfg.c **** 
 111:.\Generated_Source\PSoC4/cyfitter_cfg.c ****     /* `#START CyClockStartupError` */
 112:.\Generated_Source\PSoC4/cyfitter_cfg.c **** 
 113:.\Generated_Source\PSoC4/cyfitter_cfg.c ****     /* If we have a clock startup error (bad MHz crystal, PLL lock, etc.),  */
 114:.\Generated_Source\PSoC4/cyfitter_cfg.c ****     /* we will end up here to allow the customer to implement something to  */
 115:.\Generated_Source\PSoC4/cyfitter_cfg.c ****     /* deal with the clock condition.                                       */
 116:.\Generated_Source\PSoC4/cyfitter_cfg.c **** 
 117:.\Generated_Source\PSoC4/cyfitter_cfg.c ****     /* `#END` */
 118:.\Generated_Source\PSoC4/cyfitter_cfg.c **** 
 119:.\Generated_Source\PSoC4/cyfitter_cfg.c ****     /* If nothing else, stop here since the clocks have not started         */
 120:.\Generated_Source\PSoC4/cyfitter_cfg.c ****     /* correctly.                                                           */
 121:.\Generated_Source\PSoC4/cyfitter_cfg.c ****     while(1) {}
 122:.\Generated_Source\PSoC4/cyfitter_cfg.c **** }
 123:.\Generated_Source\PSoC4/cyfitter_cfg.c **** #endif
 124:.\Generated_Source\PSoC4/cyfitter_cfg.c **** 
 125:.\Generated_Source\PSoC4/cyfitter_cfg.c **** 
 126:.\Generated_Source\PSoC4/cyfitter_cfg.c **** 
 127:.\Generated_Source\PSoC4/cyfitter_cfg.c **** /*******************************************************************************
 128:.\Generated_Source\PSoC4/cyfitter_cfg.c **** * Function Name: ClockSetup
 129:.\Generated_Source\PSoC4/cyfitter_cfg.c **** ********************************************************************************
 130:.\Generated_Source\PSoC4/cyfitter_cfg.c **** *
 131:.\Generated_Source\PSoC4/cyfitter_cfg.c **** * Summary:
 132:.\Generated_Source\PSoC4/cyfitter_cfg.c **** *   Performs the initialization of all of the clocks in the device based on the
 133:.\Generated_Source\PSoC4/cyfitter_cfg.c **** *   settings in the Clock tab of the DWR.  This includes enabling the requested
 134:.\Generated_Source\PSoC4/cyfitter_cfg.c **** *   clocks and setting the necessary dividers to produce the desired frequency. 
 135:.\Generated_Source\PSoC4/cyfitter_cfg.c **** *
 136:.\Generated_Source\PSoC4/cyfitter_cfg.c **** * Parameters:
 137:.\Generated_Source\PSoC4/cyfitter_cfg.c **** *   void
 138:.\Generated_Source\PSoC4/cyfitter_cfg.c **** *
 139:.\Generated_Source\PSoC4/cyfitter_cfg.c **** * Return:
 140:.\Generated_Source\PSoC4/cyfitter_cfg.c **** *   void
 141:.\Generated_Source\PSoC4/cyfitter_cfg.c **** *
 142:.\Generated_Source\PSoC4/cyfitter_cfg.c **** *******************************************************************************/
 143:.\Generated_Source\PSoC4/cyfitter_cfg.c **** static void ClockSetup(void);
 144:.\Generated_Source\PSoC4/cyfitter_cfg.c **** CY_CFG_SECTION
 145:.\Generated_Source\PSoC4/cyfitter_cfg.c **** static void ClockSetup(void)
 146:.\Generated_Source\PSoC4/cyfitter_cfg.c **** {
 147:.\Generated_Source\PSoC4/cyfitter_cfg.c **** 
ARM GAS  C:\Users\ADMINI~1\AppData\Local\Temp\ccG8frn5.s 			page 4


 148:.\Generated_Source\PSoC4/cyfitter_cfg.c **** 	/* Set Flash Cycles based on max possible frequency in case a glitch occurs during ClockSetup(). *
 149:.\Generated_Source\PSoC4/cyfitter_cfg.c **** 	CY_SET_REG32((void CYXDATA *)(CYREG_CPUSS_FLASH_CTL), (0x0012u));
 150:.\Generated_Source\PSoC4/cyfitter_cfg.c **** 
 151:.\Generated_Source\PSoC4/cyfitter_cfg.c **** 	/* Start the WCO */
 152:.\Generated_Source\PSoC4/cyfitter_cfg.c **** 	CySysClkWcoStart();
 153:.\Generated_Source\PSoC4/cyfitter_cfg.c **** 	CyDelayCycles(12000000u); /* WCO may take up to 500ms to start */
 154:.\Generated_Source\PSoC4/cyfitter_cfg.c **** 	(void)CySysClkWcoSetPowerMode(CY_SYS_CLK_WCO_LPM);    /* Switch to the low power mode */
 155:.\Generated_Source\PSoC4/cyfitter_cfg.c **** 
 156:.\Generated_Source\PSoC4/cyfitter_cfg.c **** 	/* Setup and trim IMO based on desired frequency. */
 157:.\Generated_Source\PSoC4/cyfitter_cfg.c **** 	CySysClkWriteImoFreq(48u);
 158:.\Generated_Source\PSoC4/cyfitter_cfg.c **** 	/* CYDEV_CLK_ILO_CONFIG Starting address: CYDEV_CLK_ILO_CONFIG */
 159:.\Generated_Source\PSoC4/cyfitter_cfg.c **** 	CY_SET_XTND_REG32((void CYFAR *)(CYREG_CLK_ILO_CONFIG), 0x80000006u);
 160:.\Generated_Source\PSoC4/cyfitter_cfg.c **** 
 161:.\Generated_Source\PSoC4/cyfitter_cfg.c **** 	/* CYDEV_WDT_CONFIG Starting address: CYDEV_WDT_CONFIG */
 162:.\Generated_Source\PSoC4/cyfitter_cfg.c **** 	CY_SET_XTND_REG32((void CYFAR *)(CYREG_WDT_CONFIG), 0x40000000u);
 163:.\Generated_Source\PSoC4/cyfitter_cfg.c **** 
 164:.\Generated_Source\PSoC4/cyfitter_cfg.c **** 
 165:.\Generated_Source\PSoC4/cyfitter_cfg.c **** 	/* Enable fast start mode for XO */
 166:.\Generated_Source\PSoC4/cyfitter_cfg.c **** 	CY_SET_REG32((void*)CYREG_BLE_BLERD_BB_XO, CY_GET_REG32((void*)CYREG_BLE_BLERD_BB_XO) | (uint32)0x
 167:.\Generated_Source\PSoC4/cyfitter_cfg.c **** 	CY_SET_XTND_REG32((void CYFAR *)(CYREG_BLE_BLERD_BB_XO_CAPTRIM), 0x00003E2Du);
 168:.\Generated_Source\PSoC4/cyfitter_cfg.c **** 	/* Disable Crystal Stable Interrupt before enabling ECO */
 169:.\Generated_Source\PSoC4/cyfitter_cfg.c **** 	CY_SET_REG32((void*)CYREG_BLE_BLESS_LL_DSM_CTRL, CY_GET_REG32((void*)CYREG_BLE_BLESS_LL_DSM_CTRL) 
 170:.\Generated_Source\PSoC4/cyfitter_cfg.c **** 	/* Start the ECO and do not check status since it is not needed for HFCLK */
 171:.\Generated_Source\PSoC4/cyfitter_cfg.c **** 	(void)CySysClkEcoStart(2000u);
 172:.\Generated_Source\PSoC4/cyfitter_cfg.c **** 	CyDelayUs(1500u); /* Wait to stabalize */
 173:.\Generated_Source\PSoC4/cyfitter_cfg.c **** 
 174:.\Generated_Source\PSoC4/cyfitter_cfg.c **** 	/* Setup phase aligned clocks */
 175:.\Generated_Source\PSoC4/cyfitter_cfg.c **** 	CY_SET_REG32((void *)CYREG_PERI_DIV_16_CTL0, 0x00002200u);
 176:.\Generated_Source\PSoC4/cyfitter_cfg.c **** 	CY_SET_REG32((void *)CYREG_PERI_DIV_CMD, 0x8000FF40u);
 177:.\Generated_Source\PSoC4/cyfitter_cfg.c **** 
 178:.\Generated_Source\PSoC4/cyfitter_cfg.c **** 	/* CYDEV_CLK_IMO_CONFIG Starting address: CYDEV_CLK_IMO_CONFIG */
 179:.\Generated_Source\PSoC4/cyfitter_cfg.c **** 	CY_SET_XTND_REG32((void CYFAR *)(CYREG_CLK_IMO_CONFIG), 0x80000000u);
 180:.\Generated_Source\PSoC4/cyfitter_cfg.c **** 
 181:.\Generated_Source\PSoC4/cyfitter_cfg.c **** 	/* CYDEV_CLK_SELECT Starting address: CYDEV_CLK_SELECT */
 182:.\Generated_Source\PSoC4/cyfitter_cfg.c **** 	CY_SET_XTND_REG32((void CYFAR *)(CYREG_CLK_SELECT), 0x00040000u);
 183:.\Generated_Source\PSoC4/cyfitter_cfg.c **** 
 184:.\Generated_Source\PSoC4/cyfitter_cfg.c **** 	/* CYDEV_PERI_PCLK_CTL1 Starting address: CYDEV_PERI_PCLK_CTL1 */
 185:.\Generated_Source\PSoC4/cyfitter_cfg.c **** 	CY_SET_XTND_REG32((void CYFAR *)(CYREG_PERI_PCLK_CTL1), 0x00000040u);
 186:.\Generated_Source\PSoC4/cyfitter_cfg.c **** 
 187:.\Generated_Source\PSoC4/cyfitter_cfg.c **** 	CY_SET_XTND_REG32((void CYFAR *)(CYREG_WDT_CONFIG), 0x40000000u);
 188:.\Generated_Source\PSoC4/cyfitter_cfg.c **** }
 189:.\Generated_Source\PSoC4/cyfitter_cfg.c **** 
 190:.\Generated_Source\PSoC4/cyfitter_cfg.c **** 
 191:.\Generated_Source\PSoC4/cyfitter_cfg.c **** /* Analog API Functions */
 192:.\Generated_Source\PSoC4/cyfitter_cfg.c **** 
 193:.\Generated_Source\PSoC4/cyfitter_cfg.c **** 
 194:.\Generated_Source\PSoC4/cyfitter_cfg.c **** /*******************************************************************************
 195:.\Generated_Source\PSoC4/cyfitter_cfg.c **** * Function Name: AnalogSetDefault
 196:.\Generated_Source\PSoC4/cyfitter_cfg.c **** ********************************************************************************
 197:.\Generated_Source\PSoC4/cyfitter_cfg.c **** *
 198:.\Generated_Source\PSoC4/cyfitter_cfg.c **** * Summary:
 199:.\Generated_Source\PSoC4/cyfitter_cfg.c **** *  Sets up the analog portions of the chip to default values based on chip
 200:.\Generated_Source\PSoC4/cyfitter_cfg.c **** *  configuration options from the project.
 201:.\Generated_Source\PSoC4/cyfitter_cfg.c **** *
 202:.\Generated_Source\PSoC4/cyfitter_cfg.c **** * Parameters:
 203:.\Generated_Source\PSoC4/cyfitter_cfg.c **** *  void
 204:.\Generated_Source\PSoC4/cyfitter_cfg.c **** *
ARM GAS  C:\Users\ADMINI~1\AppData\Local\Temp\ccG8frn5.s 			page 5


 205:.\Generated_Source\PSoC4/cyfitter_cfg.c **** * Return:
 206:.\Generated_Source\PSoC4/cyfitter_cfg.c **** *  void
 207:.\Generated_Source\PSoC4/cyfitter_cfg.c **** *
 208:.\Generated_Source\PSoC4/cyfitter_cfg.c **** *******************************************************************************/
 209:.\Generated_Source\PSoC4/cyfitter_cfg.c **** static void AnalogSetDefault(void);
 210:.\Generated_Source\PSoC4/cyfitter_cfg.c **** static void AnalogSetDefault(void)
 211:.\Generated_Source\PSoC4/cyfitter_cfg.c **** {
  25              		.loc 1 211 0
  26              		.cfi_startproc
 212:.\Generated_Source\PSoC4/cyfitter_cfg.c **** 	CY_SET_XTND_REG32((void CYFAR *)CYREG_CTBM0_DFT_CTRL, 0x00000003u);
  27              		.loc 1 212 0
  28 0000 0323     		mov	r3, #3
  29 0002 044A     		ldr	r2, .L2
  30 0004 1360     		str	r3, [r2]
 213:.\Generated_Source\PSoC4/cyfitter_cfg.c **** 	CY_SET_XTND_REG32((void CYFAR *)CYREG_CTBM1_DFT_CTRL, 0x00000003u);
  31              		.loc 1 213 0
  32 0006 044A     		ldr	r2, .L2+4
  33 0008 1360     		str	r3, [r2]
 214:.\Generated_Source\PSoC4/cyfitter_cfg.c **** 	CY_SET_XTND_REG32((void CYFAR *)CYREG_PASS_DSAB_DSAB_CTRL, 0x00000000u);
  34              		.loc 1 214 0
  35 000a 0022     		mov	r2, #0
  36 000c 034B     		ldr	r3, .L2+8
  37 000e 1A60     		str	r2, [r3]
 215:.\Generated_Source\PSoC4/cyfitter_cfg.c **** }
  38              		.loc 1 215 0
  39              		@ sp needed
  40 0010 7047     		bx	lr
  41              	.L3:
  42 0012 C046     		.align	2
  43              	.L2:
  44 0014 30003040 		.word	1076887600
  45 0018 30003140 		.word	1076953136
  46 001c 000E3F40 		.word	1077874176
  47              		.cfi_endproc
  48              	.LFE6:
  49              		.size	AnalogSetDefault, .-AnalogSetDefault
  50              		.section	.text.CYMEMZERO,"ax",%progbits
  51              		.align	2
  52              		.code	16
  53              		.thumb_func
  54              		.type	CYMEMZERO, %function
  55              	CYMEMZERO:
  56              	.LFB2:
  61:.\Generated_Source\PSoC4/cyfitter_cfg.c **** 	(void)memset(s, 0, n);
  57              		.loc 1 61 0
  58              		.cfi_startproc
  59              	.LVL0:
  60 0000 08B5     		push	{r3, lr}
  61              		.cfi_def_cfa_offset 8
  62              		.cfi_offset 3, -8
  63              		.cfi_offset 14, -4
  64 0002 0A1C     		mov	r2, r1
  62:.\Generated_Source\PSoC4/cyfitter_cfg.c **** }
  65              		.loc 1 62 0
  66 0004 0021     		mov	r1, #0
  67              	.LVL1:
  68 0006 FFF7FEFF 		bl	memset
ARM GAS  C:\Users\ADMINI~1\AppData\Local\Temp\ccG8frn5.s 			page 6


  69              	.LVL2:
  63:.\Generated_Source\PSoC4/cyfitter_cfg.c **** CY_CFG_UNUSED
  70              		.loc 1 63 0
  71              		@ sp needed
  72 000a 08BD     		pop	{r3, pc}
  73              		.cfi_endproc
  74              	.LFE2:
  75              		.size	CYMEMZERO, .-CYMEMZERO
  76              		.section	.psocinit,"ax",%progbits
  77              		.align	2
  78              		.code	16
  79              		.thumb_func
  80              		.type	ClockSetup, %function
  81              	ClockSetup:
  82              	.LFB5:
 146:.\Generated_Source\PSoC4/cyfitter_cfg.c **** 
  83              		.loc 1 146 0
  84              		.cfi_startproc
  85 0000 38B5     		push	{r3, r4, r5, lr}
  86              		.cfi_def_cfa_offset 16
  87              		.cfi_offset 3, -16
  88              		.cfi_offset 4, -12
  89              		.cfi_offset 5, -8
  90              		.cfi_offset 14, -4
 149:.\Generated_Source\PSoC4/cyfitter_cfg.c **** 
  91              		.loc 1 149 0
  92 0002 1222     		mov	r2, #18
  93 0004 1D4B     		ldr	r3, .L6
  94 0006 1A60     		str	r2, [r3]
 152:.\Generated_Source\PSoC4/cyfitter_cfg.c **** 	CyDelayCycles(12000000u); /* WCO may take up to 500ms to start */
  95              		.loc 1 152 0
  96 0008 FFF7FEFF 		bl	CySysClkWcoStart
  97              	.LVL3:
 153:.\Generated_Source\PSoC4/cyfitter_cfg.c **** 	(void)CySysClkWcoSetPowerMode(CY_SYS_CLK_WCO_LPM);    /* Switch to the low power mode */
  98              		.loc 1 153 0
  99 000c 1C48     		ldr	r0, .L6+4
 100 000e FFF7FEFF 		bl	CyDelayCycles
 101              	.LVL4:
 154:.\Generated_Source\PSoC4/cyfitter_cfg.c **** 
 102              		.loc 1 154 0
 103 0012 0120     		mov	r0, #1
 104 0014 FFF7FEFF 		bl	CySysClkWcoSetPowerMode
 105              	.LVL5:
 157:.\Generated_Source\PSoC4/cyfitter_cfg.c **** 	/* CYDEV_CLK_ILO_CONFIG Starting address: CYDEV_CLK_ILO_CONFIG */
 106              		.loc 1 157 0
 107 0018 3020     		mov	r0, #48
 108 001a FFF7FEFF 		bl	CySysClkWriteImoFreq
 109              	.LVL6:
 159:.\Generated_Source\PSoC4/cyfitter_cfg.c **** 
 110              		.loc 1 159 0
 111 001e 194A     		ldr	r2, .L6+8
 112 0020 194B     		ldr	r3, .L6+12
 113 0022 1A60     		str	r2, [r3]
 162:.\Generated_Source\PSoC4/cyfitter_cfg.c **** 
 114              		.loc 1 162 0
 115 0024 194C     		ldr	r4, .L6+16
 116 0026 8025     		mov	r5, #128
ARM GAS  C:\Users\ADMINI~1\AppData\Local\Temp\ccG8frn5.s 			page 7


 117 0028 ED05     		lsl	r5, r5, #23
 118 002a 2560     		str	r5, [r4]
 166:.\Generated_Source\PSoC4/cyfitter_cfg.c **** 	CY_SET_XTND_REG32((void CYFAR *)(CYREG_BLE_BLERD_BB_XO_CAPTRIM), 0x00003E2Du);
 119              		.loc 1 166 0
 120 002c 184A     		ldr	r2, .L6+20
 121 002e 1168     		ldr	r1, [r2]
 122 0030 0223     		mov	r3, #2
 123 0032 0B43     		orr	r3, r1
 124 0034 1360     		str	r3, [r2]
 167:.\Generated_Source\PSoC4/cyfitter_cfg.c **** 	/* Disable Crystal Stable Interrupt before enabling ECO */
 125              		.loc 1 167 0
 126 0036 174A     		ldr	r2, .L6+24
 127 0038 174B     		ldr	r3, .L6+28
 128 003a 1A60     		str	r2, [r3]
 169:.\Generated_Source\PSoC4/cyfitter_cfg.c **** 	/* Start the ECO and do not check status since it is not needed for HFCLK */
 129              		.loc 1 169 0
 130 003c 174A     		ldr	r2, .L6+32
 131 003e 1368     		ldr	r3, [r2]
 132 0040 0821     		mov	r1, #8
 133 0042 8B43     		bic	r3, r1
 134 0044 1360     		str	r3, [r2]
 171:.\Generated_Source\PSoC4/cyfitter_cfg.c **** 	CyDelayUs(1500u); /* Wait to stabalize */
 135              		.loc 1 171 0
 136 0046 FA20     		mov	r0, #250
 137 0048 C000     		lsl	r0, r0, #3
 138 004a FFF7FEFF 		bl	CySysClkEcoStart
 139              	.LVL7:
 172:.\Generated_Source\PSoC4/cyfitter_cfg.c **** 
 140              		.loc 1 172 0
 141 004e 1448     		ldr	r0, .L6+36
 142 0050 FFF7FEFF 		bl	CyDelayUs
 143              	.LVL8:
 175:.\Generated_Source\PSoC4/cyfitter_cfg.c **** 	CY_SET_REG32((void *)CYREG_PERI_DIV_CMD, 0x8000FF40u);
 144              		.loc 1 175 0
 145 0054 8822     		mov	r2, #136
 146 0056 9201     		lsl	r2, r2, #6
 147 0058 124B     		ldr	r3, .L6+40
 148 005a 1A60     		str	r2, [r3]
 176:.\Generated_Source\PSoC4/cyfitter_cfg.c **** 
 149              		.loc 1 176 0
 150 005c 124A     		ldr	r2, .L6+44
 151 005e 134B     		ldr	r3, .L6+48
 152 0060 1A60     		str	r2, [r3]
 179:.\Generated_Source\PSoC4/cyfitter_cfg.c **** 
 153              		.loc 1 179 0
 154 0062 8022     		mov	r2, #128
 155 0064 1206     		lsl	r2, r2, #24
 156 0066 124B     		ldr	r3, .L6+52
 157 0068 1A60     		str	r2, [r3]
 182:.\Generated_Source\PSoC4/cyfitter_cfg.c **** 
 158              		.loc 1 182 0
 159 006a 8022     		mov	r2, #128
 160 006c D202     		lsl	r2, r2, #11
 161 006e 114B     		ldr	r3, .L6+56
 162 0070 1A60     		str	r2, [r3]
 185:.\Generated_Source\PSoC4/cyfitter_cfg.c **** 
 163              		.loc 1 185 0
ARM GAS  C:\Users\ADMINI~1\AppData\Local\Temp\ccG8frn5.s 			page 8


 164 0072 4022     		mov	r2, #64
 165 0074 104B     		ldr	r3, .L6+60
 166 0076 1A60     		str	r2, [r3]
 187:.\Generated_Source\PSoC4/cyfitter_cfg.c **** }
 167              		.loc 1 187 0
 168 0078 2560     		str	r5, [r4]
 188:.\Generated_Source\PSoC4/cyfitter_cfg.c **** 
 169              		.loc 1 188 0
 170              		@ sp needed
 171 007a 38BD     		pop	{r3, r4, r5, pc}
 172              	.L7:
 173              		.align	2
 174              	.L6:
 175 007c 30001040 		.word	1074790448
 176 0080 001BB700 		.word	12000000
 177 0084 06000080 		.word	-2147483642
 178 0088 04010B40 		.word	1074462980
 179 008c 0C020B40 		.word	1074463244
 180 0090 78002E40 		.word	1076756600
 181 0094 2D3E0000 		.word	15917
 182 0098 7C002E40 		.word	1076756604
 183 009c 6CF02E40 		.word	1076818028
 184 00a0 DC050000 		.word	1500
 185 00a4 00030140 		.word	1073808128
 186 00a8 40FF0080 		.word	-2147418304
 187 00ac 00000140 		.word	1073807360
 188 00b0 08010B40 		.word	1074462984
 189 00b4 00010B40 		.word	1074462976
 190 00b8 04010140 		.word	1073807620
 191              		.cfi_endproc
 192              	.LFE5:
 193              		.size	ClockSetup, .-ClockSetup
 194              		.align	2
 195              		.global	cyfitter_cfg
 196              		.code	16
 197              		.thumb_func
 198              		.type	cyfitter_cfg, %function
 199              	cyfitter_cfg:
 200              	.LFB7:
 216:.\Generated_Source\PSoC4/cyfitter_cfg.c **** 
 217:.\Generated_Source\PSoC4/cyfitter_cfg.c **** #define CY_AMUX_UNUSED CYREG_CM0_ROM_DWT
 218:.\Generated_Source\PSoC4/cyfitter_cfg.c **** 
 219:.\Generated_Source\PSoC4/cyfitter_cfg.c **** 
 220:.\Generated_Source\PSoC4/cyfitter_cfg.c **** /*******************************************************************************
 221:.\Generated_Source\PSoC4/cyfitter_cfg.c **** * Function Name: cyfitter_cfg
 222:.\Generated_Source\PSoC4/cyfitter_cfg.c **** ********************************************************************************
 223:.\Generated_Source\PSoC4/cyfitter_cfg.c **** * Summary:
 224:.\Generated_Source\PSoC4/cyfitter_cfg.c **** *  This function is called by the start-up code for the selected device. It
 225:.\Generated_Source\PSoC4/cyfitter_cfg.c **** *  performs all of the necessary device configuration based on the design
 226:.\Generated_Source\PSoC4/cyfitter_cfg.c **** *  settings.  This includes settings from the Design Wide Resources (DWR) such
 227:.\Generated_Source\PSoC4/cyfitter_cfg.c **** *  as Clocks and Pins as well as any component configuration that is necessary.
 228:.\Generated_Source\PSoC4/cyfitter_cfg.c **** *
 229:.\Generated_Source\PSoC4/cyfitter_cfg.c **** * Parameters:  
 230:.\Generated_Source\PSoC4/cyfitter_cfg.c **** *   void
 231:.\Generated_Source\PSoC4/cyfitter_cfg.c **** *
 232:.\Generated_Source\PSoC4/cyfitter_cfg.c **** * Return:
 233:.\Generated_Source\PSoC4/cyfitter_cfg.c **** *   void
ARM GAS  C:\Users\ADMINI~1\AppData\Local\Temp\ccG8frn5.s 			page 9


 234:.\Generated_Source\PSoC4/cyfitter_cfg.c **** *
 235:.\Generated_Source\PSoC4/cyfitter_cfg.c **** *******************************************************************************/
 236:.\Generated_Source\PSoC4/cyfitter_cfg.c **** CY_CFG_SECTION
 237:.\Generated_Source\PSoC4/cyfitter_cfg.c **** void cyfitter_cfg(void)
 238:.\Generated_Source\PSoC4/cyfitter_cfg.c **** {
 201              		.loc 1 238 0
 202              		.cfi_startproc
 203 00bc 10B5     		push	{r4, lr}
 204              		.cfi_def_cfa_offset 8
 205              		.cfi_offset 4, -8
 206              		.cfi_offset 14, -4
 239:.\Generated_Source\PSoC4/cyfitter_cfg.c **** 	/* Disable interrupts by default. Let user enable if/when they want. */
 240:.\Generated_Source\PSoC4/cyfitter_cfg.c **** 	CyGlobalIntDisable;
 207              		.loc 1 240 0
 208              	@ 240 ".\Generated_Source\PSoC4\cyfitter_cfg.c" 1
 209 00be 72B6     		CPSID   i
 210              	@ 0 "" 2
 241:.\Generated_Source\PSoC4/cyfitter_cfg.c **** 
 242:.\Generated_Source\PSoC4/cyfitter_cfg.c **** 	CY_SET_XTND_REG32((void CYFAR *)(CYREG_BLE_BLESS_LL_DSM_CTRL), 0x00000000u);
 211              		.loc 1 242 0
 212              		.code	16
 213 00c0 0022     		mov	r2, #0
 214 00c2 2F4B     		ldr	r3, .L11
 215 00c4 1A60     		str	r2, [r3]
 216              	.LVL9:
 217              	.LBB2:
 243:.\Generated_Source\PSoC4/cyfitter_cfg.c **** 
 244:.\Generated_Source\PSoC4/cyfitter_cfg.c **** 	{
 245:.\Generated_Source\PSoC4/cyfitter_cfg.c **** 
 246:.\Generated_Source\PSoC4/cyfitter_cfg.c **** 		CYPACKED typedef struct {
 247:.\Generated_Source\PSoC4/cyfitter_cfg.c **** 			void CYFAR *address;
 248:.\Generated_Source\PSoC4/cyfitter_cfg.c **** 			uint16 size;
 249:.\Generated_Source\PSoC4/cyfitter_cfg.c **** 		} CYPACKED_ATTR cfg_memset_t;
 250:.\Generated_Source\PSoC4/cyfitter_cfg.c **** 
 251:.\Generated_Source\PSoC4/cyfitter_cfg.c **** 		static const cfg_memset_t CYCODE cfg_memset_list [] = {
 252:.\Generated_Source\PSoC4/cyfitter_cfg.c **** 			/* address, size */
 253:.\Generated_Source\PSoC4/cyfitter_cfg.c **** 			{(void CYFAR *)(CYDEV_UDB_P0_U0_BASE), 1024u},
 254:.\Generated_Source\PSoC4/cyfitter_cfg.c **** 			{(void CYFAR *)(CYDEV_UDB_DSI0_BASE), 1024u},
 255:.\Generated_Source\PSoC4/cyfitter_cfg.c **** 		};
 256:.\Generated_Source\PSoC4/cyfitter_cfg.c **** 
 257:.\Generated_Source\PSoC4/cyfitter_cfg.c **** 		uint8 CYDATA i;
 258:.\Generated_Source\PSoC4/cyfitter_cfg.c **** 
 259:.\Generated_Source\PSoC4/cyfitter_cfg.c **** 		/* Zero out critical memory blocks before beginning configuration */
 260:.\Generated_Source\PSoC4/cyfitter_cfg.c **** 		for (i = 0u; i < (sizeof(cfg_memset_list)/sizeof(cfg_memset_list[0])); i++)
 218              		.loc 1 260 0
 219 00c6 0024     		mov	r4, #0
 220 00c8 10E0     		b	.L9
 221              	.LVL10:
 222              	.L10:
 223              	.LBB3:
 261:.\Generated_Source\PSoC4/cyfitter_cfg.c **** 		{
 262:.\Generated_Source\PSoC4/cyfitter_cfg.c **** 			const cfg_memset_t CYCODE * CYDATA ms = &cfg_memset_list[i];
 263:.\Generated_Source\PSoC4/cyfitter_cfg.c **** 			CYMEMZERO(ms->address, (size_t)(uint32)(ms->size));
 224              		.loc 1 263 0 discriminator 3
 225 00ca 2E48     		ldr	r0, .L11+4
 226 00cc 6300     		lsl	r3, r4, #1
 227 00ce 1A19     		add	r2, r3, r4
ARM GAS  C:\Users\ADMINI~1\AppData\Local\Temp\ccG8frn5.s 			page 10


 228 00d0 5200     		lsl	r2, r2, #1
 229 00d2 8218     		add	r2, r0, r2
 230 00d4 9188     		ldrh	r1, [r2, #4]
 231 00d6 1B19     		add	r3, r3, r4
 232 00d8 5B00     		lsl	r3, r3, #1
 233 00da 1A5A     		ldrh	r2, [r3, r0]
 234 00dc C318     		add	r3, r0, r3
 235 00de 5888     		ldrh	r0, [r3, #2]
 236 00e0 0004     		lsl	r0, r0, #16
 237 00e2 1043     		orr	r0, r2
 238 00e4 FFF7FEFF 		bl	CYMEMZERO
 239              	.LVL11:
 240              	.LBE3:
 260:.\Generated_Source\PSoC4/cyfitter_cfg.c **** 		{
 241              		.loc 1 260 0 discriminator 3
 242 00e8 0134     		add	r4, r4, #1
 243              	.LVL12:
 244 00ea E4B2     		uxtb	r4, r4
 245              	.LVL13:
 246              	.L9:
 260:.\Generated_Source\PSoC4/cyfitter_cfg.c **** 		{
 247              		.loc 1 260 0 is_stmt 0 discriminator 1
 248 00ec 012C     		cmp	r4, #1
 249 00ee ECD9     		bls	.L10
 264:.\Generated_Source\PSoC4/cyfitter_cfg.c **** 		}
 265:.\Generated_Source\PSoC4/cyfitter_cfg.c **** 
 266:.\Generated_Source\PSoC4/cyfitter_cfg.c **** 		/* HSIOM Starting address: CYDEV_HSIOM_BASE */
 267:.\Generated_Source\PSoC4/cyfitter_cfg.c **** 		CY_SET_XTND_REG32((void CYFAR *)(CYDEV_HSIOM_BASE), 0xEE000000u);
 250              		.loc 1 267 0 is_stmt 1
 251 00f0 EE22     		mov	r2, #238
 252 00f2 1206     		lsl	r2, r2, #24
 253 00f4 244B     		ldr	r3, .L11+8
 254 00f6 1A60     		str	r2, [r3]
 268:.\Generated_Source\PSoC4/cyfitter_cfg.c **** 		CY_SET_XTND_REG32((void CYFAR *)(CYREG_HSIOM_PORT_SEL1), 0x00990000u);
 255              		.loc 1 268 0
 256 00f8 9923     		mov	r3, #153
 257 00fa 1B04     		lsl	r3, r3, #16
 258 00fc 234A     		ldr	r2, .L11+12
 259 00fe 1360     		str	r3, [r2]
 269:.\Generated_Source\PSoC4/cyfitter_cfg.c **** 
 270:.\Generated_Source\PSoC4/cyfitter_cfg.c **** 		/* UDB_PA_0 Starting address: CYDEV_UDB_PA0_BASE */
 271:.\Generated_Source\PSoC4/cyfitter_cfg.c **** 		CY_SET_XTND_REG32((void CYFAR *)(CYDEV_UDB_PA0_BASE), 0x00990000u);
 260              		.loc 1 271 0
 261 0100 234A     		ldr	r2, .L11+16
 262 0102 1360     		str	r3, [r2]
 272:.\Generated_Source\PSoC4/cyfitter_cfg.c **** 
 273:.\Generated_Source\PSoC4/cyfitter_cfg.c **** 		/* UDB_PA_1 Starting address: CYDEV_UDB_PA1_BASE */
 274:.\Generated_Source\PSoC4/cyfitter_cfg.c **** 		CY_SET_XTND_REG32((void CYFAR *)(CYDEV_UDB_PA1_BASE), 0x00990000u);
 263              		.loc 1 274 0
 264 0104 234A     		ldr	r2, .L11+20
 265 0106 1360     		str	r3, [r2]
 275:.\Generated_Source\PSoC4/cyfitter_cfg.c **** 
 276:.\Generated_Source\PSoC4/cyfitter_cfg.c **** 		/* UDB_PA_2 Starting address: CYDEV_UDB_PA2_BASE */
 277:.\Generated_Source\PSoC4/cyfitter_cfg.c **** 		CY_SET_XTND_REG32((void CYFAR *)(CYDEV_UDB_PA2_BASE), 0x00990000u);
 266              		.loc 1 277 0
 267 0108 234A     		ldr	r2, .L11+24
 268 010a 1360     		str	r3, [r2]
ARM GAS  C:\Users\ADMINI~1\AppData\Local\Temp\ccG8frn5.s 			page 11


 278:.\Generated_Source\PSoC4/cyfitter_cfg.c **** 
 279:.\Generated_Source\PSoC4/cyfitter_cfg.c **** 		/* UDB_PA_3 Starting address: CYDEV_UDB_PA3_BASE */
 280:.\Generated_Source\PSoC4/cyfitter_cfg.c **** 		CY_SET_XTND_REG32((void CYFAR *)(CYDEV_UDB_PA3_BASE), 0x00990000u);
 269              		.loc 1 280 0
 270 010c 234A     		ldr	r2, .L11+28
 271 010e 1360     		str	r3, [r2]
 281:.\Generated_Source\PSoC4/cyfitter_cfg.c **** 
 282:.\Generated_Source\PSoC4/cyfitter_cfg.c **** 		/* Enable digital routing */
 283:.\Generated_Source\PSoC4/cyfitter_cfg.c **** 		CY_SET_XTND_REG8((void *)CYREG_UDB_UDBIF_BANK_CTL, CY_GET_XTND_REG8((void *)CYREG_UDB_UDBIF_BANK_
 272              		.loc 1 283 0
 273 0110 234B     		ldr	r3, .L11+32
 274 0112 1978     		ldrb	r1, [r3]
 275 0114 0222     		mov	r2, #2
 276 0116 0A43     		orr	r2, r1
 277 0118 1A70     		strb	r2, [r3]
 284:.\Generated_Source\PSoC4/cyfitter_cfg.c **** 
 285:.\Generated_Source\PSoC4/cyfitter_cfg.c **** 		/* Enable UDB array */
 286:.\Generated_Source\PSoC4/cyfitter_cfg.c **** 		CY_SET_XTND_REG8((void *)CYREG_UDB_UDBIF_WAIT_CFG, (uint8)((CY_GET_XTND_REG8((void *)CYREG_UDB_UD
 278              		.loc 1 286 0
 279 011a 2248     		ldr	r0, .L11+36
 280 011c 0278     		ldrb	r2, [r0]
 281 011e 3C21     		mov	r1, #60
 282 0120 8A43     		bic	r2, r1
 283 0122 2839     		sub	r1, r1, #40
 284 0124 0A43     		orr	r2, r1
 285 0126 0270     		strb	r2, [r0]
 287:.\Generated_Source\PSoC4/cyfitter_cfg.c **** 		CY_SET_XTND_REG8((void *)CYREG_UDB_UDBIF_BANK_CTL, (uint8)(CY_GET_XTND_REG8((void *)CYREG_UDB_UDB
 286              		.loc 1 287 0
 287 0128 1978     		ldrb	r1, [r3]
 288 012a 1622     		mov	r2, #22
 289 012c 0A43     		orr	r2, r1
 290 012e 1A70     		strb	r2, [r3]
 291              	.LBE2:
 288:.\Generated_Source\PSoC4/cyfitter_cfg.c **** 	}
 289:.\Generated_Source\PSoC4/cyfitter_cfg.c **** 
 290:.\Generated_Source\PSoC4/cyfitter_cfg.c **** 	/* Perform second pass device configuration. These items must be configured in specific order afte
 291:.\Generated_Source\PSoC4/cyfitter_cfg.c **** 	/* IOPINS0_0 Starting address: CYDEV_GPIO_PRT0_BASE */
 292:.\Generated_Source\PSoC4/cyfitter_cfg.c **** 	CY_SET_XTND_REG32((void CYFAR *)(CYREG_GPIO_PRT0_PC), 0x00D80000u);
 292              		.loc 1 292 0
 293 0130 D822     		mov	r2, #216
 294 0132 1204     		lsl	r2, r2, #16
 295 0134 1C4B     		ldr	r3, .L11+40
 296 0136 1A60     		str	r2, [r3]
 293:.\Generated_Source\PSoC4/cyfitter_cfg.c **** 
 294:.\Generated_Source\PSoC4/cyfitter_cfg.c **** 	/* IOPINS0_1 Starting address: CYDEV_GPIO_PRT1_BASE */
 295:.\Generated_Source\PSoC4/cyfitter_cfg.c **** 	CY_SET_XTND_REG32((void CYFAR *)(CYDEV_GPIO_PRT1_BASE), 0x00000020u);
 297              		.loc 1 295 0
 298 0138 2023     		mov	r3, #32
 299 013a 1C4A     		ldr	r2, .L11+44
 300 013c 1360     		str	r3, [r2]
 296:.\Generated_Source\PSoC4/cyfitter_cfg.c **** 	CY_SET_XTND_REG32((void CYFAR *)(CYREG_GPIO_PRT1_PC), 0x00031000u);
 301              		.loc 1 296 0
 302 013e C421     		mov	r1, #196
 303 0140 8902     		lsl	r1, r1, #10
 304 0142 1B4A     		ldr	r2, .L11+48
 305 0144 1160     		str	r1, [r2]
 297:.\Generated_Source\PSoC4/cyfitter_cfg.c **** 	CY_SET_XTND_REG32((void CYFAR *)(CYREG_GPIO_PRT1_PC2), 0x00000020u);
ARM GAS  C:\Users\ADMINI~1\AppData\Local\Temp\ccG8frn5.s 			page 12


 306              		.loc 1 297 0
 307 0146 1B4A     		ldr	r2, .L11+52
 308 0148 1360     		str	r3, [r2]
 298:.\Generated_Source\PSoC4/cyfitter_cfg.c **** 
 299:.\Generated_Source\PSoC4/cyfitter_cfg.c **** 	/* IOPINS0_2 Starting address: CYDEV_GPIO_PRT2_BASE */
 300:.\Generated_Source\PSoC4/cyfitter_cfg.c **** 	CY_SET_XTND_REG32((void CYFAR *)(CYDEV_GPIO_PRT2_BASE), 0x000000C0u);
 309              		.loc 1 300 0
 310 014a C022     		mov	r2, #192
 311 014c 1A4B     		ldr	r3, .L11+56
 312 014e 1A60     		str	r2, [r3]
 301:.\Generated_Source\PSoC4/cyfitter_cfg.c **** 	CY_SET_XTND_REG32((void CYFAR *)(CYREG_GPIO_PRT2_PC), 0x00580000u);
 313              		.loc 1 301 0
 314 0150 B022     		mov	r2, #176
 315 0152 D203     		lsl	r2, r2, #15
 316 0154 194B     		ldr	r3, .L11+60
 317 0156 1A60     		str	r2, [r3]
 302:.\Generated_Source\PSoC4/cyfitter_cfg.c **** 	CY_SET_XTND_REG32((void CYFAR *)(CYREG_GPIO_PRT2_INTR_CFG), 0x00008000u);
 318              		.loc 1 302 0
 319 0158 8022     		mov	r2, #128
 320 015a 1202     		lsl	r2, r2, #8
 321 015c 184B     		ldr	r3, .L11+64
 322 015e 1A60     		str	r2, [r3]
 303:.\Generated_Source\PSoC4/cyfitter_cfg.c **** 
 304:.\Generated_Source\PSoC4/cyfitter_cfg.c **** 	/* IOPINS0_3 Starting address: CYDEV_GPIO_PRT3_BASE */
 305:.\Generated_Source\PSoC4/cyfitter_cfg.c **** 	CY_SET_XTND_REG32((void CYFAR *)(CYDEV_GPIO_PRT3_BASE), 0x00000040u);
 323              		.loc 1 305 0
 324 0160 4022     		mov	r2, #64
 325 0162 184B     		ldr	r3, .L11+68
 326 0164 1A60     		str	r2, [r3]
 306:.\Generated_Source\PSoC4/cyfitter_cfg.c **** 	CY_SET_XTND_REG32((void CYFAR *)(CYREG_GPIO_PRT3_PC), 0x00380000u);
 327              		.loc 1 306 0
 328 0166 E022     		mov	r2, #224
 329 0168 9203     		lsl	r2, r2, #14
 330 016a 174B     		ldr	r3, .L11+72
 331 016c 1A60     		str	r2, [r3]
 307:.\Generated_Source\PSoC4/cyfitter_cfg.c **** 	CY_SET_XTND_REG32((void CYFAR *)(CYREG_GPIO_PRT3_INTR_CFG), 0x00004000u);
 332              		.loc 1 307 0
 333 016e 8022     		mov	r2, #128
 334 0170 D201     		lsl	r2, r2, #7
 335 0172 164B     		ldr	r3, .L11+76
 336 0174 1A60     		str	r2, [r3]
 308:.\Generated_Source\PSoC4/cyfitter_cfg.c **** 
 309:.\Generated_Source\PSoC4/cyfitter_cfg.c **** 
 310:.\Generated_Source\PSoC4/cyfitter_cfg.c **** 	/* Setup clocks based on selections from Clock DWR */
 311:.\Generated_Source\PSoC4/cyfitter_cfg.c **** 	ClockSetup();
 337              		.loc 1 311 0
 338 0176 FFF743FF 		bl	ClockSetup
 339              	.LVL14:
 312:.\Generated_Source\PSoC4/cyfitter_cfg.c **** 
 313:.\Generated_Source\PSoC4/cyfitter_cfg.c **** 	/* Perform basic analog initialization to defaults */
 314:.\Generated_Source\PSoC4/cyfitter_cfg.c **** 	AnalogSetDefault();
 340              		.loc 1 314 0
 341 017a FFF7FEFF 		bl	AnalogSetDefault
 342              	.LVL15:
 315:.\Generated_Source\PSoC4/cyfitter_cfg.c **** 
 316:.\Generated_Source\PSoC4/cyfitter_cfg.c **** }
 343              		.loc 1 316 0
ARM GAS  C:\Users\ADMINI~1\AppData\Local\Temp\ccG8frn5.s 			page 13


 344              		@ sp needed
 345              	.LVL16:
 346 017e 10BD     		pop	{r4, pc}
 347              	.L12:
 348              		.align	2
 349              	.L11:
 350 0180 6CF02E40 		.word	1076818028
 351 0184 00000000 		.word	.LANCHOR0
 352 0188 00000240 		.word	1073872896
 353 018c 00010240 		.word	1073873152
 354 0190 00500F40 		.word	1074745344
 355 0194 10500F40 		.word	1074745360
 356 0198 20500F40 		.word	1074745376
 357 019c 30500F40 		.word	1074745392
 358 01a0 00700F40 		.word	1074753536
 359 01a4 01700F40 		.word	1074753537
 360 01a8 08000440 		.word	1074003976
 361 01ac 00010440 		.word	1074004224
 362 01b0 08010440 		.word	1074004232
 363 01b4 18010440 		.word	1074004248
 364 01b8 00020440 		.word	1074004480
 365 01bc 08020440 		.word	1074004488
 366 01c0 0C020440 		.word	1074004492
 367 01c4 00030440 		.word	1074004736
 368 01c8 08030440 		.word	1074004744
 369 01cc 0C030440 		.word	1074004748
 370              		.cfi_endproc
 371              	.LFE7:
 372              		.size	cyfitter_cfg, .-cyfitter_cfg
 373              		.section	.rodata
 374              		.align	2
 375              		.set	.LANCHOR0,. + 0
 376              		.type	cfg_memset_list.4742, %object
 377              		.size	cfg_memset_list.4742, 12
 378              	cfg_memset_list.4742:
 379 0000 00300F40 		.word	1074737152
 380 0004 0004     		.short	1024
 381 0006 00400F40 		.4byte	1074741248
 382 000a 0004     		.short	1024
 383              		.text
 384              	.Letext0:
 385              		.file 2 "d:\\program files (x86)\\cypress\\psoc creator\\3.3\\psoc creator\\import\\gnu\\arm\\4.9.
 386              		.file 3 ".\\Generated_Source\\PSoC4\\cytypes.h"
 387              		.file 4 ".\\Generated_Source\\PSoC4\\CyLib.h"
 388              		.file 5 ".\\Generated_Source\\PSoC4\\CyLFClk.h"
 389              		.section	.debug_info,"",%progbits
 390              	.Ldebug_info0:
 391 0000 04030000 		.4byte	0x304
 392 0004 0400     		.2byte	0x4
 393 0006 00000000 		.4byte	.Ldebug_abbrev0
 394 000a 04       		.byte	0x4
 395 000b 01       		.uleb128 0x1
 396 000c FA010000 		.4byte	.LASF31
 397 0010 01       		.byte	0x1
 398 0011 9B010000 		.4byte	.LASF32
 399 0015 F5000000 		.4byte	.LASF33
 400 0019 00000000 		.4byte	.Ldebug_ranges0+0
ARM GAS  C:\Users\ADMINI~1\AppData\Local\Temp\ccG8frn5.s 			page 14


 401 001d 00000000 		.4byte	0
 402 0021 00000000 		.4byte	.Ldebug_line0
 403 0025 02       		.uleb128 0x2
 404 0026 04       		.byte	0x4
 405 0027 05       		.byte	0x5
 406 0028 696E7400 		.ascii	"int\000"
 407 002c 03       		.uleb128 0x3
 408 002d 14000000 		.4byte	.LASF11
 409 0031 02       		.byte	0x2
 410 0032 D4       		.byte	0xd4
 411 0033 37000000 		.4byte	0x37
 412 0037 04       		.uleb128 0x4
 413 0038 04       		.byte	0x4
 414 0039 07       		.byte	0x7
 415 003a 62010000 		.4byte	.LASF0
 416 003e 04       		.uleb128 0x4
 417 003f 01       		.byte	0x1
 418 0040 06       		.byte	0x6
 419 0041 B0020000 		.4byte	.LASF1
 420 0045 04       		.uleb128 0x4
 421 0046 01       		.byte	0x1
 422 0047 08       		.byte	0x8
 423 0048 B5000000 		.4byte	.LASF2
 424 004c 04       		.uleb128 0x4
 425 004d 02       		.byte	0x2
 426 004e 05       		.byte	0x5
 427 004f 88020000 		.4byte	.LASF3
 428 0053 04       		.uleb128 0x4
 429 0054 02       		.byte	0x2
 430 0055 07       		.byte	0x7
 431 0056 47000000 		.4byte	.LASF4
 432 005a 04       		.uleb128 0x4
 433 005b 04       		.byte	0x4
 434 005c 05       		.byte	0x5
 435 005d A7020000 		.4byte	.LASF5
 436 0061 04       		.uleb128 0x4
 437 0062 04       		.byte	0x4
 438 0063 07       		.byte	0x7
 439 0064 82000000 		.4byte	.LASF6
 440 0068 04       		.uleb128 0x4
 441 0069 08       		.byte	0x8
 442 006a 05       		.byte	0x5
 443 006b CC010000 		.4byte	.LASF7
 444 006f 04       		.uleb128 0x4
 445 0070 08       		.byte	0x8
 446 0071 07       		.byte	0x7
 447 0072 77010000 		.4byte	.LASF8
 448 0076 04       		.uleb128 0x4
 449 0077 04       		.byte	0x4
 450 0078 07       		.byte	0x7
 451 0079 C3010000 		.4byte	.LASF9
 452 007d 05       		.uleb128 0x5
 453 007e 04       		.byte	0x4
 454 007f 04       		.uleb128 0x4
 455 0080 01       		.byte	0x1
 456 0081 08       		.byte	0x8
 457 0082 E4010000 		.4byte	.LASF10
ARM GAS  C:\Users\ADMINI~1\AppData\Local\Temp\ccG8frn5.s 			page 15


 458 0086 06       		.uleb128 0x6
 459 0087 94000000 		.4byte	.LASF12
 460 008b 03       		.byte	0x3
 461 008c 3801     		.2byte	0x138
 462 008e 45000000 		.4byte	0x45
 463 0092 06       		.uleb128 0x6
 464 0093 DE000000 		.4byte	.LASF13
 465 0097 03       		.byte	0x3
 466 0098 3901     		.2byte	0x139
 467 009a 53000000 		.4byte	0x53
 468 009e 06       		.uleb128 0x6
 469 009f EE000000 		.4byte	.LASF14
 470 00a3 03       		.byte	0x3
 471 00a4 3A01     		.2byte	0x13a
 472 00a6 61000000 		.4byte	0x61
 473 00aa 04       		.uleb128 0x4
 474 00ab 04       		.byte	0x4
 475 00ac 04       		.byte	0x4
 476 00ad 5A000000 		.4byte	.LASF15
 477 00b1 04       		.uleb128 0x4
 478 00b2 08       		.byte	0x8
 479 00b3 04       		.byte	0x4
 480 00b4 CA000000 		.4byte	.LASF16
 481 00b8 06       		.uleb128 0x6
 482 00b9 E5000000 		.4byte	.LASF17
 483 00bd 03       		.byte	0x3
 484 00be DA01     		.2byte	0x1da
 485 00c0 61000000 		.4byte	0x61
 486 00c4 06       		.uleb128 0x6
 487 00c5 7D000000 		.4byte	.LASF18
 488 00c9 03       		.byte	0x3
 489 00ca E201     		.2byte	0x1e2
 490 00cc D0000000 		.4byte	0xd0
 491 00d0 07       		.uleb128 0x7
 492 00d1 86000000 		.4byte	0x86
 493 00d5 06       		.uleb128 0x6
 494 00d6 0E000000 		.4byte	.LASF19
 495 00da 03       		.byte	0x3
 496 00db E401     		.2byte	0x1e4
 497 00dd E1000000 		.4byte	0xe1
 498 00e1 07       		.uleb128 0x7
 499 00e2 9E000000 		.4byte	0x9e
 500 00e6 08       		.uleb128 0x8
 501 00e7 1B000000 		.4byte	.LASF34
 502 00eb 01       		.byte	0x1
 503 00ec D2       		.byte	0xd2
 504 00ed 00000000 		.4byte	.LFB6
 505 00f1 20000000 		.4byte	.LFE6-.LFB6
 506 00f5 01       		.uleb128 0x1
 507 00f6 9C       		.byte	0x9c
 508 00f7 09       		.uleb128 0x9
 509 00f8 AB000000 		.4byte	.LASF20
 510 00fc 01       		.byte	0x1
 511 00fd 3C       		.byte	0x3c
 512 00fe 00000000 		.4byte	.LFB2
 513 0102 0C000000 		.4byte	.LFE2-.LFB2
 514 0106 01       		.uleb128 0x1
ARM GAS  C:\Users\ADMINI~1\AppData\Local\Temp\ccG8frn5.s 			page 16


 515 0107 9C       		.byte	0x9c
 516 0108 44010000 		.4byte	0x144
 517 010c 0A       		.uleb128 0xa
 518 010d 7300     		.ascii	"s\000"
 519 010f 01       		.byte	0x1
 520 0110 3C       		.byte	0x3c
 521 0111 7D000000 		.4byte	0x7d
 522 0115 00000000 		.4byte	.LLST0
 523 0119 0A       		.uleb128 0xa
 524 011a 6E00     		.ascii	"n\000"
 525 011c 01       		.byte	0x1
 526 011d 3C       		.byte	0x3c
 527 011e 2C000000 		.4byte	0x2c
 528 0122 21000000 		.4byte	.LLST1
 529 0126 0B       		.uleb128 0xb
 530 0127 0A000000 		.4byte	.LVL2
 531 012b 8A020000 		.4byte	0x28a
 532 012f 0C       		.uleb128 0xc
 533 0130 01       		.uleb128 0x1
 534 0131 52       		.byte	0x52
 535 0132 03       		.uleb128 0x3
 536 0133 F3       		.byte	0xf3
 537 0134 01       		.uleb128 0x1
 538 0135 51       		.byte	0x51
 539 0136 0C       		.uleb128 0xc
 540 0137 01       		.uleb128 0x1
 541 0138 51       		.byte	0x51
 542 0139 01       		.uleb128 0x1
 543 013a 30       		.byte	0x30
 544 013b 0C       		.uleb128 0xc
 545 013c 01       		.uleb128 0x1
 546 013d 50       		.byte	0x50
 547 013e 03       		.uleb128 0x3
 548 013f F3       		.byte	0xf3
 549 0140 01       		.uleb128 0x1
 550 0141 50       		.byte	0x50
 551 0142 00       		.byte	0
 552 0143 00       		.byte	0
 553 0144 09       		.uleb128 0x9
 554 0145 3C000000 		.4byte	.LASF21
 555 0149 01       		.byte	0x1
 556 014a 91       		.byte	0x91
 557 014b 00000000 		.4byte	.LFB5
 558 014f BC000000 		.4byte	.LFE5-.LFB5
 559 0153 01       		.uleb128 0x1
 560 0154 9C       		.byte	0x9c
 561 0155 C7010000 		.4byte	0x1c7
 562 0159 0D       		.uleb128 0xd
 563 015a 0C000000 		.4byte	.LVL3
 564 015e A7020000 		.4byte	0x2a7
 565 0162 0E       		.uleb128 0xe
 566 0163 12000000 		.4byte	.LVL4
 567 0167 AE020000 		.4byte	0x2ae
 568 016b 79010000 		.4byte	0x179
 569 016f 0C       		.uleb128 0xc
 570 0170 01       		.uleb128 0x1
 571 0171 50       		.byte	0x50
ARM GAS  C:\Users\ADMINI~1\AppData\Local\Temp\ccG8frn5.s 			page 17


 572 0172 05       		.uleb128 0x5
 573 0173 0C       		.byte	0xc
 574 0174 001BB700 		.4byte	0xb71b00
 575 0178 00       		.byte	0
 576 0179 0E       		.uleb128 0xe
 577 017a 18000000 		.4byte	.LVL5
 578 017e BF020000 		.4byte	0x2bf
 579 0182 8C010000 		.4byte	0x18c
 580 0186 0C       		.uleb128 0xc
 581 0187 01       		.uleb128 0x1
 582 0188 50       		.byte	0x50
 583 0189 01       		.uleb128 0x1
 584 018a 31       		.byte	0x31
 585 018b 00       		.byte	0
 586 018c 0E       		.uleb128 0xe
 587 018d 1E000000 		.4byte	.LVL6
 588 0191 D4020000 		.4byte	0x2d4
 589 0195 A0010000 		.4byte	0x1a0
 590 0199 0C       		.uleb128 0xc
 591 019a 01       		.uleb128 0x1
 592 019b 50       		.byte	0x50
 593 019c 02       		.uleb128 0x2
 594 019d 08       		.byte	0x8
 595 019e 30       		.byte	0x30
 596 019f 00       		.byte	0
 597 01a0 0E       		.uleb128 0xe
 598 01a1 4E000000 		.4byte	.LVL7
 599 01a5 E5020000 		.4byte	0x2e5
 600 01a9 B5010000 		.4byte	0x1b5
 601 01ad 0C       		.uleb128 0xc
 602 01ae 01       		.uleb128 0x1
 603 01af 50       		.byte	0x50
 604 01b0 03       		.uleb128 0x3
 605 01b1 0A       		.byte	0xa
 606 01b2 D007     		.2byte	0x7d0
 607 01b4 00       		.byte	0
 608 01b5 0B       		.uleb128 0xb
 609 01b6 54000000 		.4byte	.LVL8
 610 01ba FA020000 		.4byte	0x2fa
 611 01be 0C       		.uleb128 0xc
 612 01bf 01       		.uleb128 0x1
 613 01c0 50       		.byte	0x50
 614 01c1 03       		.uleb128 0x3
 615 01c2 0A       		.byte	0xa
 616 01c3 DC05     		.2byte	0x5dc
 617 01c5 00       		.byte	0
 618 01c6 00       		.byte	0
 619 01c7 0F       		.uleb128 0xf
 620 01c8 D1000000 		.4byte	.LASF35
 621 01cc 01       		.byte	0x1
 622 01cd ED       		.byte	0xed
 623 01ce BC000000 		.4byte	.LFB7
 624 01d2 14010000 		.4byte	.LFE7-.LFB7
 625 01d6 01       		.uleb128 0x1
 626 01d7 9C       		.byte	0x9c
 627 01d8 8A020000 		.4byte	0x28a
 628 01dc 10       		.uleb128 0x10
ARM GAS  C:\Users\ADMINI~1\AppData\Local\Temp\ccG8frn5.s 			page 18


 629 01dd C6000000 		.4byte	.LBB2
 630 01e1 6A000000 		.4byte	.LBE2-.LBB2
 631 01e5 77020000 		.4byte	0x277
 632 01e9 11       		.uleb128 0x11
 633 01ea 06       		.byte	0x6
 634 01eb 01       		.byte	0x1
 635 01ec F6       		.byte	0xf6
 636 01ed 0A020000 		.4byte	0x20a
 637 01f1 12       		.uleb128 0x12
 638 01f2 6F010000 		.4byte	.LASF22
 639 01f6 01       		.byte	0x1
 640 01f7 F7       		.byte	0xf7
 641 01f8 7D000000 		.4byte	0x7d
 642 01fc 00       		.byte	0
 643 01fd 12       		.uleb128 0x12
 644 01fe 60000000 		.4byte	.LASF23
 645 0202 01       		.byte	0x1
 646 0203 F8       		.byte	0xf8
 647 0204 92000000 		.4byte	0x92
 648 0208 04       		.byte	0x4
 649 0209 00       		.byte	0
 650 020a 03       		.uleb128 0x3
 651 020b 8E010000 		.4byte	.LASF24
 652 020f 01       		.byte	0x1
 653 0210 F9       		.byte	0xf9
 654 0211 E9010000 		.4byte	0x1e9
 655 0215 13       		.uleb128 0x13
 656 0216 0A020000 		.4byte	0x20a
 657 021a 25020000 		.4byte	0x225
 658 021e 14       		.uleb128 0x14
 659 021f 76000000 		.4byte	0x76
 660 0223 01       		.byte	0x1
 661 0224 00       		.byte	0
 662 0225 15       		.uleb128 0x15
 663 0226 2C000000 		.4byte	.LASF25
 664 022a 01       		.byte	0x1
 665 022b FB       		.byte	0xfb
 666 022c 36020000 		.4byte	0x236
 667 0230 05       		.uleb128 0x5
 668 0231 03       		.byte	0x3
 669 0232 00000000 		.4byte	cfg_memset_list.4742
 670 0236 16       		.uleb128 0x16
 671 0237 15020000 		.4byte	0x215
 672 023b 17       		.uleb128 0x17
 673 023c 6900     		.ascii	"i\000"
 674 023e 01       		.byte	0x1
 675 023f 0101     		.2byte	0x101
 676 0241 86000000 		.4byte	0x86
 677 0245 4D000000 		.4byte	.LLST2
 678 0249 18       		.uleb128 0x18
 679 024a CA000000 		.4byte	.LBB3
 680 024e 1E000000 		.4byte	.LBE3-.LBB3
 681 0252 17       		.uleb128 0x17
 682 0253 6D7300   		.ascii	"ms\000"
 683 0256 01       		.byte	0x1
 684 0257 0601     		.2byte	0x106
 685 0259 61020000 		.4byte	0x261
ARM GAS  C:\Users\ADMINI~1\AppData\Local\Temp\ccG8frn5.s 			page 19


 686 025d 77000000 		.4byte	.LLST3
 687 0261 19       		.uleb128 0x19
 688 0262 04       		.byte	0x4
 689 0263 67020000 		.4byte	0x267
 690 0267 16       		.uleb128 0x16
 691 0268 0A020000 		.4byte	0x20a
 692 026c 0D       		.uleb128 0xd
 693 026d E8000000 		.4byte	.LVL11
 694 0271 F7000000 		.4byte	0xf7
 695 0275 00       		.byte	0
 696 0276 00       		.byte	0
 697 0277 0D       		.uleb128 0xd
 698 0278 7A010000 		.4byte	.LVL14
 699 027c 44010000 		.4byte	0x144
 700 0280 0D       		.uleb128 0xd
 701 0281 7E010000 		.4byte	.LVL15
 702 0285 E6000000 		.4byte	0xe6
 703 0289 00       		.byte	0
 704 028a 1A       		.uleb128 0x1a
 705 028b C3000000 		.4byte	.LASF26
 706 028f 7D000000 		.4byte	0x7d
 707 0293 A7020000 		.4byte	0x2a7
 708 0297 1B       		.uleb128 0x1b
 709 0298 7D000000 		.4byte	0x7d
 710 029c 1B       		.uleb128 0x1b
 711 029d 25000000 		.4byte	0x25
 712 02a1 1B       		.uleb128 0x1b
 713 02a2 76000000 		.4byte	0x76
 714 02a6 00       		.byte	0
 715 02a7 1C       		.uleb128 0x1c
 716 02a8 9A000000 		.4byte	.LASF36
 717 02ac 05       		.byte	0x5
 718 02ad 25       		.byte	0x25
 719 02ae 1D       		.uleb128 0x1d
 720 02af 00000000 		.4byte	.LASF27
 721 02b3 04       		.byte	0x4
 722 02b4 5D       		.byte	0x5d
 723 02b5 BF020000 		.4byte	0x2bf
 724 02b9 1B       		.uleb128 0x1b
 725 02ba 9E000000 		.4byte	0x9e
 726 02be 00       		.byte	0
 727 02bf 1E       		.uleb128 0x1e
 728 02c0 65000000 		.4byte	.LASF29
 729 02c4 05       		.byte	0x5
 730 02c5 27       		.byte	0x27
 731 02c6 9E000000 		.4byte	0x9e
 732 02ca D4020000 		.4byte	0x2d4
 733 02ce 1B       		.uleb128 0x1b
 734 02cf 9E000000 		.4byte	0x9e
 735 02d3 00       		.byte	0
 736 02d4 1D       		.uleb128 0x1d
 737 02d5 92020000 		.4byte	.LASF28
 738 02d9 04       		.byte	0x4
 739 02da 38       		.byte	0x38
 740 02db E5020000 		.4byte	0x2e5
 741 02df 1B       		.uleb128 0x1b
 742 02e0 9E000000 		.4byte	0x9e
ARM GAS  C:\Users\ADMINI~1\AppData\Local\Temp\ccG8frn5.s 			page 20


 743 02e4 00       		.byte	0
 744 02e5 1E       		.uleb128 0x1e
 745 02e6 E9010000 		.4byte	.LASF30
 746 02ea 04       		.byte	0x4
 747 02eb 87       		.byte	0x87
 748 02ec B8000000 		.4byte	0xb8
 749 02f0 FA020000 		.4byte	0x2fa
 750 02f4 1B       		.uleb128 0x1b
 751 02f5 9E000000 		.4byte	0x9e
 752 02f9 00       		.byte	0
 753 02fa 1F       		.uleb128 0x1f
 754 02fb DA010000 		.4byte	.LASF37
 755 02ff 04       		.byte	0x4
 756 0300 5B       		.byte	0x5b
 757 0301 1B       		.uleb128 0x1b
 758 0302 92000000 		.4byte	0x92
 759 0306 00       		.byte	0
 760 0307 00       		.byte	0
 761              		.section	.debug_abbrev,"",%progbits
 762              	.Ldebug_abbrev0:
 763 0000 01       		.uleb128 0x1
 764 0001 11       		.uleb128 0x11
 765 0002 01       		.byte	0x1
 766 0003 25       		.uleb128 0x25
 767 0004 0E       		.uleb128 0xe
 768 0005 13       		.uleb128 0x13
 769 0006 0B       		.uleb128 0xb
 770 0007 03       		.uleb128 0x3
 771 0008 0E       		.uleb128 0xe
 772 0009 1B       		.uleb128 0x1b
 773 000a 0E       		.uleb128 0xe
 774 000b 55       		.uleb128 0x55
 775 000c 17       		.uleb128 0x17
 776 000d 11       		.uleb128 0x11
 777 000e 01       		.uleb128 0x1
 778 000f 10       		.uleb128 0x10
 779 0010 17       		.uleb128 0x17
 780 0011 00       		.byte	0
 781 0012 00       		.byte	0
 782 0013 02       		.uleb128 0x2
 783 0014 24       		.uleb128 0x24
 784 0015 00       		.byte	0
 785 0016 0B       		.uleb128 0xb
 786 0017 0B       		.uleb128 0xb
 787 0018 3E       		.uleb128 0x3e
 788 0019 0B       		.uleb128 0xb
 789 001a 03       		.uleb128 0x3
 790 001b 08       		.uleb128 0x8
 791 001c 00       		.byte	0
 792 001d 00       		.byte	0
 793 001e 03       		.uleb128 0x3
 794 001f 16       		.uleb128 0x16
 795 0020 00       		.byte	0
 796 0021 03       		.uleb128 0x3
 797 0022 0E       		.uleb128 0xe
 798 0023 3A       		.uleb128 0x3a
 799 0024 0B       		.uleb128 0xb
ARM GAS  C:\Users\ADMINI~1\AppData\Local\Temp\ccG8frn5.s 			page 21


 800 0025 3B       		.uleb128 0x3b
 801 0026 0B       		.uleb128 0xb
 802 0027 49       		.uleb128 0x49
 803 0028 13       		.uleb128 0x13
 804 0029 00       		.byte	0
 805 002a 00       		.byte	0
 806 002b 04       		.uleb128 0x4
 807 002c 24       		.uleb128 0x24
 808 002d 00       		.byte	0
 809 002e 0B       		.uleb128 0xb
 810 002f 0B       		.uleb128 0xb
 811 0030 3E       		.uleb128 0x3e
 812 0031 0B       		.uleb128 0xb
 813 0032 03       		.uleb128 0x3
 814 0033 0E       		.uleb128 0xe
 815 0034 00       		.byte	0
 816 0035 00       		.byte	0
 817 0036 05       		.uleb128 0x5
 818 0037 0F       		.uleb128 0xf
 819 0038 00       		.byte	0
 820 0039 0B       		.uleb128 0xb
 821 003a 0B       		.uleb128 0xb
 822 003b 00       		.byte	0
 823 003c 00       		.byte	0
 824 003d 06       		.uleb128 0x6
 825 003e 16       		.uleb128 0x16
 826 003f 00       		.byte	0
 827 0040 03       		.uleb128 0x3
 828 0041 0E       		.uleb128 0xe
 829 0042 3A       		.uleb128 0x3a
 830 0043 0B       		.uleb128 0xb
 831 0044 3B       		.uleb128 0x3b
 832 0045 05       		.uleb128 0x5
 833 0046 49       		.uleb128 0x49
 834 0047 13       		.uleb128 0x13
 835 0048 00       		.byte	0
 836 0049 00       		.byte	0
 837 004a 07       		.uleb128 0x7
 838 004b 35       		.uleb128 0x35
 839 004c 00       		.byte	0
 840 004d 49       		.uleb128 0x49
 841 004e 13       		.uleb128 0x13
 842 004f 00       		.byte	0
 843 0050 00       		.byte	0
 844 0051 08       		.uleb128 0x8
 845 0052 2E       		.uleb128 0x2e
 846 0053 00       		.byte	0
 847 0054 03       		.uleb128 0x3
 848 0055 0E       		.uleb128 0xe
 849 0056 3A       		.uleb128 0x3a
 850 0057 0B       		.uleb128 0xb
 851 0058 3B       		.uleb128 0x3b
 852 0059 0B       		.uleb128 0xb
 853 005a 27       		.uleb128 0x27
 854 005b 19       		.uleb128 0x19
 855 005c 11       		.uleb128 0x11
 856 005d 01       		.uleb128 0x1
ARM GAS  C:\Users\ADMINI~1\AppData\Local\Temp\ccG8frn5.s 			page 22


 857 005e 12       		.uleb128 0x12
 858 005f 06       		.uleb128 0x6
 859 0060 40       		.uleb128 0x40
 860 0061 18       		.uleb128 0x18
 861 0062 9742     		.uleb128 0x2117
 862 0064 19       		.uleb128 0x19
 863 0065 00       		.byte	0
 864 0066 00       		.byte	0
 865 0067 09       		.uleb128 0x9
 866 0068 2E       		.uleb128 0x2e
 867 0069 01       		.byte	0x1
 868 006a 03       		.uleb128 0x3
 869 006b 0E       		.uleb128 0xe
 870 006c 3A       		.uleb128 0x3a
 871 006d 0B       		.uleb128 0xb
 872 006e 3B       		.uleb128 0x3b
 873 006f 0B       		.uleb128 0xb
 874 0070 27       		.uleb128 0x27
 875 0071 19       		.uleb128 0x19
 876 0072 11       		.uleb128 0x11
 877 0073 01       		.uleb128 0x1
 878 0074 12       		.uleb128 0x12
 879 0075 06       		.uleb128 0x6
 880 0076 40       		.uleb128 0x40
 881 0077 18       		.uleb128 0x18
 882 0078 9742     		.uleb128 0x2117
 883 007a 19       		.uleb128 0x19
 884 007b 01       		.uleb128 0x1
 885 007c 13       		.uleb128 0x13
 886 007d 00       		.byte	0
 887 007e 00       		.byte	0
 888 007f 0A       		.uleb128 0xa
 889 0080 05       		.uleb128 0x5
 890 0081 00       		.byte	0
 891 0082 03       		.uleb128 0x3
 892 0083 08       		.uleb128 0x8
 893 0084 3A       		.uleb128 0x3a
 894 0085 0B       		.uleb128 0xb
 895 0086 3B       		.uleb128 0x3b
 896 0087 0B       		.uleb128 0xb
 897 0088 49       		.uleb128 0x49
 898 0089 13       		.uleb128 0x13
 899 008a 02       		.uleb128 0x2
 900 008b 17       		.uleb128 0x17
 901 008c 00       		.byte	0
 902 008d 00       		.byte	0
 903 008e 0B       		.uleb128 0xb
 904 008f 898201   		.uleb128 0x4109
 905 0092 01       		.byte	0x1
 906 0093 11       		.uleb128 0x11
 907 0094 01       		.uleb128 0x1
 908 0095 31       		.uleb128 0x31
 909 0096 13       		.uleb128 0x13
 910 0097 00       		.byte	0
 911 0098 00       		.byte	0
 912 0099 0C       		.uleb128 0xc
 913 009a 8A8201   		.uleb128 0x410a
ARM GAS  C:\Users\ADMINI~1\AppData\Local\Temp\ccG8frn5.s 			page 23


 914 009d 00       		.byte	0
 915 009e 02       		.uleb128 0x2
 916 009f 18       		.uleb128 0x18
 917 00a0 9142     		.uleb128 0x2111
 918 00a2 18       		.uleb128 0x18
 919 00a3 00       		.byte	0
 920 00a4 00       		.byte	0
 921 00a5 0D       		.uleb128 0xd
 922 00a6 898201   		.uleb128 0x4109
 923 00a9 00       		.byte	0
 924 00aa 11       		.uleb128 0x11
 925 00ab 01       		.uleb128 0x1
 926 00ac 31       		.uleb128 0x31
 927 00ad 13       		.uleb128 0x13
 928 00ae 00       		.byte	0
 929 00af 00       		.byte	0
 930 00b0 0E       		.uleb128 0xe
 931 00b1 898201   		.uleb128 0x4109
 932 00b4 01       		.byte	0x1
 933 00b5 11       		.uleb128 0x11
 934 00b6 01       		.uleb128 0x1
 935 00b7 31       		.uleb128 0x31
 936 00b8 13       		.uleb128 0x13
 937 00b9 01       		.uleb128 0x1
 938 00ba 13       		.uleb128 0x13
 939 00bb 00       		.byte	0
 940 00bc 00       		.byte	0
 941 00bd 0F       		.uleb128 0xf
 942 00be 2E       		.uleb128 0x2e
 943 00bf 01       		.byte	0x1
 944 00c0 3F       		.uleb128 0x3f
 945 00c1 19       		.uleb128 0x19
 946 00c2 03       		.uleb128 0x3
 947 00c3 0E       		.uleb128 0xe
 948 00c4 3A       		.uleb128 0x3a
 949 00c5 0B       		.uleb128 0xb
 950 00c6 3B       		.uleb128 0x3b
 951 00c7 0B       		.uleb128 0xb
 952 00c8 27       		.uleb128 0x27
 953 00c9 19       		.uleb128 0x19
 954 00ca 11       		.uleb128 0x11
 955 00cb 01       		.uleb128 0x1
 956 00cc 12       		.uleb128 0x12
 957 00cd 06       		.uleb128 0x6
 958 00ce 40       		.uleb128 0x40
 959 00cf 18       		.uleb128 0x18
 960 00d0 9742     		.uleb128 0x2117
 961 00d2 19       		.uleb128 0x19
 962 00d3 01       		.uleb128 0x1
 963 00d4 13       		.uleb128 0x13
 964 00d5 00       		.byte	0
 965 00d6 00       		.byte	0
 966 00d7 10       		.uleb128 0x10
 967 00d8 0B       		.uleb128 0xb
 968 00d9 01       		.byte	0x1
 969 00da 11       		.uleb128 0x11
 970 00db 01       		.uleb128 0x1
ARM GAS  C:\Users\ADMINI~1\AppData\Local\Temp\ccG8frn5.s 			page 24


 971 00dc 12       		.uleb128 0x12
 972 00dd 06       		.uleb128 0x6
 973 00de 01       		.uleb128 0x1
 974 00df 13       		.uleb128 0x13
 975 00e0 00       		.byte	0
 976 00e1 00       		.byte	0
 977 00e2 11       		.uleb128 0x11
 978 00e3 13       		.uleb128 0x13
 979 00e4 01       		.byte	0x1
 980 00e5 0B       		.uleb128 0xb
 981 00e6 0B       		.uleb128 0xb
 982 00e7 3A       		.uleb128 0x3a
 983 00e8 0B       		.uleb128 0xb
 984 00e9 3B       		.uleb128 0x3b
 985 00ea 0B       		.uleb128 0xb
 986 00eb 01       		.uleb128 0x1
 987 00ec 13       		.uleb128 0x13
 988 00ed 00       		.byte	0
 989 00ee 00       		.byte	0
 990 00ef 12       		.uleb128 0x12
 991 00f0 0D       		.uleb128 0xd
 992 00f1 00       		.byte	0
 993 00f2 03       		.uleb128 0x3
 994 00f3 0E       		.uleb128 0xe
 995 00f4 3A       		.uleb128 0x3a
 996 00f5 0B       		.uleb128 0xb
 997 00f6 3B       		.uleb128 0x3b
 998 00f7 0B       		.uleb128 0xb
 999 00f8 49       		.uleb128 0x49
 1000 00f9 13       		.uleb128 0x13
 1001 00fa 38       		.uleb128 0x38
 1002 00fb 0B       		.uleb128 0xb
 1003 00fc 00       		.byte	0
 1004 00fd 00       		.byte	0
 1005 00fe 13       		.uleb128 0x13
 1006 00ff 01       		.uleb128 0x1
 1007 0100 01       		.byte	0x1
 1008 0101 49       		.uleb128 0x49
 1009 0102 13       		.uleb128 0x13
 1010 0103 01       		.uleb128 0x1
 1011 0104 13       		.uleb128 0x13
 1012 0105 00       		.byte	0
 1013 0106 00       		.byte	0
 1014 0107 14       		.uleb128 0x14
 1015 0108 21       		.uleb128 0x21
 1016 0109 00       		.byte	0
 1017 010a 49       		.uleb128 0x49
 1018 010b 13       		.uleb128 0x13
 1019 010c 2F       		.uleb128 0x2f
 1020 010d 0B       		.uleb128 0xb
 1021 010e 00       		.byte	0
 1022 010f 00       		.byte	0
 1023 0110 15       		.uleb128 0x15
 1024 0111 34       		.uleb128 0x34
 1025 0112 00       		.byte	0
 1026 0113 03       		.uleb128 0x3
 1027 0114 0E       		.uleb128 0xe
ARM GAS  C:\Users\ADMINI~1\AppData\Local\Temp\ccG8frn5.s 			page 25


 1028 0115 3A       		.uleb128 0x3a
 1029 0116 0B       		.uleb128 0xb
 1030 0117 3B       		.uleb128 0x3b
 1031 0118 0B       		.uleb128 0xb
 1032 0119 49       		.uleb128 0x49
 1033 011a 13       		.uleb128 0x13
 1034 011b 02       		.uleb128 0x2
 1035 011c 18       		.uleb128 0x18
 1036 011d 00       		.byte	0
 1037 011e 00       		.byte	0
 1038 011f 16       		.uleb128 0x16
 1039 0120 26       		.uleb128 0x26
 1040 0121 00       		.byte	0
 1041 0122 49       		.uleb128 0x49
 1042 0123 13       		.uleb128 0x13
 1043 0124 00       		.byte	0
 1044 0125 00       		.byte	0
 1045 0126 17       		.uleb128 0x17
 1046 0127 34       		.uleb128 0x34
 1047 0128 00       		.byte	0
 1048 0129 03       		.uleb128 0x3
 1049 012a 08       		.uleb128 0x8
 1050 012b 3A       		.uleb128 0x3a
 1051 012c 0B       		.uleb128 0xb
 1052 012d 3B       		.uleb128 0x3b
 1053 012e 05       		.uleb128 0x5
 1054 012f 49       		.uleb128 0x49
 1055 0130 13       		.uleb128 0x13
 1056 0131 02       		.uleb128 0x2
 1057 0132 17       		.uleb128 0x17
 1058 0133 00       		.byte	0
 1059 0134 00       		.byte	0
 1060 0135 18       		.uleb128 0x18
 1061 0136 0B       		.uleb128 0xb
 1062 0137 01       		.byte	0x1
 1063 0138 11       		.uleb128 0x11
 1064 0139 01       		.uleb128 0x1
 1065 013a 12       		.uleb128 0x12
 1066 013b 06       		.uleb128 0x6
 1067 013c 00       		.byte	0
 1068 013d 00       		.byte	0
 1069 013e 19       		.uleb128 0x19
 1070 013f 0F       		.uleb128 0xf
 1071 0140 00       		.byte	0
 1072 0141 0B       		.uleb128 0xb
 1073 0142 0B       		.uleb128 0xb
 1074 0143 49       		.uleb128 0x49
 1075 0144 13       		.uleb128 0x13
 1076 0145 00       		.byte	0
 1077 0146 00       		.byte	0
 1078 0147 1A       		.uleb128 0x1a
 1079 0148 2E       		.uleb128 0x2e
 1080 0149 01       		.byte	0x1
 1081 014a 3F       		.uleb128 0x3f
 1082 014b 19       		.uleb128 0x19
 1083 014c 03       		.uleb128 0x3
 1084 014d 0E       		.uleb128 0xe
ARM GAS  C:\Users\ADMINI~1\AppData\Local\Temp\ccG8frn5.s 			page 26


 1085 014e 27       		.uleb128 0x27
 1086 014f 19       		.uleb128 0x19
 1087 0150 49       		.uleb128 0x49
 1088 0151 13       		.uleb128 0x13
 1089 0152 34       		.uleb128 0x34
 1090 0153 19       		.uleb128 0x19
 1091 0154 3C       		.uleb128 0x3c
 1092 0155 19       		.uleb128 0x19
 1093 0156 01       		.uleb128 0x1
 1094 0157 13       		.uleb128 0x13
 1095 0158 00       		.byte	0
 1096 0159 00       		.byte	0
 1097 015a 1B       		.uleb128 0x1b
 1098 015b 05       		.uleb128 0x5
 1099 015c 00       		.byte	0
 1100 015d 49       		.uleb128 0x49
 1101 015e 13       		.uleb128 0x13
 1102 015f 00       		.byte	0
 1103 0160 00       		.byte	0
 1104 0161 1C       		.uleb128 0x1c
 1105 0162 2E       		.uleb128 0x2e
 1106 0163 00       		.byte	0
 1107 0164 3F       		.uleb128 0x3f
 1108 0165 19       		.uleb128 0x19
 1109 0166 03       		.uleb128 0x3
 1110 0167 0E       		.uleb128 0xe
 1111 0168 3A       		.uleb128 0x3a
 1112 0169 0B       		.uleb128 0xb
 1113 016a 3B       		.uleb128 0x3b
 1114 016b 0B       		.uleb128 0xb
 1115 016c 27       		.uleb128 0x27
 1116 016d 19       		.uleb128 0x19
 1117 016e 3C       		.uleb128 0x3c
 1118 016f 19       		.uleb128 0x19
 1119 0170 00       		.byte	0
 1120 0171 00       		.byte	0
 1121 0172 1D       		.uleb128 0x1d
 1122 0173 2E       		.uleb128 0x2e
 1123 0174 01       		.byte	0x1
 1124 0175 3F       		.uleb128 0x3f
 1125 0176 19       		.uleb128 0x19
 1126 0177 03       		.uleb128 0x3
 1127 0178 0E       		.uleb128 0xe
 1128 0179 3A       		.uleb128 0x3a
 1129 017a 0B       		.uleb128 0xb
 1130 017b 3B       		.uleb128 0x3b
 1131 017c 0B       		.uleb128 0xb
 1132 017d 27       		.uleb128 0x27
 1133 017e 19       		.uleb128 0x19
 1134 017f 3C       		.uleb128 0x3c
 1135 0180 19       		.uleb128 0x19
 1136 0181 01       		.uleb128 0x1
 1137 0182 13       		.uleb128 0x13
 1138 0183 00       		.byte	0
 1139 0184 00       		.byte	0
 1140 0185 1E       		.uleb128 0x1e
 1141 0186 2E       		.uleb128 0x2e
ARM GAS  C:\Users\ADMINI~1\AppData\Local\Temp\ccG8frn5.s 			page 27


 1142 0187 01       		.byte	0x1
 1143 0188 3F       		.uleb128 0x3f
 1144 0189 19       		.uleb128 0x19
 1145 018a 03       		.uleb128 0x3
 1146 018b 0E       		.uleb128 0xe
 1147 018c 3A       		.uleb128 0x3a
 1148 018d 0B       		.uleb128 0xb
 1149 018e 3B       		.uleb128 0x3b
 1150 018f 0B       		.uleb128 0xb
 1151 0190 27       		.uleb128 0x27
 1152 0191 19       		.uleb128 0x19
 1153 0192 49       		.uleb128 0x49
 1154 0193 13       		.uleb128 0x13
 1155 0194 3C       		.uleb128 0x3c
 1156 0195 19       		.uleb128 0x19
 1157 0196 01       		.uleb128 0x1
 1158 0197 13       		.uleb128 0x13
 1159 0198 00       		.byte	0
 1160 0199 00       		.byte	0
 1161 019a 1F       		.uleb128 0x1f
 1162 019b 2E       		.uleb128 0x2e
 1163 019c 01       		.byte	0x1
 1164 019d 3F       		.uleb128 0x3f
 1165 019e 19       		.uleb128 0x19
 1166 019f 03       		.uleb128 0x3
 1167 01a0 0E       		.uleb128 0xe
 1168 01a1 3A       		.uleb128 0x3a
 1169 01a2 0B       		.uleb128 0xb
 1170 01a3 3B       		.uleb128 0x3b
 1171 01a4 0B       		.uleb128 0xb
 1172 01a5 27       		.uleb128 0x27
 1173 01a6 19       		.uleb128 0x19
 1174 01a7 3C       		.uleb128 0x3c
 1175 01a8 19       		.uleb128 0x19
 1176 01a9 00       		.byte	0
 1177 01aa 00       		.byte	0
 1178 01ab 00       		.byte	0
 1179              		.section	.debug_loc,"",%progbits
 1180              	.Ldebug_loc0:
 1181              	.LLST0:
 1182 0000 00000000 		.4byte	.LVL0
 1183 0004 09000000 		.4byte	.LVL2-1
 1184 0008 0100     		.2byte	0x1
 1185 000a 50       		.byte	0x50
 1186 000b 09000000 		.4byte	.LVL2-1
 1187 000f 0C000000 		.4byte	.LFE2
 1188 0013 0400     		.2byte	0x4
 1189 0015 F3       		.byte	0xf3
 1190 0016 01       		.uleb128 0x1
 1191 0017 50       		.byte	0x50
 1192 0018 9F       		.byte	0x9f
 1193 0019 00000000 		.4byte	0
 1194 001d 00000000 		.4byte	0
 1195              	.LLST1:
 1196 0021 00000000 		.4byte	.LVL0
 1197 0025 06000000 		.4byte	.LVL1
 1198 0029 0100     		.2byte	0x1
ARM GAS  C:\Users\ADMINI~1\AppData\Local\Temp\ccG8frn5.s 			page 28


 1199 002b 51       		.byte	0x51
 1200 002c 06000000 		.4byte	.LVL1
 1201 0030 09000000 		.4byte	.LVL2-1
 1202 0034 0100     		.2byte	0x1
 1203 0036 52       		.byte	0x52
 1204 0037 09000000 		.4byte	.LVL2-1
 1205 003b 0C000000 		.4byte	.LFE2
 1206 003f 0400     		.2byte	0x4
 1207 0041 F3       		.byte	0xf3
 1208 0042 01       		.uleb128 0x1
 1209 0043 51       		.byte	0x51
 1210 0044 9F       		.byte	0x9f
 1211 0045 00000000 		.4byte	0
 1212 0049 00000000 		.4byte	0
 1213              	.LLST2:
 1214 004d C6000000 		.4byte	.LVL9
 1215 0051 CA000000 		.4byte	.LVL10
 1216 0055 0200     		.2byte	0x2
 1217 0057 30       		.byte	0x30
 1218 0058 9F       		.byte	0x9f
 1219 0059 CA000000 		.4byte	.LVL10
 1220 005d EA000000 		.4byte	.LVL12
 1221 0061 0100     		.2byte	0x1
 1222 0063 54       		.byte	0x54
 1223 0064 EC000000 		.4byte	.LVL13
 1224 0068 7E010000 		.4byte	.LVL16
 1225 006c 0100     		.2byte	0x1
 1226 006e 54       		.byte	0x54
 1227 006f 00000000 		.4byte	0
 1228 0073 00000000 		.4byte	0
 1229              	.LLST3:
 1230 0077 CA000000 		.4byte	.LVL10
 1231 007b EA000000 		.4byte	.LVL12
 1232 007f 0B00     		.2byte	0xb
 1233 0081 74       		.byte	0x74
 1234 0082 00       		.sleb128 0
 1235 0083 36       		.byte	0x36
 1236 0084 1E       		.byte	0x1e
 1237 0085 03       		.byte	0x3
 1238 0086 00000000 		.4byte	cfg_memset_list.4742
 1239 008a 22       		.byte	0x22
 1240 008b 9F       		.byte	0x9f
 1241 008c EA000000 		.4byte	.LVL12
 1242 0090 EC000000 		.4byte	.LVL13
 1243 0094 0B00     		.2byte	0xb
 1244 0096 74       		.byte	0x74
 1245 0097 7F       		.sleb128 -1
 1246 0098 36       		.byte	0x36
 1247 0099 1E       		.byte	0x1e
 1248 009a 03       		.byte	0x3
 1249 009b 00000000 		.4byte	cfg_memset_list.4742
 1250 009f 22       		.byte	0x22
 1251 00a0 9F       		.byte	0x9f
 1252 00a1 00000000 		.4byte	0
 1253 00a5 00000000 		.4byte	0
 1254              		.section	.debug_aranges,"",%progbits
 1255 0000 34000000 		.4byte	0x34
ARM GAS  C:\Users\ADMINI~1\AppData\Local\Temp\ccG8frn5.s 			page 29


 1256 0004 0200     		.2byte	0x2
 1257 0006 00000000 		.4byte	.Ldebug_info0
 1258 000a 04       		.byte	0x4
 1259 000b 00       		.byte	0
 1260 000c 0000     		.2byte	0
 1261 000e 0000     		.2byte	0
 1262 0010 00000000 		.4byte	.LFB6
 1263 0014 20000000 		.4byte	.LFE6-.LFB6
 1264 0018 00000000 		.4byte	.LFB2
 1265 001c 0C000000 		.4byte	.LFE2-.LFB2
 1266 0020 00000000 		.4byte	.LFB5
 1267 0024 BC000000 		.4byte	.LFE5-.LFB5
 1268 0028 BC000000 		.4byte	.LFB7
 1269 002c 14010000 		.4byte	.LFE7-.LFB7
 1270 0030 00000000 		.4byte	0
 1271 0034 00000000 		.4byte	0
 1272              		.section	.debug_ranges,"",%progbits
 1273              	.Ldebug_ranges0:
 1274 0000 00000000 		.4byte	.LFB6
 1275 0004 20000000 		.4byte	.LFE6
 1276 0008 00000000 		.4byte	.LFB2
 1277 000c 0C000000 		.4byte	.LFE2
 1278 0010 00000000 		.4byte	.LFB5
 1279 0014 BC000000 		.4byte	.LFE5
 1280 0018 BC000000 		.4byte	.LFB7
 1281 001c D0010000 		.4byte	.LFE7
 1282 0020 00000000 		.4byte	0
 1283 0024 00000000 		.4byte	0
 1284              		.section	.debug_line,"",%progbits
 1285              	.Ldebug_line0:
 1286 0000 63010000 		.section	.debug_str,"MS",%progbits,1
 1286      0200E500 
 1286      00000201 
 1286      FB0E0D00 
 1286      01010101 
 1287              	.LASF27:
 1288 0000 43794465 		.ascii	"CyDelayCycles\000"
 1288      6C617943 
 1288      79636C65 
 1288      7300
 1289              	.LASF19:
 1290 000e 72656733 		.ascii	"reg32\000"
 1290      3200
 1291              	.LASF11:
 1292 0014 73697A65 		.ascii	"size_t\000"
 1292      5F7400
 1293              	.LASF34:
 1294 001b 416E616C 		.ascii	"AnalogSetDefault\000"
 1294      6F675365 
 1294      74446566 
 1294      61756C74 
 1294      00
 1295              	.LASF25:
 1296 002c 6366675F 		.ascii	"cfg_memset_list\000"
 1296      6D656D73 
 1296      65745F6C 
 1296      69737400 
ARM GAS  C:\Users\ADMINI~1\AppData\Local\Temp\ccG8frn5.s 			page 30


 1297              	.LASF21:
 1298 003c 436C6F63 		.ascii	"ClockSetup\000"
 1298      6B536574 
 1298      757000
 1299              	.LASF4:
 1300 0047 73686F72 		.ascii	"short unsigned int\000"
 1300      7420756E 
 1300      7369676E 
 1300      65642069 
 1300      6E7400
 1301              	.LASF15:
 1302 005a 666C6F61 		.ascii	"float\000"
 1302      7400
 1303              	.LASF23:
 1304 0060 73697A65 		.ascii	"size\000"
 1304      00
 1305              	.LASF29:
 1306 0065 43795379 		.ascii	"CySysClkWcoSetPowerMode\000"
 1306      73436C6B 
 1306      57636F53 
 1306      6574506F 
 1306      7765724D 
 1307              	.LASF18:
 1308 007d 72656738 		.ascii	"reg8\000"
 1308      00
 1309              	.LASF6:
 1310 0082 6C6F6E67 		.ascii	"long unsigned int\000"
 1310      20756E73 
 1310      69676E65 
 1310      6420696E 
 1310      7400
 1311              	.LASF12:
 1312 0094 75696E74 		.ascii	"uint8\000"
 1312      3800
 1313              	.LASF36:
 1314 009a 43795379 		.ascii	"CySysClkWcoStart\000"
 1314      73436C6B 
 1314      57636F53 
 1314      74617274 
 1314      00
 1315              	.LASF20:
 1316 00ab 43594D45 		.ascii	"CYMEMZERO\000"
 1316      4D5A4552 
 1316      4F00
 1317              	.LASF2:
 1318 00b5 756E7369 		.ascii	"unsigned char\000"
 1318      676E6564 
 1318      20636861 
 1318      7200
 1319              	.LASF26:
 1320 00c3 6D656D73 		.ascii	"memset\000"
 1320      657400
 1321              	.LASF16:
 1322 00ca 646F7562 		.ascii	"double\000"
 1322      6C6500
 1323              	.LASF35:
 1324 00d1 63796669 		.ascii	"cyfitter_cfg\000"
ARM GAS  C:\Users\ADMINI~1\AppData\Local\Temp\ccG8frn5.s 			page 31


 1324      74746572 
 1324      5F636667 
 1324      00
 1325              	.LASF13:
 1326 00de 75696E74 		.ascii	"uint16\000"
 1326      313600
 1327              	.LASF17:
 1328 00e5 63797374 		.ascii	"cystatus\000"
 1328      61747573 
 1328      00
 1329              	.LASF14:
 1330 00ee 75696E74 		.ascii	"uint32\000"
 1330      333200
 1331              	.LASF33:
 1332 00f5 433A5C55 		.ascii	"C:\\Users\\Administrator\\Desktop\\Temporary Files\\"
 1332      73657273 
 1332      5C41646D 
 1332      696E6973 
 1332      74726174 
 1333 0124 43595F69 		.ascii	"CY_interruped\\Interrupts_Example01\\Interrupts_Exa"
 1333      6E746572 
 1333      72757065 
 1333      645C496E 
 1333      74657272 
 1334 0155 6D706C65 		.ascii	"mple01.cydsn\000"
 1334      30312E63 
 1334      7964736E 
 1334      00
 1335              	.LASF0:
 1336 0162 756E7369 		.ascii	"unsigned int\000"
 1336      676E6564 
 1336      20696E74 
 1336      00
 1337              	.LASF22:
 1338 016f 61646472 		.ascii	"address\000"
 1338      65737300 
 1339              	.LASF8:
 1340 0177 6C6F6E67 		.ascii	"long long unsigned int\000"
 1340      206C6F6E 
 1340      6720756E 
 1340      7369676E 
 1340      65642069 
 1341              	.LASF24:
 1342 018e 6366675F 		.ascii	"cfg_memset_t\000"
 1342      6D656D73 
 1342      65745F74 
 1342      00
 1343              	.LASF32:
 1344 019b 2E5C4765 		.ascii	".\\Generated_Source\\PSoC4\\cyfitter_cfg.c\000"
 1344      6E657261 
 1344      7465645F 
 1344      536F7572 
 1344      63655C50 
 1345              	.LASF9:
 1346 01c3 73697A65 		.ascii	"sizetype\000"
 1346      74797065 
 1346      00
ARM GAS  C:\Users\ADMINI~1\AppData\Local\Temp\ccG8frn5.s 			page 32


 1347              	.LASF7:
 1348 01cc 6C6F6E67 		.ascii	"long long int\000"
 1348      206C6F6E 
 1348      6720696E 
 1348      7400
 1349              	.LASF37:
 1350 01da 43794465 		.ascii	"CyDelayUs\000"
 1350      6C617955 
 1350      7300
 1351              	.LASF10:
 1352 01e4 63686172 		.ascii	"char\000"
 1352      00
 1353              	.LASF30:
 1354 01e9 43795379 		.ascii	"CySysClkEcoStart\000"
 1354      73436C6B 
 1354      45636F53 
 1354      74617274 
 1354      00
 1355              	.LASF31:
 1356 01fa 474E5520 		.ascii	"GNU C 4.9.3 20150303 (release) [ARM/embedded-4_9-br"
 1356      4320342E 
 1356      392E3320 
 1356      32303135 
 1356      30333033 
 1357 022d 616E6368 		.ascii	"anch revision 221220] -mcpu=cortex-m0 -mthumb -g -O"
 1357      20726576 
 1357      6973696F 
 1357      6E203232 
 1357      31323230 
 1358 0260 67202D66 		.ascii	"g -ffunction-sections -ffat-lto-objects\000"
 1358      66756E63 
 1358      74696F6E 
 1358      2D736563 
 1358      74696F6E 
 1359              	.LASF3:
 1360 0288 73686F72 		.ascii	"short int\000"
 1360      7420696E 
 1360      7400
 1361              	.LASF28:
 1362 0292 43795379 		.ascii	"CySysClkWriteImoFreq\000"
 1362      73436C6B 
 1362      57726974 
 1362      65496D6F 
 1362      46726571 
 1363              	.LASF5:
 1364 02a7 6C6F6E67 		.ascii	"long int\000"
 1364      20696E74 
 1364      00
 1365              	.LASF1:
 1366 02b0 7369676E 		.ascii	"signed char\000"
 1366      65642063 
 1366      68617200 
 1367              		.ident	"GCC: (GNU Tools for ARM Embedded Processors) 4.9.3 20150303 (release) [ARM/embedded-4_9-br
