Archive member included because of file (symbol)

.\CortexM0\ARM_GCC_493\Debug\Interrupts_Example01.a(cyfitter_cfg.o)
                              .\CortexM0\ARM_GCC_493\Debug\Cm0Start.o (cyfitter_cfg)
.\CortexM0\ARM_GCC_493\Debug\Interrupts_Example01.a(Pin_Sw.o)
                              .\CortexM0\ARM_GCC_493\Debug\main.o (Pin_Sw_ClearInterrupt)
.\CortexM0\ARM_GCC_493\Debug\Interrupts_Example01.a(LED_Isr.o)
                              .\CortexM0\ARM_GCC_493\Debug\main.o (LED_Isr_Write)
.\CortexM0\ARM_GCC_493\Debug\Interrupts_Example01.a(LED_Nested.o)
                              .\CortexM0\ARM_GCC_493\Debug\main.o (LED_Nested_Write)
.\CortexM0\ARM_GCC_493\Debug\Interrupts_Example01.a(CyBootAsmGnu.o)
                              .\CortexM0\ARM_GCC_493\Debug\Interrupts_Example01.a(cyfitter_cfg.o) (CyDelayCycles)
.\CortexM0\ARM_GCC_493\Debug\Interrupts_Example01.a(CyLib.o)
                              .\CortexM0\ARM_GCC_493\Debug\Interrupts_Example01.a(cyfitter_cfg.o) (CySysClkWriteImoFreq)
.\CortexM0\ARM_GCC_493\Debug\Interrupts_Example01.a(CyLFClk.o)
                              .\CortexM0\ARM_GCC_493\Debug\Interrupts_Example01.a(cyfitter_cfg.o) (CySysClkWcoStart)
.\CortexM0\ARM_GCC_493\Debug\Interrupts_Example01.a(ISRGPIO.o)
                              .\CortexM0\ARM_GCC_493\Debug\main.o (ISRGPIO_SetPriority)
.\CortexM0\ARM_GCC_493\Debug\Interrupts_Example01.a(UART_1.o)
                              .\CortexM0\ARM_GCC_493\Debug\main.o (UART_1_Start)
.\CortexM0\ARM_GCC_493\Debug\Interrupts_Example01.a(UART_1_SPI_UART.o)
                              .\CortexM0\ARM_GCC_493\Debug\main.o (UART_1_SpiUartReadRxData)
.\CortexM0\ARM_GCC_493\Debug\Interrupts_Example01.a(UART_1_UART.o)
                              .\CortexM0\ARM_GCC_493\Debug\Interrupts_Example01.a(UART_1.o) (UART_1_UartInit)
.\CortexM0\ARM_GCC_493\Debug\Interrupts_Example01.a(UART_1_SCB_IRQ.o)
                              .\CortexM0\ARM_GCC_493\Debug\main.o (UART_1_SCB_IRQ_Start)
.\CortexM0\ARM_GCC_493\Debug\Interrupts_Example01.a(UART_1_SPI_UART_INT.o)
                              .\CortexM0\ARM_GCC_493\Debug\Interrupts_Example01.a(UART_1_UART.o) (UART_1_SPI_UART_ISR)
d:/program files (x86)/cypress/psoc creator/3.3/psoc creator/import/gnu/arm/4.9.3/bin/../lib/gcc/arm-none-eabi/4.9.3/armv6-m\libgcc.a(_udivsi3.o)
                              .\CortexM0\ARM_GCC_493\Debug\Interrupts_Example01.a(CyLib.o) (__aeabi_uidiv)
d:/program files (x86)/cypress/psoc creator/3.3/psoc creator/import/gnu/arm/4.9.3/bin/../lib/gcc/arm-none-eabi/4.9.3/armv6-m\libgcc.a(_dvmd_tls.o)
                              d:/program files (x86)/cypress/psoc creator/3.3/psoc creator/import/gnu/arm/4.9.3/bin/../lib/gcc/arm-none-eabi/4.9.3/armv6-m\libgcc.a(_udivsi3.o) (__aeabi_idiv0)
d:/program files (x86)/cypress/psoc creator/3.3/psoc creator/import/gnu/arm/4.9.3/bin/../lib/gcc/arm-none-eabi/4.9.3/../../../../arm-none-eabi/lib/armv6-m\libg_nano.a(lib_a-errno.o)
                              .\CortexM0\ARM_GCC_493\Debug\Cm0Start.o (__errno)
d:/program files (x86)/cypress/psoc creator/3.3/psoc creator/import/gnu/arm/4.9.3/bin/../lib/gcc/arm-none-eabi/4.9.3/../../../../arm-none-eabi/lib/armv6-m\libg_nano.a(lib_a-exit.o)
                              d:/program files (x86)/cypress/psoc creator/3.3/psoc creator/import/gnu/arm/4.9.3/bin/../lib/gcc/arm-none-eabi/4.9.3/../../../../arm-none-eabi/lib/armv6-m/crt0.o (exit)
d:/program files (x86)/cypress/psoc creator/3.3/psoc creator/import/gnu/arm/4.9.3/bin/../lib/gcc/arm-none-eabi/4.9.3/../../../../arm-none-eabi/lib/armv6-m\libg_nano.a(lib_a-impure.o)
                              d:/program files (x86)/cypress/psoc creator/3.3/psoc creator/import/gnu/arm/4.9.3/bin/../lib/gcc/arm-none-eabi/4.9.3/../../../../arm-none-eabi/lib/armv6-m\libg_nano.a(lib_a-exit.o) (_global_impure_ptr)
d:/program files (x86)/cypress/psoc creator/3.3/psoc creator/import/gnu/arm/4.9.3/bin/../lib/gcc/arm-none-eabi/4.9.3/../../../../arm-none-eabi/lib/armv6-m\libg_nano.a(lib_a-init.o)
                              d:/program files (x86)/cypress/psoc creator/3.3/psoc creator/import/gnu/arm/4.9.3/bin/../lib/gcc/arm-none-eabi/4.9.3/../../../../arm-none-eabi/lib/armv6-m/crt0.o (__libc_init_array)
d:/program files (x86)/cypress/psoc creator/3.3/psoc creator/import/gnu/arm/4.9.3/bin/../lib/gcc/arm-none-eabi/4.9.3/../../../../arm-none-eabi/lib/armv6-m\libg_nano.a(lib_a-memset.o)
                              d:/program files (x86)/cypress/psoc creator/3.3/psoc creator/import/gnu/arm/4.9.3/bin/../lib/gcc/arm-none-eabi/4.9.3/../../../../arm-none-eabi/lib/armv6-m/crt0.o (memset)

Discarded input sections

 .text          0x00000000        0x0 d:/program files (x86)/cypress/psoc creator/3.3/psoc creator/import/gnu/arm/4.9.3/bin/../lib/gcc/arm-none-eabi/4.9.3/armv6-m/crti.o
 .data          0x00000000        0x0 d:/program files (x86)/cypress/psoc creator/3.3/psoc creator/import/gnu/arm/4.9.3/bin/../lib/gcc/arm-none-eabi/4.9.3/armv6-m/crti.o
 .bss           0x00000000        0x0 d:/program files (x86)/cypress/psoc creator/3.3/psoc creator/import/gnu/arm/4.9.3/bin/../lib/gcc/arm-none-eabi/4.9.3/armv6-m/crti.o
 .data          0x00000000        0x4 d:/program files (x86)/cypress/psoc creator/3.3/psoc creator/import/gnu/arm/4.9.3/bin/../lib/gcc/arm-none-eabi/4.9.3/armv6-m/crtbegin.o
 .text          0x00000000       0x78 d:/program files (x86)/cypress/psoc creator/3.3/psoc creator/import/gnu/arm/4.9.3/bin/../lib/gcc/arm-none-eabi/4.9.3/../../../../arm-none-eabi/lib/armv6-m/crt0.o
 .data          0x00000000        0x0 d:/program files (x86)/cypress/psoc creator/3.3/psoc creator/import/gnu/arm/4.9.3/bin/../lib/gcc/arm-none-eabi/4.9.3/../../../../arm-none-eabi/lib/armv6-m/crt0.o
 .bss           0x00000000        0x0 d:/program files (x86)/cypress/psoc creator/3.3/psoc creator/import/gnu/arm/4.9.3/bin/../lib/gcc/arm-none-eabi/4.9.3/../../../../arm-none-eabi/lib/armv6-m/crt0.o
 .ARM.extab     0x00000000        0x0 d:/program files (x86)/cypress/psoc creator/3.3/psoc creator/import/gnu/arm/4.9.3/bin/../lib/gcc/arm-none-eabi/4.9.3/../../../../arm-none-eabi/lib/armv6-m/crt0.o
 .ARM.exidx     0x00000000        0x8 d:/program files (x86)/cypress/psoc creator/3.3/psoc creator/import/gnu/arm/4.9.3/bin/../lib/gcc/arm-none-eabi/4.9.3/../../../../arm-none-eabi/lib/armv6-m/crt0.o
 .text          0x00000000        0x0 .\CortexM0\ARM_GCC_493\Debug\main.o
 .data          0x00000000        0x0 .\CortexM0\ARM_GCC_493\Debug\main.o
 .bss           0x00000000        0x0 .\CortexM0\ARM_GCC_493\Debug\main.o
 .text.NestedIsrHandler
                0x00000000       0x28 .\CortexM0\ARM_GCC_493\Debug\main.o
 .text          0x00000000        0x0 .\CortexM0\ARM_GCC_493\Debug\cymetadata.o
 .data          0x00000000        0x0 .\CortexM0\ARM_GCC_493\Debug\cymetadata.o
 .bss           0x00000000        0x0 .\CortexM0\ARM_GCC_493\Debug\cymetadata.o
 .text          0x00000000        0x0 .\CortexM0\ARM_GCC_493\Debug\Cm0Start.o
 .data          0x00000000        0x4 .\CortexM0\ARM_GCC_493\Debug\Cm0Start.o
 .bss           0x00000000        0x0 .\CortexM0\ARM_GCC_493\Debug\Cm0Start.o
 .text._exit    0x00000000        0xc .\CortexM0\ARM_GCC_493\Debug\Cm0Start.o
 .text._sbrk    0x00000000       0x30 .\CortexM0\ARM_GCC_493\Debug\Cm0Start.o
 .text          0x00000000        0x0 .\CortexM0\ARM_GCC_493\Debug\Interrupts_Example01.a(cyfitter_cfg.o)
 .data          0x00000000        0x0 .\CortexM0\ARM_GCC_493\Debug\Interrupts_Example01.a(cyfitter_cfg.o)
 .bss           0x00000000        0x0 .\CortexM0\ARM_GCC_493\Debug\Interrupts_Example01.a(cyfitter_cfg.o)
 .text          0x00000000        0x0 .\CortexM0\ARM_GCC_493\Debug\Interrupts_Example01.a(Pin_Sw.o)
 .data          0x00000000        0x0 .\CortexM0\ARM_GCC_493\Debug\Interrupts_Example01.a(Pin_Sw.o)
 .bss           0x00000000        0x0 .\CortexM0\ARM_GCC_493\Debug\Interrupts_Example01.a(Pin_Sw.o)
 .text.Pin_Sw_SetDriveMode
                0x00000000       0x18 .\CortexM0\ARM_GCC_493\Debug\Interrupts_Example01.a(Pin_Sw.o)
 .text.Pin_Sw_Write
                0x00000000       0x18 .\CortexM0\ARM_GCC_493\Debug\Interrupts_Example01.a(Pin_Sw.o)
 .text.Pin_Sw_Read
                0x00000000       0x10 .\CortexM0\ARM_GCC_493\Debug\Interrupts_Example01.a(Pin_Sw.o)
 .text.Pin_Sw_ReadDataReg
                0x00000000       0x10 .\CortexM0\ARM_GCC_493\Debug\Interrupts_Example01.a(Pin_Sw.o)
 .text.Pin_Sw_SetInterruptMode
                0x00000000       0x14 .\CortexM0\ARM_GCC_493\Debug\Interrupts_Example01.a(Pin_Sw.o)
 .text          0x00000000        0x0 .\CortexM0\ARM_GCC_493\Debug\Interrupts_Example01.a(LED_Isr.o)
 .data          0x00000000        0x0 .\CortexM0\ARM_GCC_493\Debug\Interrupts_Example01.a(LED_Isr.o)
 .bss           0x00000000        0x0 .\CortexM0\ARM_GCC_493\Debug\Interrupts_Example01.a(LED_Isr.o)
 .text.LED_Isr_SetDriveMode
                0x00000000       0x18 .\CortexM0\ARM_GCC_493\Debug\Interrupts_Example01.a(LED_Isr.o)
 .text.LED_Isr_Read
                0x00000000       0x10 .\CortexM0\ARM_GCC_493\Debug\Interrupts_Example01.a(LED_Isr.o)
 .text.LED_Isr_ReadDataReg
                0x00000000       0x10 .\CortexM0\ARM_GCC_493\Debug\Interrupts_Example01.a(LED_Isr.o)
 .text.LED_Isr_SetInterruptMode
                0x00000000       0x14 .\CortexM0\ARM_GCC_493\Debug\Interrupts_Example01.a(LED_Isr.o)
 .text.LED_Isr_ClearInterrupt
                0x00000000       0x14 .\CortexM0\ARM_GCC_493\Debug\Interrupts_Example01.a(LED_Isr.o)
 .text          0x00000000        0x0 .\CortexM0\ARM_GCC_493\Debug\Interrupts_Example01.a(LED_Nested.o)
 .data          0x00000000        0x0 .\CortexM0\ARM_GCC_493\Debug\Interrupts_Example01.a(LED_Nested.o)
 .bss           0x00000000        0x0 .\CortexM0\ARM_GCC_493\Debug\Interrupts_Example01.a(LED_Nested.o)
 .text.LED_Nested_SetDriveMode
                0x00000000       0x18 .\CortexM0\ARM_GCC_493\Debug\Interrupts_Example01.a(LED_Nested.o)
 .text.LED_Nested_Read
                0x00000000       0x10 .\CortexM0\ARM_GCC_493\Debug\Interrupts_Example01.a(LED_Nested.o)
 .text.LED_Nested_ReadDataReg
                0x00000000       0x10 .\CortexM0\ARM_GCC_493\Debug\Interrupts_Example01.a(LED_Nested.o)
 .text.LED_Nested_SetInterruptMode
                0x00000000       0x14 .\CortexM0\ARM_GCC_493\Debug\Interrupts_Example01.a(LED_Nested.o)
 .text.LED_Nested_ClearInterrupt
                0x00000000       0x14 .\CortexM0\ARM_GCC_493\Debug\Interrupts_Example01.a(LED_Nested.o)
 .data          0x00000000        0x0 .\CortexM0\ARM_GCC_493\Debug\Interrupts_Example01.a(CyBootAsmGnu.o)
 .bss           0x00000000        0x0 .\CortexM0\ARM_GCC_493\Debug\Interrupts_Example01.a(CyBootAsmGnu.o)
 .text          0x00000000        0x0 .\CortexM0\ARM_GCC_493\Debug\Interrupts_Example01.a(CyLib.o)
 .bss           0x00000000       0x18 .\CortexM0\ARM_GCC_493\Debug\Interrupts_Example01.a(CyLib.o)
 .text.CySysClkImoStart
                0x00000000       0x14 .\CortexM0\ARM_GCC_493\Debug\Interrupts_Example01.a(CyLib.o)
 .text.CySysClkImoStop
                0x00000000       0x10 .\CortexM0\ARM_GCC_493\Debug\Interrupts_Example01.a(CyLib.o)
 .text.CySysClkWriteHfclkDirect
                0x00000000       0x20 .\CortexM0\ARM_GCC_493\Debug\Interrupts_Example01.a(CyLib.o)
 .text.CySysClkGetSysclkSource
                0x00000000       0x1c .\CortexM0\ARM_GCC_493\Debug\Interrupts_Example01.a(CyLib.o)
 .text.CySysClkWriteSysclkDiv
                0x00000000       0x28 .\CortexM0\ARM_GCC_493\Debug\Interrupts_Example01.a(CyLib.o)
 .text.CySysClkEcoStop
                0x00000000       0x24 .\CortexM0\ARM_GCC_493\Debug\Interrupts_Example01.a(CyLib.o)
 .text.CySysLvdDisable
                0x00000000       0x20 .\CortexM0\ARM_GCC_493\Debug\Interrupts_Example01.a(CyLib.o)
 .text.CySysLvdGetInterruptSource
                0x00000000       0x10 .\CortexM0\ARM_GCC_493\Debug\Interrupts_Example01.a(CyLib.o)
 .text.CySysLvdClearInterrupt
                0x00000000        0xc .\CortexM0\ARM_GCC_493\Debug\Interrupts_Example01.a(CyLib.o)
 .text.CySysGetResetReason
                0x00000000       0x14 .\CortexM0\ARM_GCC_493\Debug\Interrupts_Example01.a(CyLib.o)
 .text.CyDisableInts
                0x00000000       0x10 .\CortexM0\ARM_GCC_493\Debug\Interrupts_Example01.a(CyLib.o)
 .text.CyEnableInts
                0x00000000        0xc .\CortexM0\ARM_GCC_493\Debug\Interrupts_Example01.a(CyLib.o)
 .text.CyIntGetState
                0x00000000       0x18 .\CortexM0\ARM_GCC_493\Debug\Interrupts_Example01.a(CyLib.o)
 .text.CyIntClearPending
                0x00000000       0x14 .\CortexM0\ARM_GCC_493\Debug\Interrupts_Example01.a(CyLib.o)
 .text.CySysClkWriteEcoDiv
                0x00000000       0x38 .\CortexM0\ARM_GCC_493\Debug\Interrupts_Example01.a(CyLib.o)
 .text.CyIntSetSysVector
                0x00000000       0x20 .\CortexM0\ARM_GCC_493\Debug\Interrupts_Example01.a(CyLib.o)
 .text.CyIntGetSysVector
                0x00000000       0x1c .\CortexM0\ARM_GCC_493\Debug\Interrupts_Example01.a(CyLib.o)
 .text.CyIntGetVector
                0x00000000       0x20 .\CortexM0\ARM_GCC_493\Debug\Interrupts_Example01.a(CyLib.o)
 .text.CyIntGetPriority
                0x00000000       0x2c .\CortexM0\ARM_GCC_493\Debug\Interrupts_Example01.a(CyLib.o)
 .text.CySoftwareReset
                0x00000000       0x18 .\CortexM0\ARM_GCC_493\Debug\Interrupts_Example01.a(CyLib.o)
 .text.CySysLvdEnable
                0x00000000       0x44 .\CortexM0\ARM_GCC_493\Debug\Interrupts_Example01.a(CyLib.o)
 .text.CyDelayFreq
                0x00000000       0x4c .\CortexM0\ARM_GCC_493\Debug\Interrupts_Example01.a(CyLib.o)
 .text.CySysTickStop
                0x00000000       0x10 .\CortexM0\ARM_GCC_493\Debug\Interrupts_Example01.a(CyLib.o)
 .text.CySysTickEnableInterrupt
                0x00000000       0x10 .\CortexM0\ARM_GCC_493\Debug\Interrupts_Example01.a(CyLib.o)
 .text.CySysTickEnable
                0x00000000       0x18 .\CortexM0\ARM_GCC_493\Debug\Interrupts_Example01.a(CyLib.o)
 .text.CySysTickDisableInterrupt
                0x00000000       0x10 .\CortexM0\ARM_GCC_493\Debug\Interrupts_Example01.a(CyLib.o)
 .text.CySysTickSetReload
                0x00000000       0x10 .\CortexM0\ARM_GCC_493\Debug\Interrupts_Example01.a(CyLib.o)
 .text.CySysTickGetReload
                0x00000000       0x10 .\CortexM0\ARM_GCC_493\Debug\Interrupts_Example01.a(CyLib.o)
 .text.CySysTickGetValue
                0x00000000       0x10 .\CortexM0\ARM_GCC_493\Debug\Interrupts_Example01.a(CyLib.o)
 .text.CySysTickSetClockSource
                0x00000000       0x20 .\CortexM0\ARM_GCC_493\Debug\Interrupts_Example01.a(CyLib.o)
 .text.CySysTickGetCountFlag
                0x00000000       0x10 .\CortexM0\ARM_GCC_493\Debug\Interrupts_Example01.a(CyLib.o)
 .text.CySysTickServiceCallbacks
                0x00000000       0x28 .\CortexM0\ARM_GCC_493\Debug\Interrupts_Example01.a(CyLib.o)
 .text.CySysTickClear
                0x00000000        0xc .\CortexM0\ARM_GCC_493\Debug\Interrupts_Example01.a(CyLib.o)
 .text.CySysTickInit
                0x00000000       0x4c .\CortexM0\ARM_GCC_493\Debug\Interrupts_Example01.a(CyLib.o)
 .text.CySysTickStart
                0x00000000       0x20 .\CortexM0\ARM_GCC_493\Debug\Interrupts_Example01.a(CyLib.o)
 .text.CySysTickSetCallback
                0x00000000       0x10 .\CortexM0\ARM_GCC_493\Debug\Interrupts_Example01.a(CyLib.o)
 .text.CySysTickGetCallback
                0x00000000        0xc .\CortexM0\ARM_GCC_493\Debug\Interrupts_Example01.a(CyLib.o)
 .text.CyGetUniqueId
                0x00000000       0x70 .\CortexM0\ARM_GCC_493\Debug\Interrupts_Example01.a(CyLib.o)
 .text          0x00000000        0x0 .\CortexM0\ARM_GCC_493\Debug\Interrupts_Example01.a(CyLFClk.o)
 .data          0x00000000        0x4 .\CortexM0\ARM_GCC_493\Debug\Interrupts_Example01.a(CyLFClk.o)
 .bss           0x00000000       0x1c .\CortexM0\ARM_GCC_493\Debug\Interrupts_Example01.a(CyLFClk.o)
 .text.CySysClkIloEnabled
                0x00000000       0x14 .\CortexM0\ARM_GCC_493\Debug\Interrupts_Example01.a(CyLFClk.o)
 .text.CySysClkGetLfclkSource
                0x00000000       0x10 .\CortexM0\ARM_GCC_493\Debug\Interrupts_Example01.a(CyLFClk.o)
 .text.CySysWdtLocked
                0x00000000       0x14 .\CortexM0\ARM_GCC_493\Debug\Interrupts_Example01.a(CyLFClk.o)
 .text.CySysClkIloStart
                0x00000000       0x14 .\CortexM0\ARM_GCC_493\Debug\Interrupts_Example01.a(CyLFClk.o)
 .text.CySysClkWcoEnabled
                0x00000000       0x14 .\CortexM0\ARM_GCC_493\Debug\Interrupts_Example01.a(CyLFClk.o)
 .text.CySysWdtLock
                0x00000000       0x1c .\CortexM0\ARM_GCC_493\Debug\Interrupts_Example01.a(CyLFClk.o)
 .text.CySysWdtUnlock
                0x00000000       0x30 .\CortexM0\ARM_GCC_493\Debug\Interrupts_Example01.a(CyLFClk.o)
 .text.CySysWdtGetEnabledStatus
                0x00000000       0x24 .\CortexM0\ARM_GCC_493\Debug\Interrupts_Example01.a(CyLFClk.o)
 .text.CySysWdtSetMode
                0x00000000       0x38 .\CortexM0\ARM_GCC_493\Debug\Interrupts_Example01.a(CyLFClk.o)
 .text.CySysClkLfclkPosedgeRestore
                0x00000000       0x2c .\CortexM0\ARM_GCC_493\Debug\Interrupts_Example01.a(CyLFClk.o)
 .text.CySysWdtGetMode
                0x00000000       0x14 .\CortexM0\ARM_GCC_493\Debug\Interrupts_Example01.a(CyLFClk.o)
 .text.CySysWdtSetClearOnMatch
                0x00000000       0x38 .\CortexM0\ARM_GCC_493\Debug\Interrupts_Example01.a(CyLFClk.o)
 .text.CySysWdtGetClearOnMatch
                0x00000000       0x24 .\CortexM0\ARM_GCC_493\Debug\Interrupts_Example01.a(CyLFClk.o)
 .text.CySysWdtEnable
                0x00000000       0x3c .\CortexM0\ARM_GCC_493\Debug\Interrupts_Example01.a(CyLFClk.o)
 .text.CySysWdtDisable
                0x00000000       0x44 .\CortexM0\ARM_GCC_493\Debug\Interrupts_Example01.a(CyLFClk.o)
 .text.CySysWdtSetCascade
                0x00000000       0x34 .\CortexM0\ARM_GCC_493\Debug\Interrupts_Example01.a(CyLFClk.o)
 .text.CySysWdtGetCascade
                0x00000000       0x14 .\CortexM0\ARM_GCC_493\Debug\Interrupts_Example01.a(CyLFClk.o)
 .text.CySysWdtSetMatch
                0x00000000       0x58 .\CortexM0\ARM_GCC_493\Debug\Interrupts_Example01.a(CyLFClk.o)
 .text.CySysWdtSetToggleBit
                0x00000000       0x2c .\CortexM0\ARM_GCC_493\Debug\Interrupts_Example01.a(CyLFClk.o)
 .text.CySysWdtGetToggleBit
                0x00000000       0x10 .\CortexM0\ARM_GCC_493\Debug\Interrupts_Example01.a(CyLFClk.o)
 .text.CySysWdtGetMatch
                0x00000000       0x20 .\CortexM0\ARM_GCC_493\Debug\Interrupts_Example01.a(CyLFClk.o)
 .text.CySysWdtGetCount
                0x00000000       0x3c .\CortexM0\ARM_GCC_493\Debug\Interrupts_Example01.a(CyLFClk.o)
 .text.CySysClkLfclkPosedgeCatch
                0x00000000       0x74 .\CortexM0\ARM_GCC_493\Debug\Interrupts_Example01.a(CyLFClk.o)
 .text.CySysClkIloStop
                0x00000000       0x4c .\CortexM0\ARM_GCC_493\Debug\Interrupts_Example01.a(CyLFClk.o)
 .text.CySysClkSetLfclkSource
                0x00000000       0x38 .\CortexM0\ARM_GCC_493\Debug\Interrupts_Example01.a(CyLFClk.o)
 .text.CySysClkWcoStop
                0x00000000       0x48 .\CortexM0\ARM_GCC_493\Debug\Interrupts_Example01.a(CyLFClk.o)
 .text.CySysWdtGetInterruptSource
                0x00000000       0x14 .\CortexM0\ARM_GCC_493\Debug\Interrupts_Example01.a(CyLFClk.o)
 .text.CySysWdtClearInterrupt
                0x00000000       0x4c .\CortexM0\ARM_GCC_493\Debug\Interrupts_Example01.a(CyLFClk.o)
 .text.CySysWdtResetCounters
                0x00000000       0x20 .\CortexM0\ARM_GCC_493\Debug\Interrupts_Example01.a(CyLFClk.o)
 .text.CySysWdtSetInterruptCallback
                0x00000000       0x20 .\CortexM0\ARM_GCC_493\Debug\Interrupts_Example01.a(CyLFClk.o)
 .text.CySysWdtGetInterruptCallback
                0x00000000       0x20 .\CortexM0\ARM_GCC_493\Debug\Interrupts_Example01.a(CyLFClk.o)
 .text.CySysWdtEnableCounterIsr
                0x00000000       0x34 .\CortexM0\ARM_GCC_493\Debug\Interrupts_Example01.a(CyLFClk.o)
 .text.CySysWdtDisableCounterIsr
                0x00000000       0x28 .\CortexM0\ARM_GCC_493\Debug\Interrupts_Example01.a(CyLFClk.o)
 .text.CySysWdtIsr
                0x00000000       0xa4 .\CortexM0\ARM_GCC_493\Debug\Interrupts_Example01.a(CyLFClk.o)
 .text.CySysTimerDelayUntilMatch
                0x00000000       0x6c .\CortexM0\ARM_GCC_493\Debug\Interrupts_Example01.a(CyLFClk.o)
 .text.CySysTimerDelay
                0x00000000       0x3c .\CortexM0\ARM_GCC_493\Debug\Interrupts_Example01.a(CyLFClk.o)
 .text.CySysWatchdogFeed
                0x00000000       0x60 .\CortexM0\ARM_GCC_493\Debug\Interrupts_Example01.a(CyLFClk.o)
 .rodata        0x00000000        0xc .\CortexM0\ARM_GCC_493\Debug\Interrupts_Example01.a(CyLFClk.o)
 .text          0x00000000        0x0 .\CortexM0\ARM_GCC_493\Debug\Interrupts_Example01.a(ISRGPIO.o)
 .data          0x00000000        0x0 .\CortexM0\ARM_GCC_493\Debug\Interrupts_Example01.a(ISRGPIO.o)
 .bss           0x00000000        0x0 .\CortexM0\ARM_GCC_493\Debug\Interrupts_Example01.a(ISRGPIO.o)
 .text.ISRGPIO_Interrupt
                0x00000000        0x4 .\CortexM0\ARM_GCC_493\Debug\Interrupts_Example01.a(ISRGPIO.o)
 .text.ISRGPIO_GetVector
                0x00000000        0xc .\CortexM0\ARM_GCC_493\Debug\Interrupts_Example01.a(ISRGPIO.o)
 .text.ISRGPIO_GetPriority
                0x00000000       0x10 .\CortexM0\ARM_GCC_493\Debug\Interrupts_Example01.a(ISRGPIO.o)
 .text.ISRGPIO_GetState
                0x00000000       0x14 .\CortexM0\ARM_GCC_493\Debug\Interrupts_Example01.a(ISRGPIO.o)
 .text.ISRGPIO_Start
                0x00000000       0x1c .\CortexM0\ARM_GCC_493\Debug\Interrupts_Example01.a(ISRGPIO.o)
 .text.ISRGPIO_Stop
                0x00000000       0x14 .\CortexM0\ARM_GCC_493\Debug\Interrupts_Example01.a(ISRGPIO.o)
 .text.ISRGPIO_SetPending
                0x00000000        0xc .\CortexM0\ARM_GCC_493\Debug\Interrupts_Example01.a(ISRGPIO.o)
 .text          0x00000000        0x0 .\CortexM0\ARM_GCC_493\Debug\Interrupts_Example01.a(UART_1.o)
 .data          0x00000000        0x0 .\CortexM0\ARM_GCC_493\Debug\Interrupts_Example01.a(UART_1.o)
 .text.UART_1_ScbModeStop
                0x00000000        0x8 .\CortexM0\ARM_GCC_493\Debug\Interrupts_Example01.a(UART_1.o)
 .text.UART_1_Stop
                0x00000000       0x2c .\CortexM0\ARM_GCC_493\Debug\Interrupts_Example01.a(UART_1.o)
 .text.UART_1_SetRxFifoLevel
                0x00000000       0x14 .\CortexM0\ARM_GCC_493\Debug\Interrupts_Example01.a(UART_1.o)
 .text.UART_1_SetTxFifoLevel
                0x00000000       0x14 .\CortexM0\ARM_GCC_493\Debug\Interrupts_Example01.a(UART_1.o)
 .text.UART_1_SetCustomInterruptHandler
                0x00000000        0xc .\CortexM0\ARM_GCC_493\Debug\Interrupts_Example01.a(UART_1.o)
 .text          0x00000000        0x0 .\CortexM0\ARM_GCC_493\Debug\Interrupts_Example01.a(UART_1_SPI_UART.o)
 .data          0x00000000        0x0 .\CortexM0\ARM_GCC_493\Debug\Interrupts_Example01.a(UART_1_SPI_UART.o)
 .bss           0x00000000        0x0 .\CortexM0\ARM_GCC_493\Debug\Interrupts_Example01.a(UART_1_SPI_UART.o)
 .text.UART_1_SpiUartGetRxBufferSize
                0x00000000       0x10 .\CortexM0\ARM_GCC_493\Debug\Interrupts_Example01.a(UART_1_SPI_UART.o)
 .text.UART_1_SpiUartPutArray
                0x00000000       0x18 .\CortexM0\ARM_GCC_493\Debug\Interrupts_Example01.a(UART_1_SPI_UART.o)
 .text.UART_1_SpiUartGetTxBufferSize
                0x00000000       0x10 .\CortexM0\ARM_GCC_493\Debug\Interrupts_Example01.a(UART_1_SPI_UART.o)
 .text.UART_1_SpiUartClearTxBuffer
                0x00000000       0x20 .\CortexM0\ARM_GCC_493\Debug\Interrupts_Example01.a(UART_1_SPI_UART.o)
 .text.UART_1_SpiUartDisableIntRx
                0x00000000       0x10 .\CortexM0\ARM_GCC_493\Debug\Interrupts_Example01.a(UART_1_SPI_UART.o)
 .text.UART_1_SpiUartDisableIntTx
                0x00000000       0x10 .\CortexM0\ARM_GCC_493\Debug\Interrupts_Example01.a(UART_1_SPI_UART.o)
 .text          0x00000000        0x0 .\CortexM0\ARM_GCC_493\Debug\Interrupts_Example01.a(UART_1_UART.o)
 .data          0x00000000        0x0 .\CortexM0\ARM_GCC_493\Debug\Interrupts_Example01.a(UART_1_UART.o)
 .bss           0x00000000        0x0 .\CortexM0\ARM_GCC_493\Debug\Interrupts_Example01.a(UART_1_UART.o)
 .text.UART_1_UartStop
                0x00000000       0x14 .\CortexM0\ARM_GCC_493\Debug\Interrupts_Example01.a(UART_1_UART.o)
 .text.UART_1_UartSetRxAddress
                0x00000000       0x14 .\CortexM0\ARM_GCC_493\Debug\Interrupts_Example01.a(UART_1_UART.o)
 .text.UART_1_UartSetRxAddressMask
                0x00000000       0x18 .\CortexM0\ARM_GCC_493\Debug\Interrupts_Example01.a(UART_1_UART.o)
 .text.UART_1_UartGetChar
                0x00000000       0x2c .\CortexM0\ARM_GCC_493\Debug\Interrupts_Example01.a(UART_1_UART.o)
 .text.UART_1_UartGetByte
                0x00000000       0x30 .\CortexM0\ARM_GCC_493\Debug\Interrupts_Example01.a(UART_1_UART.o)
 .text.UART_1_UartSetRtsPolarity
                0x00000000       0x28 .\CortexM0\ARM_GCC_493\Debug\Interrupts_Example01.a(UART_1_UART.o)
 .text.UART_1_UartSetRtsFifoLevel
                0x00000000       0x14 .\CortexM0\ARM_GCC_493\Debug\Interrupts_Example01.a(UART_1_UART.o)
 .text.UART_1_UartPutCRLF
                0x00000000       0x14 .\CortexM0\ARM_GCC_493\Debug\Interrupts_Example01.a(UART_1_UART.o)
 .text.UART_1_UartEnableCts
                0x00000000       0x14 .\CortexM0\ARM_GCC_493\Debug\Interrupts_Example01.a(UART_1_UART.o)
 .text.UART_1_UartDisableCts
                0x00000000       0x14 .\CortexM0\ARM_GCC_493\Debug\Interrupts_Example01.a(UART_1_UART.o)
 .text.UART_1_UartSetCtsPolarity
                0x00000000       0x28 .\CortexM0\ARM_GCC_493\Debug\Interrupts_Example01.a(UART_1_UART.o)
 .text          0x00000000        0x0 .\CortexM0\ARM_GCC_493\Debug\Interrupts_Example01.a(UART_1_SCB_IRQ.o)
 .data          0x00000000        0x0 .\CortexM0\ARM_GCC_493\Debug\Interrupts_Example01.a(UART_1_SCB_IRQ.o)
 .bss           0x00000000        0x0 .\CortexM0\ARM_GCC_493\Debug\Interrupts_Example01.a(UART_1_SCB_IRQ.o)
 .text.UART_1_SCB_IRQ_GetVector
                0x00000000        0xc .\CortexM0\ARM_GCC_493\Debug\Interrupts_Example01.a(UART_1_SCB_IRQ.o)
 .text.UART_1_SCB_IRQ_GetPriority
                0x00000000       0x10 .\CortexM0\ARM_GCC_493\Debug\Interrupts_Example01.a(UART_1_SCB_IRQ.o)
 .text.UART_1_SCB_IRQ_GetState
                0x00000000       0x14 .\CortexM0\ARM_GCC_493\Debug\Interrupts_Example01.a(UART_1_SCB_IRQ.o)
 .text.UART_1_SCB_IRQ_StartEx
                0x00000000       0x1c .\CortexM0\ARM_GCC_493\Debug\Interrupts_Example01.a(UART_1_SCB_IRQ.o)
 .text.UART_1_SCB_IRQ_Stop
                0x00000000       0x14 .\CortexM0\ARM_GCC_493\Debug\Interrupts_Example01.a(UART_1_SCB_IRQ.o)
 .text.UART_1_SCB_IRQ_SetPending
                0x00000000       0x10 .\CortexM0\ARM_GCC_493\Debug\Interrupts_Example01.a(UART_1_SCB_IRQ.o)
 .text.UART_1_SCB_IRQ_ClearPending
                0x00000000       0x10 .\CortexM0\ARM_GCC_493\Debug\Interrupts_Example01.a(UART_1_SCB_IRQ.o)
 .text          0x00000000        0x0 .\CortexM0\ARM_GCC_493\Debug\Interrupts_Example01.a(UART_1_SPI_UART_INT.o)
 .data          0x00000000        0x0 .\CortexM0\ARM_GCC_493\Debug\Interrupts_Example01.a(UART_1_SPI_UART_INT.o)
 .bss           0x00000000        0x0 .\CortexM0\ARM_GCC_493\Debug\Interrupts_Example01.a(UART_1_SPI_UART_INT.o)
 .text          0x00000000      0x120 d:/program files (x86)/cypress/psoc creator/3.3/psoc creator/import/gnu/arm/4.9.3/bin/../lib/gcc/arm-none-eabi/4.9.3/armv6-m\libgcc.a(_udivsi3.o)
 .data          0x00000000        0x0 d:/program files (x86)/cypress/psoc creator/3.3/psoc creator/import/gnu/arm/4.9.3/bin/../lib/gcc/arm-none-eabi/4.9.3/armv6-m\libgcc.a(_udivsi3.o)
 .bss           0x00000000        0x0 d:/program files (x86)/cypress/psoc creator/3.3/psoc creator/import/gnu/arm/4.9.3/bin/../lib/gcc/arm-none-eabi/4.9.3/armv6-m\libgcc.a(_udivsi3.o)
 .text          0x00000000        0x4 d:/program files (x86)/cypress/psoc creator/3.3/psoc creator/import/gnu/arm/4.9.3/bin/../lib/gcc/arm-none-eabi/4.9.3/armv6-m\libgcc.a(_dvmd_tls.o)
 .data          0x00000000        0x0 d:/program files (x86)/cypress/psoc creator/3.3/psoc creator/import/gnu/arm/4.9.3/bin/../lib/gcc/arm-none-eabi/4.9.3/armv6-m\libgcc.a(_dvmd_tls.o)
 .bss           0x00000000        0x0 d:/program files (x86)/cypress/psoc creator/3.3/psoc creator/import/gnu/arm/4.9.3/bin/../lib/gcc/arm-none-eabi/4.9.3/armv6-m\libgcc.a(_dvmd_tls.o)
 .text          0x00000000        0x0 d:/program files (x86)/cypress/psoc creator/3.3/psoc creator/import/gnu/arm/4.9.3/bin/../lib/gcc/arm-none-eabi/4.9.3/../../../../arm-none-eabi/lib/armv6-m\libg_nano.a(lib_a-errno.o)
 .data          0x00000000        0x0 d:/program files (x86)/cypress/psoc creator/3.3/psoc creator/import/gnu/arm/4.9.3/bin/../lib/gcc/arm-none-eabi/4.9.3/../../../../arm-none-eabi/lib/armv6-m\libg_nano.a(lib_a-errno.o)
 .bss           0x00000000        0x0 d:/program files (x86)/cypress/psoc creator/3.3/psoc creator/import/gnu/arm/4.9.3/bin/../lib/gcc/arm-none-eabi/4.9.3/../../../../arm-none-eabi/lib/armv6-m\libg_nano.a(lib_a-errno.o)
 .text.__errno  0x00000000        0xc d:/program files (x86)/cypress/psoc creator/3.3/psoc creator/import/gnu/arm/4.9.3/bin/../lib/gcc/arm-none-eabi/4.9.3/../../../../arm-none-eabi/lib/armv6-m\libg_nano.a(lib_a-errno.o)
 .text          0x00000000        0x0 d:/program files (x86)/cypress/psoc creator/3.3/psoc creator/import/gnu/arm/4.9.3/bin/../lib/gcc/arm-none-eabi/4.9.3/../../../../arm-none-eabi/lib/armv6-m\libg_nano.a(lib_a-exit.o)
 .data          0x00000000        0x0 d:/program files (x86)/cypress/psoc creator/3.3/psoc creator/import/gnu/arm/4.9.3/bin/../lib/gcc/arm-none-eabi/4.9.3/../../../../arm-none-eabi/lib/armv6-m\libg_nano.a(lib_a-exit.o)
 .bss           0x00000000        0x0 d:/program files (x86)/cypress/psoc creator/3.3/psoc creator/import/gnu/arm/4.9.3/bin/../lib/gcc/arm-none-eabi/4.9.3/../../../../arm-none-eabi/lib/armv6-m\libg_nano.a(lib_a-exit.o)
 .text.exit     0x00000000       0x2c d:/program files (x86)/cypress/psoc creator/3.3/psoc creator/import/gnu/arm/4.9.3/bin/../lib/gcc/arm-none-eabi/4.9.3/../../../../arm-none-eabi/lib/armv6-m\libg_nano.a(lib_a-exit.o)
 .text          0x00000000        0x0 d:/program files (x86)/cypress/psoc creator/3.3/psoc creator/import/gnu/arm/4.9.3/bin/../lib/gcc/arm-none-eabi/4.9.3/../../../../arm-none-eabi/lib/armv6-m\libg_nano.a(lib_a-impure.o)
 .data          0x00000000        0x0 d:/program files (x86)/cypress/psoc creator/3.3/psoc creator/import/gnu/arm/4.9.3/bin/../lib/gcc/arm-none-eabi/4.9.3/../../../../arm-none-eabi/lib/armv6-m\libg_nano.a(lib_a-impure.o)
 .bss           0x00000000        0x0 d:/program files (x86)/cypress/psoc creator/3.3/psoc creator/import/gnu/arm/4.9.3/bin/../lib/gcc/arm-none-eabi/4.9.3/../../../../arm-none-eabi/lib/armv6-m\libg_nano.a(lib_a-impure.o)
 .data.impure_data
                0x00000000       0x60 d:/program files (x86)/cypress/psoc creator/3.3/psoc creator/import/gnu/arm/4.9.3/bin/../lib/gcc/arm-none-eabi/4.9.3/../../../../arm-none-eabi/lib/armv6-m\libg_nano.a(lib_a-impure.o)
 .data._impure_ptr
                0x00000000        0x4 d:/program files (x86)/cypress/psoc creator/3.3/psoc creator/import/gnu/arm/4.9.3/bin/../lib/gcc/arm-none-eabi/4.9.3/../../../../arm-none-eabi/lib/armv6-m\libg_nano.a(lib_a-impure.o)
 .rodata.str1.1
                0x00000000        0x2 d:/program files (x86)/cypress/psoc creator/3.3/psoc creator/import/gnu/arm/4.9.3/bin/../lib/gcc/arm-none-eabi/4.9.3/../../../../arm-none-eabi/lib/armv6-m\libg_nano.a(lib_a-impure.o)
 .rodata._global_impure_ptr
                0x00000000        0x4 d:/program files (x86)/cypress/psoc creator/3.3/psoc creator/import/gnu/arm/4.9.3/bin/../lib/gcc/arm-none-eabi/4.9.3/../../../../arm-none-eabi/lib/armv6-m\libg_nano.a(lib_a-impure.o)
 .text          0x00000000        0x0 d:/program files (x86)/cypress/psoc creator/3.3/psoc creator/import/gnu/arm/4.9.3/bin/../lib/gcc/arm-none-eabi/4.9.3/../../../../arm-none-eabi/lib/armv6-m\libg_nano.a(lib_a-init.o)
 .data          0x00000000        0x0 d:/program files (x86)/cypress/psoc creator/3.3/psoc creator/import/gnu/arm/4.9.3/bin/../lib/gcc/arm-none-eabi/4.9.3/../../../../arm-none-eabi/lib/armv6-m\libg_nano.a(lib_a-init.o)
 .bss           0x00000000        0x0 d:/program files (x86)/cypress/psoc creator/3.3/psoc creator/import/gnu/arm/4.9.3/bin/../lib/gcc/arm-none-eabi/4.9.3/../../../../arm-none-eabi/lib/armv6-m\libg_nano.a(lib_a-init.o)
 .text          0x00000000        0x0 d:/program files (x86)/cypress/psoc creator/3.3/psoc creator/import/gnu/arm/4.9.3/bin/../lib/gcc/arm-none-eabi/4.9.3/../../../../arm-none-eabi/lib/armv6-m\libg_nano.a(lib_a-memset.o)
 .data          0x00000000        0x0 d:/program files (x86)/cypress/psoc creator/3.3/psoc creator/import/gnu/arm/4.9.3/bin/../lib/gcc/arm-none-eabi/4.9.3/../../../../arm-none-eabi/lib/armv6-m\libg_nano.a(lib_a-memset.o)
 .bss           0x00000000        0x0 d:/program files (x86)/cypress/psoc creator/3.3/psoc creator/import/gnu/arm/4.9.3/bin/../lib/gcc/arm-none-eabi/4.9.3/../../../../arm-none-eabi/lib/armv6-m\libg_nano.a(lib_a-memset.o)
 .text          0x00000000        0x0 d:/program files (x86)/cypress/psoc creator/3.3/psoc creator/import/gnu/arm/4.9.3/bin/../lib/gcc/arm-none-eabi/4.9.3/armv6-m/crtend.o
 .data          0x00000000        0x0 d:/program files (x86)/cypress/psoc creator/3.3/psoc creator/import/gnu/arm/4.9.3/bin/../lib/gcc/arm-none-eabi/4.9.3/armv6-m/crtend.o
 .bss           0x00000000        0x0 d:/program files (x86)/cypress/psoc creator/3.3/psoc creator/import/gnu/arm/4.9.3/bin/../lib/gcc/arm-none-eabi/4.9.3/armv6-m/crtend.o
 .text          0x00000000        0x0 d:/program files (x86)/cypress/psoc creator/3.3/psoc creator/import/gnu/arm/4.9.3/bin/../lib/gcc/arm-none-eabi/4.9.3/armv6-m/crtn.o
 .data          0x00000000        0x0 d:/program files (x86)/cypress/psoc creator/3.3/psoc creator/import/gnu/arm/4.9.3/bin/../lib/gcc/arm-none-eabi/4.9.3/armv6-m/crtn.o
 .bss           0x00000000        0x0 d:/program files (x86)/cypress/psoc creator/3.3/psoc creator/import/gnu/arm/4.9.3/bin/../lib/gcc/arm-none-eabi/4.9.3/armv6-m/crtn.o

Memory Configuration

Name             Origin             Length             Attributes
rom              0x00000000         0x00020000         xr
ram              0x20000000         0x00004000         xrw
*default*        0x00000000         0xffffffff

Linker script and memory map

LOAD d:/program files (x86)/cypress/psoc creator/3.3/psoc creator/import/gnu/arm/4.9.3/bin/../lib/gcc/arm-none-eabi/4.9.3/armv6-m/crti.o
LOAD d:/program files (x86)/cypress/psoc creator/3.3/psoc creator/import/gnu/arm/4.9.3/bin/../lib/gcc/arm-none-eabi/4.9.3/armv6-m/crtbegin.o
LOAD d:/program files (x86)/cypress/psoc creator/3.3/psoc creator/import/gnu/arm/4.9.3/bin/../lib/gcc/arm-none-eabi/4.9.3/../../../../arm-none-eabi/lib/armv6-m/crt0.o
START GROUP
LOAD .\CortexM0\ARM_GCC_493\Debug\main.o
LOAD .\CortexM0\ARM_GCC_493\Debug\cymetadata.o
LOAD .\CortexM0\ARM_GCC_493\Debug\Cm0Start.o
LOAD .\CortexM0\ARM_GCC_493\Debug\Interrupts_Example01.a
LOAD D:\Program Files (x86)\Cypress\PSoC Creator\3.3\PSoC Creator\psoc\content\cycomponentlibrary\CyComponentLibrary.cylib\CortexM0\ARM_GCC_493\Debug\CyComponentLibrary.a
END GROUP
START GROUP
LOAD d:/program files (x86)/cypress/psoc creator/3.3/psoc creator/import/gnu/arm/4.9.3/bin/../lib/gcc/arm-none-eabi/4.9.3/armv6-m\libgcc.a
LOAD d:/program files (x86)/cypress/psoc creator/3.3/psoc creator/import/gnu/arm/4.9.3/bin/../lib/gcc/arm-none-eabi/4.9.3/../../../../arm-none-eabi/lib/armv6-m\libg_nano.a
LOAD d:/program files (x86)/cypress/psoc creator/3.3/psoc creator/import/gnu/arm/4.9.3/bin/../lib/gcc/arm-none-eabi/4.9.3/../../../../arm-none-eabi/lib/armv6-m\libc_nano.a
END GROUP
START GROUP
LOAD d:/program files (x86)/cypress/psoc creator/3.3/psoc creator/import/gnu/arm/4.9.3/bin/../lib/gcc/arm-none-eabi/4.9.3/armv6-m\libgcc.a
LOAD d:/program files (x86)/cypress/psoc creator/3.3/psoc creator/import/gnu/arm/4.9.3/bin/../lib/gcc/arm-none-eabi/4.9.3/../../../../arm-none-eabi/lib/armv6-m\libc_nano.a
END GROUP
LOAD d:/program files (x86)/cypress/psoc creator/3.3/psoc creator/import/gnu/arm/4.9.3/bin/../lib/gcc/arm-none-eabi/4.9.3/armv6-m/crtend.o
LOAD d:/program files (x86)/cypress/psoc creator/3.3/psoc creator/import/gnu/arm/4.9.3/bin/../lib/gcc/arm-none-eabi/4.9.3/armv6-m/crtn.o
START GROUP
LOAD d:/program files (x86)/cypress/psoc creator/3.3/psoc creator/import/gnu/arm/4.9.3/bin/../lib/gcc/arm-none-eabi/4.9.3/armv6-m\libgcc.a
LOAD d:/program files (x86)/cypress/psoc creator/3.3/psoc creator/import/gnu/arm/4.9.3/bin/../lib/gcc/arm-none-eabi/4.9.3/../../../../arm-none-eabi/lib/armv6-m\libc.a
LOAD d:/program files (x86)/cypress/psoc creator/3.3/psoc creator/import/gnu/arm/4.9.3/bin/../lib/gcc/arm-none-eabi/4.9.3/../../../../arm-none-eabi/lib/armv6-m\libnosys.a
END GROUP
                0x00000000                CY_APPL_ORIGIN = 0x0
                0x00000080                CY_FLASH_ROW_SIZE = 0x80
                0x00000001                CY_APPL_NUM = 0x1
                0x00000001                CY_APPL_MAX = 0x1
                0x00000040                CY_METADATA_SIZE = 0x40
                0x00000000                CY_APPL_LOADABLE = 0x0
                0x00000000                CY_CHECKSUM_EXCLUDE_SIZE = ALIGN (0x0, CY_FLASH_ROW_SIZE)
                0x00000000                CY_APP_FOR_STACK_AND_COPIER = 0x0
                0x20000108                PROVIDE (__cy_heap_start, _end)
                0x00000001                PROVIDE (__cy_region_num, ((__cy_regions_end - __cy_regions) / 0x10))
                0x20004000                PROVIDE (__cy_stack, (ORIGIN (ram) + 0x4000))
                0x20003800                PROVIDE (__cy_heap_end, (__cy_stack - 0x800))

.cybootloader   0x00000000        0x0
 *(.cybootloader)
                0x00000000                appl1_start = CY_APPL_ORIGIN?CY_APPL_ORIGIN:ALIGN (CY_FLASH_ROW_SIZE)
                0x0000ff80                appl2_start = (appl1_start + ALIGN ((((0x20000 - appl1_start) - (0x2 * CY_FLASH_ROW_SIZE)) / 0x2), CY_FLASH_ROW_SIZE))
                0x00000000                appl_start = (CY_APPL_NUM == 0x1)?appl1_start:appl2_start
                0x00000001                cy_project_type_bootloader = (appl_start == 0x0)?0x1:0x0
                0x00000000                cy_project_type_app_for_stack_and_copier = (CY_APP_FOR_STACK_AND_COPIER == 0x1)?0x1:0x0

.text           0x00000000      0x950
 CREATE_OBJECT_SYMBOLS
                0x00000000                PROVIDE (__cy_interrupt_vector, RomVectors)
 *(.romvectors)
 .romvectors    0x00000000       0x10 .\CortexM0\ARM_GCC_493\Debug\Cm0Start.o
                0x00000000                RomVectors
                0x00000001                ASSERT ((. != __cy_interrupt_vector), No interrupt vector)
                0x00000001                ASSERT (CY_APPL_ORIGIN?(SIZEOF (.cybootloader) <= CY_APPL_ORIGIN):0x1, Wrong image location)
                0x00000010                PROVIDE (__cy_reset, Reset)
 *(.text.Reset)
 .text.Reset    0x00000010        0x8 .\CortexM0\ARM_GCC_493\Debug\Cm0Start.o
                0x00000010                Reset
                0x00000001                ASSERT ((. != __cy_reset), No reset code)
 *(.psocinit)
 .psocinit      0x00000018      0x1d0 .\CortexM0\ARM_GCC_493\Debug\Interrupts_Example01.a(cyfitter_cfg.o)
                0x000000d4                cyfitter_cfg
                0x000001e8                . = MAX (., 0x100)
 *(.text .text.* .gnu.linkonce.t.*)
 .text          0x000001e8       0x60 d:/program files (x86)/cypress/psoc creator/3.3/psoc creator/import/gnu/arm/4.9.3/bin/../lib/gcc/arm-none-eabi/4.9.3/armv6-m/crtbegin.o
 .text.GPIOIsrHandler
                0x00000248       0x28 .\CortexM0\ARM_GCC_493\Debug\main.o
                0x00000248                GPIOIsrHandler
 .text.main     0x00000270       0x34 .\CortexM0\ARM_GCC_493\Debug\main.o
                0x00000270                main
 .text.UART_1_SCB_IRQ_Interrupt
                0x000002a4       0x2c .\CortexM0\ARM_GCC_493\Debug\main.o
                0x000002a4                UART_1_SCB_IRQ_Interrupt
 .text.IntDefaultHandler
                0x000002d0        0x4 .\CortexM0\ARM_GCC_493\Debug\Cm0Start.o
                0x000002d0                IntDefaultHandler
 .text.Start_c  0x000002d4       0x48 .\CortexM0\ARM_GCC_493\Debug\Cm0Start.o
                0x000002d4                Start_c
 .text.initialize_psoc
                0x0000031c       0x54 .\CortexM0\ARM_GCC_493\Debug\Cm0Start.o
                0x0000031c                initialize_psoc
 .text.AnalogSetDefault
                0x00000370       0x20 .\CortexM0\ARM_GCC_493\Debug\Interrupts_Example01.a(cyfitter_cfg.o)
 .text.CYMEMZERO
                0x00000390        0xc .\CortexM0\ARM_GCC_493\Debug\Interrupts_Example01.a(cyfitter_cfg.o)
 .text.Pin_Sw_ClearInterrupt
                0x0000039c       0x14 .\CortexM0\ARM_GCC_493\Debug\Interrupts_Example01.a(Pin_Sw.o)
                0x0000039c                Pin_Sw_ClearInterrupt
 .text.LED_Isr_Write
                0x000003b0       0x18 .\CortexM0\ARM_GCC_493\Debug\Interrupts_Example01.a(LED_Isr.o)
                0x000003b0                LED_Isr_Write
 .text.LED_Nested_Write
                0x000003c8       0x18 .\CortexM0\ARM_GCC_493\Debug\Interrupts_Example01.a(LED_Nested.o)
                0x000003c8                LED_Nested_Write
 .text          0x000003e0       0x20 .\CortexM0\ARM_GCC_493\Debug\Interrupts_Example01.a(CyBootAsmGnu.o)
                0x000003e0                CyDelayCycles
                0x000003f2                CyEnterCriticalSection
                0x000003fa                CyExitCriticalSection
 .text.CySysClkWriteImoFreq
                0x00000400       0x64 .\CortexM0\ARM_GCC_493\Debug\Interrupts_Example01.a(CyLib.o)
                0x00000400                CySysClkWriteImoFreq
 .text.CySysClkEcoReadStatus
                0x00000464       0x10 .\CortexM0\ARM_GCC_493\Debug\Interrupts_Example01.a(CyLib.o)
                0x00000464                CySysClkEcoReadStatus
 .text.CyIntEnable
                0x00000474       0x14 .\CortexM0\ARM_GCC_493\Debug\Interrupts_Example01.a(CyLib.o)
                0x00000474                CyIntEnable
 .text.CyIntDisable
                0x00000488       0x14 .\CortexM0\ARM_GCC_493\Debug\Interrupts_Example01.a(CyLib.o)
                0x00000488                CyIntDisable
 .text.CyIntSetPending
                0x0000049c       0x14 .\CortexM0\ARM_GCC_493\Debug\Interrupts_Example01.a(CyLib.o)
                0x0000049c                CyIntSetPending
 .text.CyHalt   0x000004b0        0x4 .\CortexM0\ARM_GCC_493\Debug\Interrupts_Example01.a(CyLib.o)
                0x000004b0                CyHalt
 .text.CyIntSetVector
                0x000004b4       0x24 .\CortexM0\ARM_GCC_493\Debug\Interrupts_Example01.a(CyLib.o)
                0x000004b4                CyIntSetVector
 .text.CyIntSetPriority
                0x000004d8       0x4c .\CortexM0\ARM_GCC_493\Debug\Interrupts_Example01.a(CyLib.o)
                0x000004d8                CyIntSetPriority
 .text.CyDelay  0x00000524       0x30 .\CortexM0\ARM_GCC_493\Debug\Interrupts_Example01.a(CyLib.o)
                0x00000524                CyDelay
 .text.CyDelayUs
                0x00000554       0x14 .\CortexM0\ARM_GCC_493\Debug\Interrupts_Example01.a(CyLib.o)
                0x00000554                CyDelayUs
 .text.CySysClkEcoStart
                0x00000568       0x54 .\CortexM0\ARM_GCC_493\Debug\Interrupts_Example01.a(CyLib.o)
                0x00000568                CySysClkEcoStart
 .text.CySysClkWcoStart
                0x000005bc       0x40 .\CortexM0\ARM_GCC_493\Debug\Interrupts_Example01.a(CyLFClk.o)
                0x000005bc                CySysClkWcoStart
 .text.CySysClkWcoSetPowerMode
                0x000005fc       0x80 .\CortexM0\ARM_GCC_493\Debug\Interrupts_Example01.a(CyLFClk.o)
                0x000005fc                CySysClkWcoSetPowerMode
 .text.ISRGPIO_SetVector
                0x0000067c        0xc .\CortexM0\ARM_GCC_493\Debug\Interrupts_Example01.a(ISRGPIO.o)
                0x0000067c                ISRGPIO_SetVector
 .text.ISRGPIO_SetPriority
                0x00000688       0x24 .\CortexM0\ARM_GCC_493\Debug\Interrupts_Example01.a(ISRGPIO.o)
                0x00000688                ISRGPIO_SetPriority
 .text.ISRGPIO_Enable
                0x000006ac        0xc .\CortexM0\ARM_GCC_493\Debug\Interrupts_Example01.a(ISRGPIO.o)
                0x000006ac                ISRGPIO_Enable
 .text.ISRGPIO_Disable
                0x000006b8        0xc .\CortexM0\ARM_GCC_493\Debug\Interrupts_Example01.a(ISRGPIO.o)
                0x000006b8                ISRGPIO_Disable
 .text.ISRGPIO_StartEx
                0x000006c4       0x1c .\CortexM0\ARM_GCC_493\Debug\Interrupts_Example01.a(ISRGPIO.o)
                0x000006c4                ISRGPIO_StartEx
 .text.ISRGPIO_ClearPending
                0x000006e0        0xc .\CortexM0\ARM_GCC_493\Debug\Interrupts_Example01.a(ISRGPIO.o)
                0x000006e0                ISRGPIO_ClearPending
 .text.UART_1_ScbEnableIntr
                0x000006ec        0xc .\CortexM0\ARM_GCC_493\Debug\Interrupts_Example01.a(UART_1.o)
 .text.UART_1_ScbModePostEnable
                0x000006f8        0x8 .\CortexM0\ARM_GCC_493\Debug\Interrupts_Example01.a(UART_1.o)
 .text.UART_1_Init
                0x00000700        0x8 .\CortexM0\ARM_GCC_493\Debug\Interrupts_Example01.a(UART_1.o)
                0x00000700                UART_1_Init
 .text.UART_1_Enable
                0x00000708       0x1c .\CortexM0\ARM_GCC_493\Debug\Interrupts_Example01.a(UART_1.o)
                0x00000708                UART_1_Enable
 .text.UART_1_Start
                0x00000724       0x20 .\CortexM0\ARM_GCC_493\Debug\Interrupts_Example01.a(UART_1.o)
                0x00000724                UART_1_Start
 .text.UART_1_SpiUartReadRxData
                0x00000744        0xc .\CortexM0\ARM_GCC_493\Debug\Interrupts_Example01.a(UART_1_SPI_UART.o)
                0x00000744                UART_1_SpiUartReadRxData
 .text.UART_1_SpiUartClearRxBuffer
                0x00000750       0x20 .\CortexM0\ARM_GCC_493\Debug\Interrupts_Example01.a(UART_1_SPI_UART.o)
                0x00000750                UART_1_SpiUartClearRxBuffer
 .text.UART_1_SpiUartWriteTxData
                0x00000770       0x1c .\CortexM0\ARM_GCC_493\Debug\Interrupts_Example01.a(UART_1_SPI_UART.o)
                0x00000770                UART_1_SpiUartWriteTxData
 .text.UART_1_UartInit
                0x0000078c       0xb4 .\CortexM0\ARM_GCC_493\Debug\Interrupts_Example01.a(UART_1_UART.o)
                0x0000078c                UART_1_UartInit
 .text.UART_1_UartPostEnable
                0x00000840       0x1c .\CortexM0\ARM_GCC_493\Debug\Interrupts_Example01.a(UART_1_UART.o)
                0x00000840                UART_1_UartPostEnable
 .text.UART_1_UartPutString
                0x0000085c       0x18 .\CortexM0\ARM_GCC_493\Debug\Interrupts_Example01.a(UART_1_UART.o)
                0x0000085c                UART_1_UartPutString
 .text.UART_1_SCB_IRQ_SetVector
                0x00000874        0xc .\CortexM0\ARM_GCC_493\Debug\Interrupts_Example01.a(UART_1_SCB_IRQ.o)
                0x00000874                UART_1_SCB_IRQ_SetVector
 .text.UART_1_SCB_IRQ_SetPriority
                0x00000880       0x24 .\CortexM0\ARM_GCC_493\Debug\Interrupts_Example01.a(UART_1_SCB_IRQ.o)
                0x00000880                UART_1_SCB_IRQ_SetPriority
 .text.UART_1_SCB_IRQ_Enable
                0x000008a4       0x10 .\CortexM0\ARM_GCC_493\Debug\Interrupts_Example01.a(UART_1_SCB_IRQ.o)
                0x000008a4                UART_1_SCB_IRQ_Enable
 .text.UART_1_SCB_IRQ_Disable
                0x000008b4       0x10 .\CortexM0\ARM_GCC_493\Debug\Interrupts_Example01.a(UART_1_SCB_IRQ.o)
                0x000008b4                UART_1_SCB_IRQ_Disable
 .text.UART_1_SCB_IRQ_Start
                0x000008c4       0x1c .\CortexM0\ARM_GCC_493\Debug\Interrupts_Example01.a(UART_1_SCB_IRQ.o)
                0x000008c4                UART_1_SCB_IRQ_Start
 .text.UART_1_SPI_UART_ISR
                0x000008e0       0x14 .\CortexM0\ARM_GCC_493\Debug\Interrupts_Example01.a(UART_1_SPI_UART_INT.o)
                0x000008e0                UART_1_SPI_UART_ISR
 .text.__libc_init_array
                0x000008f4       0x4c d:/program files (x86)/cypress/psoc creator/3.3/psoc creator/import/gnu/arm/4.9.3/bin/../lib/gcc/arm-none-eabi/4.9.3/../../../../arm-none-eabi/lib/armv6-m\libg_nano.a(lib_a-init.o)
                0x000008f4                __libc_init_array
 .text.memset   0x00000940       0x10 d:/program files (x86)/cypress/psoc creator/3.3/psoc creator/import/gnu/arm/4.9.3/bin/../lib/gcc/arm-none-eabi/4.9.3/../../../../arm-none-eabi/lib/armv6-m\libg_nano.a(lib_a-memset.o)
                0x00000940                memset
 *(.plt)
 *(.gnu.warning)
 *(.glue_7t)
 .glue_7t       0x00000000        0x0 linker stubs
 *(.glue_7)
 .glue_7        0x00000000        0x0 linker stubs
 *(.vfp11_veneer)
 .vfp11_veneer  0x00000000        0x0 linker stubs
 *(.bootloader)
 *(.ARM.extab* .gnu.linkonce.armextab.*)
 *(.gcc_except_table)

.v4_bx          0x00000950        0x0
 .v4_bx         0x00000000        0x0 linker stubs

.iplt           0x00000950        0x0
 .iplt          0x00000000        0x0 d:/program files (x86)/cypress/psoc creator/3.3/psoc creator/import/gnu/arm/4.9.3/bin/../lib/gcc/arm-none-eabi/4.9.3/armv6-m/crtbegin.o

.eh_frame_hdr
 *(.eh_frame_hdr)

.eh_frame       0x00000950        0x4
 *(.eh_frame)
 .eh_frame      0x00000950        0x0 d:/program files (x86)/cypress/psoc creator/3.3/psoc creator/import/gnu/arm/4.9.3/bin/../lib/gcc/arm-none-eabi/4.9.3/armv6-m/crtbegin.o
 .eh_frame      0x00000950        0x4 d:/program files (x86)/cypress/psoc creator/3.3/psoc creator/import/gnu/arm/4.9.3/bin/../lib/gcc/arm-none-eabi/4.9.3/armv6-m/crtend.o
                0x00000954                PROVIDE (__exidx_start, .)

.ARM.exidx
 *(.ARM.exidx* .gnu.linkonce.armexidx.*)
                0x00000954                __exidx_end = .

.rodata         0x00000954       0x7c
 *(.rodata .rodata.* .gnu.linkonce.r.*)
 .rodata.str1.4
                0x00000954        0x8 .\CortexM0\ARM_GCC_493\Debug\main.o
 .rodata        0x0000095c        0xc .\CortexM0\ARM_GCC_493\Debug\Interrupts_Example01.a(cyfitter_cfg.o)
 .rodata        0x00000968       0x30 .\CortexM0\ARM_GCC_493\Debug\Interrupts_Example01.a(CyLib.o)
                0x00000968                cyImoFreqMhz2Reg
                0x00000998                . = ALIGN (0x4)
 *(.init)
 .init          0x00000998        0x4 d:/program files (x86)/cypress/psoc creator/3.3/psoc creator/import/gnu/arm/4.9.3/bin/../lib/gcc/arm-none-eabi/4.9.3/armv6-m/crti.o
                0x00000998                _init
 .init          0x0000099c        0x8 d:/program files (x86)/cypress/psoc creator/3.3/psoc creator/import/gnu/arm/4.9.3/bin/../lib/gcc/arm-none-eabi/4.9.3/armv6-m/crtn.o
                0x000009a4                . = ALIGN (0x4)
                0x000009a4                __preinit_array_start = .
 *(.preinit_array)
                0x000009a4                __preinit_array_end = .
                0x000009a4                . = ALIGN (0x4)
                0x000009a4                __init_array_start = .
 *(SORT(.init_array.*))
 *(.init_array)
 .init_array    0x000009a4        0x4 d:/program files (x86)/cypress/psoc creator/3.3/psoc creator/import/gnu/arm/4.9.3/bin/../lib/gcc/arm-none-eabi/4.9.3/armv6-m/crtbegin.o
 .init_array    0x000009a8        0x4 .\CortexM0\ARM_GCC_493\Debug\Cm0Start.o
                0x000009ac                __init_array_end = .
                0x000009ac                . = ALIGN (0x4)
 *(.fini)
 .fini          0x000009ac        0x4 d:/program files (x86)/cypress/psoc creator/3.3/psoc creator/import/gnu/arm/4.9.3/bin/../lib/gcc/arm-none-eabi/4.9.3/armv6-m/crti.o
                0x000009ac                _fini
 .fini          0x000009b0        0x8 d:/program files (x86)/cypress/psoc creator/3.3/psoc creator/import/gnu/arm/4.9.3/bin/../lib/gcc/arm-none-eabi/4.9.3/armv6-m/crtn.o
                0x000009b8                . = ALIGN (0x4)
                0x000009b8                __fini_array_start = .
 *(.fini_array)
 .fini_array    0x000009b8        0x4 d:/program files (x86)/cypress/psoc creator/3.3/psoc creator/import/gnu/arm/4.9.3/bin/../lib/gcc/arm-none-eabi/4.9.3/armv6-m/crtbegin.o
 *(SORT(.fini_array.*))
                0x000009bc                __fini_array_end = .
                0x000009bc                . = ALIGN (0x4)
 *crtbegin.o(.ctors)
 *(EXCLUDE_FILE(*crtend.o) .ctors)
 *(SORT(.ctors.*))
 *crtend.o(.ctors)
                0x000009bc                . = ALIGN (0x4)
 *crtbegin.o(.dtors)
 *(EXCLUDE_FILE(*crtend.o) .dtors)
 *(SORT(.dtors.*))
 *crtend.o(.dtors)
                0x000009bc                . = ALIGN (0x4)
                0x000009bc                __cy_regions = .
                0x000009bc        0x4 LONG 0x9d0 __cy_region_init_ram
                0x000009c0        0x4 LONG 0x200000c8 __cy_region_start_data
                0x000009c4        0x4 LONG 0x18 __cy_region_init_size_ram
                0x000009c8        0x4 LONG 0x28 __cy_region_zero_size_ram
                0x000009cc                __cy_regions_end = .
                0x000009d0                . = ALIGN (0x8)
 *fill*         0x000009cc        0x4 
                0x000009d0                _etext = .

.cy_checksum_exclude
                0x000009d0        0x0
 *(.cy_checksum_exclude)

.ramvectors     0x20000000       0xc0
                0x20000000                __cy_region_start_ram = .
 *(.ramvectors)
 .ramvectors    0x20000000       0xc0 .\CortexM0\ARM_GCC_493\Debug\Cm0Start.o
                0x20000000                CyRamVectors

.noinit         0x200000c0        0x4
 *(.noinit)
 .noinit        0x200000c0        0x4 .\CortexM0\ARM_GCC_493\Debug\Cm0Start.o

.data           0x200000c8       0x18 load address 0x000009d0
                0x200000c8                __cy_region_start_data = .
 *(.jcr)
 .jcr           0x200000c8        0x0 d:/program files (x86)/cypress/psoc creator/3.3/psoc creator/import/gnu/arm/4.9.3/bin/../lib/gcc/arm-none-eabi/4.9.3/armv6-m/crtbegin.o
 .jcr           0x200000c8        0x4 d:/program files (x86)/cypress/psoc creator/3.3/psoc creator/import/gnu/arm/4.9.3/bin/../lib/gcc/arm-none-eabi/4.9.3/armv6-m/crtend.o
 *(.got.plt)
 *(.got)
 *(.shdata)
 *(.data .data.* .gnu.linkonce.d.*)
 .data          0x200000cc       0x10 .\CortexM0\ARM_GCC_493\Debug\Interrupts_Example01.a(CyLib.o)
                0x200000cc                cydelay32kMs
                0x200000d0                cydelayFreqKhz
                0x200000d4                cydelayFreqMhz
                0x200000d8                cydelayFreqHz
                0x200000e0                . = ALIGN (0x8)
 *fill*         0x200000dc        0x4 
 *(.ram)
                0x200000e0                _edata = .

.igot.plt       0x200000e0        0x0 load address 0x000009e8
 .igot.plt      0x00000000        0x0 d:/program files (x86)/cypress/psoc creator/3.3/psoc creator/import/gnu/arm/4.9.3/bin/../lib/gcc/arm-none-eabi/4.9.3/armv6-m/crtbegin.o

.bss            0x200000e0       0x28 load address 0x000009e8
                0x200000e0                PROVIDE (__bss_start__, .)
 *(.shbss)
 *(.bss .bss.* .gnu.linkonce.b.*)
 .bss           0x200000e0       0x1c d:/program files (x86)/cypress/psoc creator/3.3/psoc creator/import/gnu/arm/4.9.3/bin/../lib/gcc/arm-none-eabi/4.9.3/armv6-m/crtbegin.o
 .bss           0x200000fc        0x8 .\CortexM0\ARM_GCC_493\Debug\Interrupts_Example01.a(UART_1.o)
                0x200000fc                UART_1_initVar
                0x20000100                UART_1_customIntrHandler
 *(COMMON)
                0x20000108                . = ALIGN (0x8)
 *fill*         0x20000104        0x4 
 *(.ram.b)
                0x20000108                _end = .
                0x20000108                __end = .
                0x20000108                PROVIDE (end, .)
                0x20000108                PROVIDE (__bss_end__, .)
                0x000009d0                __cy_region_init_ram = LOADADDR (.data)
                0x00000018                __cy_region_init_size_ram = (_edata - ADDR (.data))
                0x00000028                __cy_region_zero_size_ram = (_end - _edata)

.heap           0x20000108       0x80 load address 0x000009e8
                0x20000108                . = _end
                0x20000188                . = (. + 0x80)
 *fill*         0x20000108       0x80 
                0x20000188                __cy_heap_limit = .

.stack          0x20003800      0x800
                0x20003800                __cy_stack_limit = .
                0x20004000                . = (. + 0x800)
 *fill*         0x20003800      0x800 
                0x00000001                ASSERT ((__cy_stack_limit >= __cy_heap_limit), region RAM overflowed with stack)
                0x00000000                cy_checksum_exclude_size = (CY_APPL_LOADABLE == 0x1)?SIZEOF (.cy_checksum_exclude):0x0
                0x00000001                ASSERT ((cy_checksum_exclude_size <= CY_CHECKSUM_EXCLUDE_SIZE), CY_BOOT: Section .cy_checksum_exclude size exceedes specified limit.)
                0x0001ffc0                cyloadermeta_start = (cy_project_type_bootloader || cy_project_type_app_for_stack_and_copier)?(0x20000 - CY_METADATA_SIZE):0xf0000000

.cyloadermeta
 *(.cyloadermeta)
                0x0001ffc0                cyloadablemeta_start = cy_project_type_app_for_stack_and_copier?((0x20000 - CY_FLASH_ROW_SIZE) - CY_METADATA_SIZE):((0x20000 - (CY_FLASH_ROW_SIZE * (CY_APPL_NUM - 0x1))) - CY_METADATA_SIZE)

.cyloadablemeta
 *(.cyloadablemeta)

.cyflashprotect
                0x90400000       0x80
 *(.cyflashprotect)
 .cyflashprotect
                0x90400000       0x80 .\CortexM0\ARM_GCC_493\Debug\cymetadata.o
                0x90400000                cy_meta_flashprotect

.cymeta         0x90500000        0xc
 *(.cymeta)
 .cymeta        0x90500000        0xc .\CortexM0\ARM_GCC_493\Debug\cymetadata.o
                0x90500000                cy_metadata

.cychipprotect  0x90600000        0x4
 *(.cychipprotect)
 .cychipprotect
                0x90600000        0x4 .\CortexM0\ARM_GCC_493\Debug\cymetadata.o
                0x90600000                cy_meta_chipprotect

.rel.dyn        0x000009e8        0x0 load address 0x90600004
 .rel.iplt      0x00000000        0x0 d:/program files (x86)/cypress/psoc creator/3.3/psoc creator/import/gnu/arm/4.9.3/bin/../lib/gcc/arm-none-eabi/4.9.3/armv6-m/crtbegin.o

.stab
 *(.stab)

.stabstr
 *(.stabstr)

.debug
 *(.debug)

.line
 *(.line)

.debug_srcinfo
 *(.debug_srcinfo)

.debug_sfnames
 *(.debug_sfnames)

.debug_aranges  0x00000000      0x720
 *(.debug_aranges)
 .debug_aranges
                0x00000000       0x38 .\CortexM0\ARM_GCC_493\Debug\main.o
 .debug_aranges
                0x00000038       0x18 .\CortexM0\ARM_GCC_493\Debug\cymetadata.o
 .debug_aranges
                0x00000050       0x48 .\CortexM0\ARM_GCC_493\Debug\Cm0Start.o
 .debug_aranges
                0x00000098       0x38 .\CortexM0\ARM_GCC_493\Debug\Interrupts_Example01.a(cyfitter_cfg.o)
 .debug_aranges
                0x000000d0       0x48 .\CortexM0\ARM_GCC_493\Debug\Interrupts_Example01.a(Pin_Sw.o)
 .debug_aranges
                0x00000118       0x48 .\CortexM0\ARM_GCC_493\Debug\Interrupts_Example01.a(LED_Isr.o)
 .debug_aranges
                0x00000160       0x48 .\CortexM0\ARM_GCC_493\Debug\Interrupts_Example01.a(LED_Nested.o)
 .debug_aranges
                0x000001a8       0x20 .\CortexM0\ARM_GCC_493\Debug\Interrupts_Example01.a(CyBootAsmGnu.o)
 .debug_aranges
                0x000001c8      0x1a0 .\CortexM0\ARM_GCC_493\Debug\Interrupts_Example01.a(CyLib.o)
 .debug_aranges
                0x00000368      0x150 .\CortexM0\ARM_GCC_493\Debug\Interrupts_Example01.a(CyLFClk.o)
 .debug_aranges
                0x000004b8       0x80 .\CortexM0\ARM_GCC_493\Debug\Interrupts_Example01.a(ISRGPIO.o)
 .debug_aranges
                0x00000538       0x68 .\CortexM0\ARM_GCC_493\Debug\Interrupts_Example01.a(UART_1.o)
 .debug_aranges
                0x000005a0       0x60 .\CortexM0\ARM_GCC_493\Debug\Interrupts_Example01.a(UART_1_SPI_UART.o)
 .debug_aranges
                0x00000600       0x88 .\CortexM0\ARM_GCC_493\Debug\Interrupts_Example01.a(UART_1_UART.o)
 .debug_aranges
                0x00000688       0x78 .\CortexM0\ARM_GCC_493\Debug\Interrupts_Example01.a(UART_1_SCB_IRQ.o)
 .debug_aranges
                0x00000700       0x20 .\CortexM0\ARM_GCC_493\Debug\Interrupts_Example01.a(UART_1_SPI_UART_INT.o)

.debug_pubnames
 *(.debug_pubnames)

.debug_info     0x00000000     0x3969
 *(.debug_info .gnu.linkonce.wi.*)
 .debug_info    0x00000000      0x38d .\CortexM0\ARM_GCC_493\Debug\main.o
 .debug_info    0x0000038d       0xfe .\CortexM0\ARM_GCC_493\Debug\cymetadata.o
 .debug_info    0x0000048b      0x38e .\CortexM0\ARM_GCC_493\Debug\Cm0Start.o
 .debug_info    0x00000819      0x308 .\CortexM0\ARM_GCC_493\Debug\Interrupts_Example01.a(cyfitter_cfg.o)
 .debug_info    0x00000b21      0x19d .\CortexM0\ARM_GCC_493\Debug\Interrupts_Example01.a(Pin_Sw.o)
 .debug_info    0x00000cbe      0x19d .\CortexM0\ARM_GCC_493\Debug\Interrupts_Example01.a(LED_Isr.o)
 .debug_info    0x00000e5b      0x19d .\CortexM0\ARM_GCC_493\Debug\Interrupts_Example01.a(LED_Nested.o)
 .debug_info    0x00000ff8       0xbd .\CortexM0\ARM_GCC_493\Debug\Interrupts_Example01.a(CyBootAsmGnu.o)
 .debug_info    0x000010b5      0xb8f .\CortexM0\ARM_GCC_493\Debug\Interrupts_Example01.a(CyLib.o)
 .debug_info    0x00001c44      0xdbd .\CortexM0\ARM_GCC_493\Debug\Interrupts_Example01.a(CyLFClk.o)
 .debug_info    0x00002a01      0x300 .\CortexM0\ARM_GCC_493\Debug\Interrupts_Example01.a(ISRGPIO.o)
 .debug_info    0x00002d01      0x2c7 .\CortexM0\ARM_GCC_493\Debug\Interrupts_Example01.a(UART_1.o)
 .debug_info    0x00002fc8      0x217 .\CortexM0\ARM_GCC_493\Debug\Interrupts_Example01.a(UART_1_SPI_UART.o)
 .debug_info    0x000031df      0x3f2 .\CortexM0\ARM_GCC_493\Debug\Interrupts_Example01.a(UART_1_UART.o)
 .debug_info    0x000035d1      0x2e1 .\CortexM0\ARM_GCC_493\Debug\Interrupts_Example01.a(UART_1_SCB_IRQ.o)
 .debug_info    0x000038b2       0xb7 .\CortexM0\ARM_GCC_493\Debug\Interrupts_Example01.a(UART_1_SPI_UART_INT.o)

.debug_abbrev   0x00000000     0x13ff
 *(.debug_abbrev)
 .debug_abbrev  0x00000000      0x163 .\CortexM0\ARM_GCC_493\Debug\main.o
 .debug_abbrev  0x00000163       0x5d .\CortexM0\ARM_GCC_493\Debug\cymetadata.o
 .debug_abbrev  0x000001c0      0x1d5 .\CortexM0\ARM_GCC_493\Debug\Cm0Start.o
 .debug_abbrev  0x00000395      0x1ac .\CortexM0\ARM_GCC_493\Debug\Interrupts_Example01.a(cyfitter_cfg.o)
 .debug_abbrev  0x00000541       0xc8 .\CortexM0\ARM_GCC_493\Debug\Interrupts_Example01.a(Pin_Sw.o)
 .debug_abbrev  0x00000609       0xc8 .\CortexM0\ARM_GCC_493\Debug\Interrupts_Example01.a(LED_Isr.o)
 .debug_abbrev  0x000006d1       0xc8 .\CortexM0\ARM_GCC_493\Debug\Interrupts_Example01.a(LED_Nested.o)
 .debug_abbrev  0x00000799       0x14 .\CortexM0\ARM_GCC_493\Debug\Interrupts_Example01.a(CyBootAsmGnu.o)
 .debug_abbrev  0x000007ad      0x20d .\CortexM0\ARM_GCC_493\Debug\Interrupts_Example01.a(CyLib.o)
 .debug_abbrev  0x000009ba      0x26d .\CortexM0\ARM_GCC_493\Debug\Interrupts_Example01.a(CyLFClk.o)
 .debug_abbrev  0x00000c27      0x1b4 .\CortexM0\ARM_GCC_493\Debug\Interrupts_Example01.a(ISRGPIO.o)
 .debug_abbrev  0x00000ddb      0x143 .\CortexM0\ARM_GCC_493\Debug\Interrupts_Example01.a(UART_1.o)
 .debug_abbrev  0x00000f1e      0x169 .\CortexM0\ARM_GCC_493\Debug\Interrupts_Example01.a(UART_1_SPI_UART.o)
 .debug_abbrev  0x00001087      0x16c .\CortexM0\ARM_GCC_493\Debug\Interrupts_Example01.a(UART_1_UART.o)
 .debug_abbrev  0x000011f3      0x19c .\CortexM0\ARM_GCC_493\Debug\Interrupts_Example01.a(UART_1_SCB_IRQ.o)
 .debug_abbrev  0x0000138f       0x70 .\CortexM0\ARM_GCC_493\Debug\Interrupts_Example01.a(UART_1_SPI_UART_INT.o)

.debug_line     0x00000000     0x19f8
 *(.debug_line)
 .debug_line    0x00000000      0x21e .\CortexM0\ARM_GCC_493\Debug\main.o
 .debug_line    0x0000021e       0x53 .\CortexM0\ARM_GCC_493\Debug\cymetadata.o
 .debug_line    0x00000271      0x249 .\CortexM0\ARM_GCC_493\Debug\Cm0Start.o
 .debug_line    0x000004ba      0x167 .\CortexM0\ARM_GCC_493\Debug\Interrupts_Example01.a(cyfitter_cfg.o)
 .debug_line    0x00000621       0xc0 .\CortexM0\ARM_GCC_493\Debug\Interrupts_Example01.a(Pin_Sw.o)
 .debug_line    0x000006e1       0xc1 .\CortexM0\ARM_GCC_493\Debug\Interrupts_Example01.a(LED_Isr.o)
 .debug_line    0x000007a2       0xc4 .\CortexM0\ARM_GCC_493\Debug\Interrupts_Example01.a(LED_Nested.o)
 .debug_line    0x00000866       0x68 .\CortexM0\ARM_GCC_493\Debug\Interrupts_Example01.a(CyBootAsmGnu.o)
 .debug_line    0x000008ce      0x49f .\CortexM0\ARM_GCC_493\Debug\Interrupts_Example01.a(CyLib.o)
 .debug_line    0x00000d6d      0x4cf .\CortexM0\ARM_GCC_493\Debug\Interrupts_Example01.a(CyLFClk.o)
 .debug_line    0x0000123c      0x16c .\CortexM0\ARM_GCC_493\Debug\Interrupts_Example01.a(ISRGPIO.o)
 .debug_line    0x000013a8      0x159 .\CortexM0\ARM_GCC_493\Debug\Interrupts_Example01.a(UART_1.o)
 .debug_line    0x00001501      0x135 .\CortexM0\ARM_GCC_493\Debug\Interrupts_Example01.a(UART_1_SPI_UART.o)
 .debug_line    0x00001636      0x1c8 .\CortexM0\ARM_GCC_493\Debug\Interrupts_Example01.a(UART_1_UART.o)
 .debug_line    0x000017fe      0x160 .\CortexM0\ARM_GCC_493\Debug\Interrupts_Example01.a(UART_1_SCB_IRQ.o)
 .debug_line    0x0000195e       0x9a .\CortexM0\ARM_GCC_493\Debug\Interrupts_Example01.a(UART_1_SPI_UART_INT.o)

.debug_frame    0x00000000     0x10f4
 *(.debug_frame)
 .debug_frame   0x00000000       0x80 .\CortexM0\ARM_GCC_493\Debug\main.o
 .debug_frame   0x00000080       0xb0 .\CortexM0\ARM_GCC_493\Debug\Cm0Start.o
 .debug_frame   0x00000130       0x78 .\CortexM0\ARM_GCC_493\Debug\Interrupts_Example01.a(cyfitter_cfg.o)
 .debug_frame   0x000001a8       0x70 .\CortexM0\ARM_GCC_493\Debug\Interrupts_Example01.a(Pin_Sw.o)
 .debug_frame   0x00000218       0x70 .\CortexM0\ARM_GCC_493\Debug\Interrupts_Example01.a(LED_Isr.o)
 .debug_frame   0x00000288       0x70 .\CortexM0\ARM_GCC_493\Debug\Interrupts_Example01.a(LED_Nested.o)
 .debug_frame   0x000002f8      0x424 .\CortexM0\ARM_GCC_493\Debug\Interrupts_Example01.a(CyLib.o)
 .debug_frame   0x0000071c      0x400 .\CortexM0\ARM_GCC_493\Debug\Interrupts_Example01.a(CyLFClk.o)
 .debug_frame   0x00000b1c      0x110 .\CortexM0\ARM_GCC_493\Debug\Interrupts_Example01.a(ISRGPIO.o)
 .debug_frame   0x00000c2c      0x104 .\CortexM0\ARM_GCC_493\Debug\Interrupts_Example01.a(UART_1.o)
 .debug_frame   0x00000d30       0xb0 .\CortexM0\ARM_GCC_493\Debug\Interrupts_Example01.a(UART_1_SPI_UART.o)
 .debug_frame   0x00000de0      0x134 .\CortexM0\ARM_GCC_493\Debug\Interrupts_Example01.a(UART_1_UART.o)
 .debug_frame   0x00000f14      0x100 .\CortexM0\ARM_GCC_493\Debug\Interrupts_Example01.a(UART_1_SCB_IRQ.o)
 .debug_frame   0x00001014       0x2c .\CortexM0\ARM_GCC_493\Debug\Interrupts_Example01.a(UART_1_SPI_UART_INT.o)
 .debug_frame   0x00001040       0x20 d:/program files (x86)/cypress/psoc creator/3.3/psoc creator/import/gnu/arm/4.9.3/bin/../lib/gcc/arm-none-eabi/4.9.3/armv6-m\libgcc.a(_udivsi3.o)
 .debug_frame   0x00001060       0x20 d:/program files (x86)/cypress/psoc creator/3.3/psoc creator/import/gnu/arm/4.9.3/bin/../lib/gcc/arm-none-eabi/4.9.3/../../../../arm-none-eabi/lib/armv6-m\libg_nano.a(lib_a-errno.o)
 .debug_frame   0x00001080       0x28 d:/program files (x86)/cypress/psoc creator/3.3/psoc creator/import/gnu/arm/4.9.3/bin/../lib/gcc/arm-none-eabi/4.9.3/../../../../arm-none-eabi/lib/armv6-m\libg_nano.a(lib_a-exit.o)
 .debug_frame   0x000010a8       0x2c d:/program files (x86)/cypress/psoc creator/3.3/psoc creator/import/gnu/arm/4.9.3/bin/../lib/gcc/arm-none-eabi/4.9.3/../../../../arm-none-eabi/lib/armv6-m\libg_nano.a(lib_a-init.o)
 .debug_frame   0x000010d4       0x20 d:/program files (x86)/cypress/psoc creator/3.3/psoc creator/import/gnu/arm/4.9.3/bin/../lib/gcc/arm-none-eabi/4.9.3/../../../../arm-none-eabi/lib/armv6-m\libg_nano.a(lib_a-memset.o)

.debug_str      0x00000000     0x172f
 *(.debug_str)
 .debug_str     0x00000000      0x303 .\CortexM0\ARM_GCC_493\Debug\main.o
                                0x344 (size before relaxing)
 .debug_str     0x00000303       0x5b .\CortexM0\ARM_GCC_493\Debug\cymetadata.o
                                0x1fb (size before relaxing)
 .debug_str     0x0000035e      0x149 .\CortexM0\ARM_GCC_493\Debug\Cm0Start.o
                                0x322 (size before relaxing)
 .debug_str     0x000004a7       0xee .\CortexM0\ARM_GCC_493\Debug\Interrupts_Example01.a(cyfitter_cfg.o)
                                0x2bc (size before relaxing)
 .debug_str     0x00000595       0xa9 .\CortexM0\ARM_GCC_493\Debug\Interrupts_Example01.a(Pin_Sw.o)
                                0x26a (size before relaxing)
 .debug_str     0x0000063e       0x89 .\CortexM0\ARM_GCC_493\Debug\Interrupts_Example01.a(LED_Isr.o)
                                0x271 (size before relaxing)
 .debug_str     0x000006c7       0x9b .\CortexM0\ARM_GCC_493\Debug\Interrupts_Example01.a(LED_Nested.o)
                                0x286 (size before relaxing)
 .debug_str     0x00000762      0x4bd .\CortexM0\ARM_GCC_493\Debug\Interrupts_Example01.a(CyLib.o)
                                0x715 (size before relaxing)
 .debug_str     0x00000c1f      0x50c .\CortexM0\ARM_GCC_493\Debug\Interrupts_Example01.a(CyLFClk.o)
                                0x74b (size before relaxing)
 .debug_str     0x0000112b       0xda .\CortexM0\ARM_GCC_493\Debug\Interrupts_Example01.a(ISRGPIO.o)
                                0x327 (size before relaxing)
 .debug_str     0x00001205      0x155 .\CortexM0\ARM_GCC_493\Debug\Interrupts_Example01.a(UART_1.o)
                                0x33a (size before relaxing)
 .debug_str     0x0000135a       0xfc .\CortexM0\ARM_GCC_493\Debug\Interrupts_Example01.a(UART_1_SPI_UART.o)
                                0x303 (size before relaxing)
 .debug_str     0x00001456      0x15e .\CortexM0\ARM_GCC_493\Debug\Interrupts_Example01.a(UART_1_UART.o)
                                0x3fc (size before relaxing)
 .debug_str     0x000015b4      0x138 .\CortexM0\ARM_GCC_493\Debug\Interrupts_Example01.a(UART_1_SCB_IRQ.o)
                                0x370 (size before relaxing)
 .debug_str     0x000016ec       0x43 .\CortexM0\ARM_GCC_493\Debug\Interrupts_Example01.a(UART_1_SPI_UART_INT.o)
                                0x203 (size before relaxing)

.debug_loc      0x00000000     0x15a7
 *(.debug_loc)
 .debug_loc     0x00000000       0x1f .\CortexM0\ARM_GCC_493\Debug\main.o
 .debug_loc     0x0000001f      0x14f .\CortexM0\ARM_GCC_493\Debug\Cm0Start.o
 .debug_loc     0x0000016e       0xa9 .\CortexM0\ARM_GCC_493\Debug\Interrupts_Example01.a(cyfitter_cfg.o)
 .debug_loc     0x00000217       0xa2 .\CortexM0\ARM_GCC_493\Debug\Interrupts_Example01.a(Pin_Sw.o)
 .debug_loc     0x000002b9       0xa2 .\CortexM0\ARM_GCC_493\Debug\Interrupts_Example01.a(LED_Isr.o)
 .debug_loc     0x0000035b       0xa2 .\CortexM0\ARM_GCC_493\Debug\Interrupts_Example01.a(LED_Nested.o)
 .debug_loc     0x000003fd      0x53e .\CortexM0\ARM_GCC_493\Debug\Interrupts_Example01.a(CyLib.o)
 .debug_loc     0x0000093b      0x8a2 .\CortexM0\ARM_GCC_493\Debug\Interrupts_Example01.a(CyLFClk.o)
 .debug_loc     0x000011dd       0x82 .\CortexM0\ARM_GCC_493\Debug\Interrupts_Example01.a(ISRGPIO.o)
 .debug_loc     0x0000125f       0x7e .\CortexM0\ARM_GCC_493\Debug\Interrupts_Example01.a(UART_1.o)
 .debug_loc     0x000012dd       0x96 .\CortexM0\ARM_GCC_493\Debug\Interrupts_Example01.a(UART_1_SPI_UART.o)
 .debug_loc     0x00001373      0x1b2 .\CortexM0\ARM_GCC_493\Debug\Interrupts_Example01.a(UART_1_UART.o)
 .debug_loc     0x00001525       0x82 .\CortexM0\ARM_GCC_493\Debug\Interrupts_Example01.a(UART_1_SCB_IRQ.o)

.debug_macinfo
 *(.debug_macinfo)

.debug_ranges   0x00000000      0x608
 *(.debug_ranges)
 .debug_ranges  0x00000000       0x28 .\CortexM0\ARM_GCC_493\Debug\main.o
 .debug_ranges  0x00000028       0x38 .\CortexM0\ARM_GCC_493\Debug\Cm0Start.o
 .debug_ranges  0x00000060       0x28 .\CortexM0\ARM_GCC_493\Debug\Interrupts_Example01.a(cyfitter_cfg.o)
 .debug_ranges  0x00000088       0x38 .\CortexM0\ARM_GCC_493\Debug\Interrupts_Example01.a(Pin_Sw.o)
 .debug_ranges  0x000000c0       0x38 .\CortexM0\ARM_GCC_493\Debug\Interrupts_Example01.a(LED_Isr.o)
 .debug_ranges  0x000000f8       0x38 .\CortexM0\ARM_GCC_493\Debug\Interrupts_Example01.a(LED_Nested.o)
 .debug_ranges  0x00000130      0x190 .\CortexM0\ARM_GCC_493\Debug\Interrupts_Example01.a(CyLib.o)
 .debug_ranges  0x000002c0      0x140 .\CortexM0\ARM_GCC_493\Debug\Interrupts_Example01.a(CyLFClk.o)
 .debug_ranges  0x00000400       0x70 .\CortexM0\ARM_GCC_493\Debug\Interrupts_Example01.a(ISRGPIO.o)
 .debug_ranges  0x00000470       0x58 .\CortexM0\ARM_GCC_493\Debug\Interrupts_Example01.a(UART_1.o)
 .debug_ranges  0x000004c8       0x50 .\CortexM0\ARM_GCC_493\Debug\Interrupts_Example01.a(UART_1_SPI_UART.o)
 .debug_ranges  0x00000518       0x78 .\CortexM0\ARM_GCC_493\Debug\Interrupts_Example01.a(UART_1_UART.o)
 .debug_ranges  0x00000590       0x68 .\CortexM0\ARM_GCC_493\Debug\Interrupts_Example01.a(UART_1_SCB_IRQ.o)
 .debug_ranges  0x000005f8       0x10 .\CortexM0\ARM_GCC_493\Debug\Interrupts_Example01.a(UART_1_SPI_UART_INT.o)

.comment        0x00000000       0x70
 .comment       0x00000000       0x70 .\CortexM0\ARM_GCC_493\Debug\main.o
                                 0x71 (size before relaxing)
 .comment       0x00000000       0x71 .\CortexM0\ARM_GCC_493\Debug\cymetadata.o
 .comment       0x00000000       0x71 .\CortexM0\ARM_GCC_493\Debug\Cm0Start.o
 .comment       0x00000000       0x71 .\CortexM0\ARM_GCC_493\Debug\Interrupts_Example01.a(cyfitter_cfg.o)
 .comment       0x00000000       0x71 .\CortexM0\ARM_GCC_493\Debug\Interrupts_Example01.a(Pin_Sw.o)
 .comment       0x00000000       0x71 .\CortexM0\ARM_GCC_493\Debug\Interrupts_Example01.a(LED_Isr.o)
 .comment       0x00000000       0x71 .\CortexM0\ARM_GCC_493\Debug\Interrupts_Example01.a(LED_Nested.o)
 .comment       0x00000000       0x71 .\CortexM0\ARM_GCC_493\Debug\Interrupts_Example01.a(CyLib.o)
 .comment       0x00000000       0x71 .\CortexM0\ARM_GCC_493\Debug\Interrupts_Example01.a(CyLFClk.o)
 .comment       0x00000000       0x71 .\CortexM0\ARM_GCC_493\Debug\Interrupts_Example01.a(ISRGPIO.o)
 .comment       0x00000000       0x71 .\CortexM0\ARM_GCC_493\Debug\Interrupts_Example01.a(UART_1.o)
 .comment       0x00000000       0x71 .\CortexM0\ARM_GCC_493\Debug\Interrupts_Example01.a(UART_1_SPI_UART.o)
 .comment       0x00000000       0x71 .\CortexM0\ARM_GCC_493\Debug\Interrupts_Example01.a(UART_1_UART.o)
 .comment       0x00000000       0x71 .\CortexM0\ARM_GCC_493\Debug\Interrupts_Example01.a(UART_1_SCB_IRQ.o)
 .comment       0x00000000       0x71 .\CortexM0\ARM_GCC_493\Debug\Interrupts_Example01.a(UART_1_SPI_UART_INT.o)

.debug_weaknames
 *(.debug_weaknames)

.debug_funcnames
 *(.debug_funcnames)

.debug_typenames
 *(.debug_typenames)

.debug_varnames
 *(.debug_varnames)

.note.gnu.arm.ident
 *(.note.gnu.arm.ident)

.ARM.attributes
                0x00000000       0x28
 *(.ARM.attributes)
 .ARM.attributes
                0x00000000       0x1e d:/program files (x86)/cypress/psoc creator/3.3/psoc creator/import/gnu/arm/4.9.3/bin/../lib/gcc/arm-none-eabi/4.9.3/armv6-m/crti.o
 .ARM.attributes
                0x0000001e       0x2c d:/program files (x86)/cypress/psoc creator/3.3/psoc creator/import/gnu/arm/4.9.3/bin/../lib/gcc/arm-none-eabi/4.9.3/armv6-m/crtbegin.o
 .ARM.attributes
                0x0000004a       0x1b d:/program files (x86)/cypress/psoc creator/3.3/psoc creator/import/gnu/arm/4.9.3/bin/../lib/gcc/arm-none-eabi/4.9.3/../../../../arm-none-eabi/lib/armv6-m/crt0.o
 .ARM.attributes
                0x00000065       0x31 .\CortexM0\ARM_GCC_493\Debug\main.o
 .ARM.attributes
                0x00000096       0x31 .\CortexM0\ARM_GCC_493\Debug\cymetadata.o
 .ARM.attributes
                0x000000c7       0x31 .\CortexM0\ARM_GCC_493\Debug\Cm0Start.o
 .ARM.attributes
                0x000000f8       0x31 .\CortexM0\ARM_GCC_493\Debug\Interrupts_Example01.a(cyfitter_cfg.o)
 .ARM.attributes
                0x00000129       0x31 .\CortexM0\ARM_GCC_493\Debug\Interrupts_Example01.a(Pin_Sw.o)
 .ARM.attributes
                0x0000015a       0x31 .\CortexM0\ARM_GCC_493\Debug\Interrupts_Example01.a(LED_Isr.o)
 .ARM.attributes
                0x0000018b       0x31 .\CortexM0\ARM_GCC_493\Debug\Interrupts_Example01.a(LED_Nested.o)
 .ARM.attributes
                0x000001bc       0x21 .\CortexM0\ARM_GCC_493\Debug\Interrupts_Example01.a(CyBootAsmGnu.o)
 .ARM.attributes
                0x000001dd       0x31 .\CortexM0\ARM_GCC_493\Debug\Interrupts_Example01.a(CyLib.o)
 .ARM.attributes
                0x0000020e       0x31 .\CortexM0\ARM_GCC_493\Debug\Interrupts_Example01.a(CyLFClk.o)
 .ARM.attributes
                0x0000023f       0x31 .\CortexM0\ARM_GCC_493\Debug\Interrupts_Example01.a(ISRGPIO.o)
 .ARM.attributes
                0x00000270       0x31 .\CortexM0\ARM_GCC_493\Debug\Interrupts_Example01.a(UART_1.o)
 .ARM.attributes
                0x000002a1       0x31 .\CortexM0\ARM_GCC_493\Debug\Interrupts_Example01.a(UART_1_SPI_UART.o)
 .ARM.attributes
                0x000002d2       0x31 .\CortexM0\ARM_GCC_493\Debug\Interrupts_Example01.a(UART_1_UART.o)
 .ARM.attributes
                0x00000303       0x31 .\CortexM0\ARM_GCC_493\Debug\Interrupts_Example01.a(UART_1_SCB_IRQ.o)
 .ARM.attributes
                0x00000334       0x31 .\CortexM0\ARM_GCC_493\Debug\Interrupts_Example01.a(UART_1_SPI_UART_INT.o)
 .ARM.attributes
                0x00000365       0x1e d:/program files (x86)/cypress/psoc creator/3.3/psoc creator/import/gnu/arm/4.9.3/bin/../lib/gcc/arm-none-eabi/4.9.3/armv6-m\libgcc.a(_udivsi3.o)
 .ARM.attributes
                0x00000383       0x1e d:/program files (x86)/cypress/psoc creator/3.3/psoc creator/import/gnu/arm/4.9.3/bin/../lib/gcc/arm-none-eabi/4.9.3/armv6-m\libgcc.a(_dvmd_tls.o)
 .ARM.attributes
                0x000003a1       0x2c d:/program files (x86)/cypress/psoc creator/3.3/psoc creator/import/gnu/arm/4.9.3/bin/../lib/gcc/arm-none-eabi/4.9.3/../../../../arm-none-eabi/lib/armv6-m\libg_nano.a(lib_a-errno.o)
 .ARM.attributes
                0x000003cd       0x2c d:/program files (x86)/cypress/psoc creator/3.3/psoc creator/import/gnu/arm/4.9.3/bin/../lib/gcc/arm-none-eabi/4.9.3/../../../../arm-none-eabi/lib/armv6-m\libg_nano.a(lib_a-exit.o)
 .ARM.attributes
                0x000003f9       0x2c d:/program files (x86)/cypress/psoc creator/3.3/psoc creator/import/gnu/arm/4.9.3/bin/../lib/gcc/arm-none-eabi/4.9.3/../../../../arm-none-eabi/lib/armv6-m\libg_nano.a(lib_a-impure.o)
 .ARM.attributes
                0x00000425       0x2c d:/program files (x86)/cypress/psoc creator/3.3/psoc creator/import/gnu/arm/4.9.3/bin/../lib/gcc/arm-none-eabi/4.9.3/../../../../arm-none-eabi/lib/armv6-m\libg_nano.a(lib_a-init.o)
 .ARM.attributes
                0x00000451       0x2c d:/program files (x86)/cypress/psoc creator/3.3/psoc creator/import/gnu/arm/4.9.3/bin/../lib/gcc/arm-none-eabi/4.9.3/../../../../arm-none-eabi/lib/armv6-m\libg_nano.a(lib_a-memset.o)
 .ARM.attributes
                0x0000047d       0x2c d:/program files (x86)/cypress/psoc creator/3.3/psoc creator/import/gnu/arm/4.9.3/bin/../lib/gcc/arm-none-eabi/4.9.3/armv6-m/crtend.o
 .ARM.attributes
                0x000004a9       0x1e d:/program files (x86)/cypress/psoc creator/3.3/psoc creator/import/gnu/arm/4.9.3/bin/../lib/gcc/arm-none-eabi/4.9.3/armv6-m/crtn.o

/DISCARD/
 *(.note.GNU-stack)
OUTPUT(.\CortexM0\ARM_GCC_493\Debug\Interrupts_Example01.elf elf32-littlearm)
